[0.010s] Invoking command in '/home/kmra/ros2/easy_bot/ros_ws/build/easy_bot_hardware': CMAKE_PREFIX_PATH=${CMAKE_PREFIX_PATH}:/opt/ros/humble /usr/bin/cmake /home/kmra/ros2/easy_bot/ros_ws/src/easy_bot_hardware -DCMAKE_BUILD_TYPE=RelWithDebInfo -DCMAKE_EXPORT_COMPILE_COMMANDS=ON -DAMENT_CMAKE_SYMLINK_INSTALL=1 -DCMAKE_INSTALL_PREFIX=/home/kmra/ros2/easy_bot/ros_ws/install/easy_bot_hardware
[0.198s] -- The C compiler identification is GNU 11.4.0
[0.258s] -- The CXX compiler identification is GNU 11.4.0
[0.274s] -- Detecting C compiler ABI info
[0.348s] -- Detecting C compiler ABI info - done
[0.353s] -- Check for working C compiler: /usr/bin/cc - skipped
[0.354s] -- Detecting C compile features
[0.355s] -- Detecting C compile features - done
[0.358s] -- Detecting CXX compiler ABI info
[0.430s] -- Detecting CXX compiler ABI info - done
[0.437s] -- Check for working CXX compiler: /usr/bin/c++ - skipped
[0.438s] -- Detecting CXX compile features
[0.438s] -- Detecting CXX compile features - done
[0.446s] -- Found ament_cmake: 1.3.14 (/opt/ros/humble/share/ament_cmake/cmake)
[0.578s] -- Found Python3: /usr/bin/python3 (found version "3.10.12") found components: Interpreter 
[0.637s] -- Override CMake install command with custom implementation using symlinks instead of copying resources
[0.681s] -- Found hardware_interface: 2.53.1 (/opt/ros/humble/share/hardware_interface/cmake)
[0.727s] -- Found rosidl_generator_c: 3.1.8 (/opt/ros/humble/share/rosidl_generator_c/cmake)
[0.734s] -- Found rosidl_adapter: 3.1.8 (/opt/ros/humble/share/rosidl_adapter/cmake)
[0.746s] -- Found rosidl_generator_cpp: 3.1.8 (/opt/ros/humble/share/rosidl_generator_cpp/cmake)
[0.763s] -- Using all available rosidl_typesupport_c: rosidl_typesupport_fastrtps_c;rosidl_typesupport_introspection_c
[0.781s] -- Using all available rosidl_typesupport_cpp: rosidl_typesupport_fastrtps_cpp;rosidl_typesupport_introspection_cpp
[1.007s] -- Found rmw_implementation_cmake: 6.1.2 (/opt/ros/humble/share/rmw_implementation_cmake/cmake)
[1.011s] -- Found rmw_fastrtps_cpp: 6.2.10 (/opt/ros/humble/share/rmw_fastrtps_cpp/cmake)
[1.050s] -- Found TinyXML2 via Config file: TinyXML2_DIR-NOTFOUND
[1.104s] -- Found OpenSSL: /usr/lib/x86_64-linux-gnu/libcrypto.so (found version "3.0.2")  
[1.109s] -- Found TinyXML2 via Config file: TinyXML2_DIR-NOTFOUND
[1.120s] -- Found FastRTPS: /opt/ros/humble/include  
[1.123s] -- Found TinyXML2 via Config file: TinyXML2_DIR-NOTFOUND
[1.131s] -- Found TinyXML2 via Config file: TinyXML2_DIR-NOTFOUND
[1.139s] -- Using RMW implementation 'rmw_fastrtps_cpp' as default
[1.150s] -- Looking for pthread.h
[1.259s] -- Looking for pthread.h - found
[1.259s] -- Performing Test CMAKE_HAVE_LIBC_PTHREAD
[1.331s] -- Performing Test CMAKE_HAVE_LIBC_PTHREAD - Success
[1.332s] -- Found Threads: TRUE  
[1.387s] [31mCMake Error at /opt/ros/humble/share/pluginlib/cmake/pluginlib_export_plugin_description_file.cmake:84 (message):
[1.387s]   Given plugin description file
[1.387s]   '/home/kmra/ros2/easy_bot/ros_ws/src/easy_bot_hardware/easy_bot_hardware.xml'
[1.388s]   does not exist
[1.388s] Call Stack (most recent call first):
[1.388s]   CMakeLists.txt:34 (pluginlib_export_plugin_description_file)
[1.388s] 
[1.388s] [0m
[1.388s] -- Configuring incomplete, errors occurred!
[1.388s] See also "/home/kmra/ros2/easy_bot/ros_ws/build/easy_bot_hardware/CMakeFiles/CMakeOutput.log".
[1.397s] Invoked command in '/home/kmra/ros2/easy_bot/ros_ws/build/easy_bot_hardware' returned '1': CMAKE_PREFIX_PATH=${CMAKE_PREFIX_PATH}:/opt/ros/humble /usr/bin/cmake /home/kmra/ros2/easy_bot/ros_ws/src/easy_bot_hardware -DCMAKE_BUILD_TYPE=RelWithDebInfo -DCMAKE_EXPORT_COMPILE_COMMANDS=ON -DAMENT_CMAKE_SYMLINK_INSTALL=1 -DCMAKE_INSTALL_PREFIX=/home/kmra/ros2/easy_bot/ros_ws/install/easy_bot_hardware
