[35m[1mConsolidate compiler generated dependencies of target easy_bot_hardware[0m
[ 50%] [32mBuilding CXX object CMakeFiles/easy_bot_hardware.dir/hardware/easy_bot.cpp.o[0m
In file included from [01m[K/opt/ros/humble/include/rclcpp/rclcpp/client.hpp:40[m[K,
                 from [01m[K/opt/ros/humble/include/rclcpp/rclcpp/callback_group.hpp:24[m[K,
                 from [01m[K/opt/ros/humble/include/rclcpp/rclcpp/any_executable.hpp:20[m[K,
                 from [01m[K/opt/ros/humble/include/rclcpp/rclcpp/memory_strategy.hpp:25[m[K,
                 from [01m[K/opt/ros/humble/include/rclcpp/rclcpp/memory_strategies.hpp:18[m[K,
                 from [01m[K/opt/ros/humble/include/rclcpp/rclcpp/executor_options.hpp:20[m[K,
                 from [01m[K/opt/ros/humble/include/rclcpp/rclcpp/executor.hpp:37[m[K,
                 from [01m[K/opt/ros/humble/include/rclcpp/rclcpp/executors/multi_threaded_executor.hpp:25[m[K,
                 from [01m[K/opt/ros/humble/include/rclcpp/rclcpp/executors.hpp:21[m[K,
                 from [01m[K/opt/ros/humble/include/rclcpp/rclcpp/rclcpp.hpp:155[m[K,
                 from [01m[K/home/kmra/ros2/easy_bot/ros_ws/src/easy_bot/hardware/include/easy_bot.hpp:12[m[K,
                 from [01m[K/home/kmra/ros2/easy_bot/ros_ws/src/easy_bot/hardware/easy_bot.cpp:1[m[K:
[01m[K/home/kmra/ros2/easy_bot/ros_ws/src/easy_bot/hardware/easy_bot.cpp:[m[K In member function ‘[01m[Kvirtual hardware_interface::return_type easy_bot::EasyBotHardware::write(const rclcpp::Time&, const rclcpp::Duration&)[m[K’:
[01m[K/home/kmra/ros2/easy_bot/ros_ws/src/easy_bot/hardware/easy_bot.cpp:174:22:[m[K [01;31m[Kerror: [m[K‘[01m[Kclass rclcpp::Clock[m[K’ has no member named ‘[01m[Kget_clock[m[K’
  174 |     *rclcpp::Clock().[01;31m[Kget_clock[m[K(),
      |                      [01;31m[K^~~~~~~~~[m[K
[01m[K/home/kmra/ros2/easy_bot/ros_ws/src/easy_bot/hardware/easy_bot.cpp:[m[K In lambda function:
[01m[K/home/kmra/ros2/easy_bot/ros_ws/src/easy_bot/hardware/easy_bot.cpp:172:3:[m[K [01;31m[Kerror: [m[K‘[01m[Kc[m[K’ was not declared in this scope
  172 |   [01;31m[KRCLCPP_INFO_THROTTLE[m[K(
      |   [01;31m[K^~~~~~~~~~~~~~~~~~~~[m[K
gmake[2]: *** [CMakeFiles/easy_bot_hardware.dir/build.make:76：CMakeFiles/easy_bot_hardware.dir/hardware/easy_bot.cpp.o] 错误 1
gmake[1]: *** [CMakeFiles/Makefile2:137：CMakeFiles/easy_bot_hardware.dir/all] 错误 2
gmake: *** [Makefile:146：all] 错误 2
