[0.010s] Invoking command in '/home/kmra/ros2/easy_bot/ros_ws/build/easy_bot': CMAKE_PREFIX_PATH=/opt/ros/humble /usr/bin/cmake --build /home/kmra/ros2/easy_bot/ros_ws/build/easy_bot -- -j4 -l4
[0.036s] -- Found ament_cmake: 1.3.14 (/opt/ros/humble/share/ament_cmake/cmake)
[0.135s] -- Found rclcpp: 16.0.19 (/opt/ros/humble/share/rclcpp/cmake)
[0.148s] -- Found rosidl_generator_c: 3.1.8 (/opt/ros/humble/share/rosidl_generator_c/cmake)
[0.149s] -- Found rosidl_adapter: 3.1.8 (/opt/ros/humble/share/rosidl_adapter/cmake)
[0.153s] -- Found rosidl_generator_cpp: 3.1.8 (/opt/ros/humble/share/rosidl_generator_cpp/cmake)
[0.159s] -- Using all available rosidl_typesupport_c: rosidl_typesupport_fastrtps_c;rosidl_typesupport_introspection_c
[0.166s] -- Using all available rosidl_typesupport_cpp: rosidl_typesupport_fastrtps_cpp;rosidl_typesupport_introspection_cpp
[0.186s] -- Found rmw_implementation_cmake: 6.1.2 (/opt/ros/humble/share/rmw_implementation_cmake/cmake)
[0.186s] -- Found rmw_fastrtps_cpp: 6.2.10 (/opt/ros/humble/share/rmw_fastrtps_cpp/cmake)
[0.261s] -- Using RMW implementation 'rmw_fastrtps_cpp' as default
[0.290s] -- Found rclcpp_lifecycle: 16.0.19 (/opt/ros/humble/share/rclcpp_lifecycle/cmake)
[0.299s] -- Found hardware_interface: 2.53.1 (/opt/ros/humble/share/hardware_interface/cmake)
[0.368s] -- Found controller_interface: 2.53.1 (/opt/ros/humble/share/controller_interface/cmake)
[0.369s] -- Found realtime_tools: 2.15.0 (/opt/ros/humble/share/realtime_tools/cmake)
[0.420s] -- Configuring done
[0.435s] -- Generating done
[0.438s] -- Build files have been written to: /home/kmra/ros2/easy_bot/ros_ws/build/easy_bot
[0.468s] [35m[1mConsolidate compiler generated dependencies of target easy_bot_hardware[0m
[0.475s] [ 25%] [32mBuilding CXX object CMakeFiles/easy_bot_controller.dir/controller/easy_bot_controller.cpp.o[0m
[0.482s] [ 75%] Built target easy_bot_hardware
[0.692s] In file included from [01m[K/home/kmra/ros2/easy_bot/ros_ws/src/easy_bot/controller/easy_bot_controller.cpp:1[m[K:
[0.692s] [01m[K/home/kmra/ros2/easy_bot/ros_ws/src/easy_bot/controller/include/easy_bot_controller.hpp:9:10:[m[K [01;31m[Kfatal error: [m[Krealtime_tools/realtime_buffer.hpp: 没有那个文件或目录
[0.692s]     9 | #include [01;31m[K"realtime_tools/realtime_buffer.hpp"[m[K
[0.692s]       |          [01;31m[K^~~~~~~~~~~~~~~~~~~~~~~~~~~~~~~~~~~~[m[K
[0.692s] compilation terminated.
[0.695s] gmake[2]: *** [CMakeFiles/easy_bot_controller.dir/build.make:76：CMakeFiles/easy_bot_controller.dir/controller/easy_bot_controller.cpp.o] 错误 1
[0.695s] gmake[1]: *** [CMakeFiles/Makefile2:165：CMakeFiles/easy_bot_controller.dir/all] 错误 2
[0.696s] gmake: *** [Makefile:146：all] 错误 2
[0.698s] Invoked command in '/home/kmra/ros2/easy_bot/ros_ws/build/easy_bot' returned '2': CMAKE_PREFIX_PATH=/opt/ros/humble /usr/bin/cmake --build /home/kmra/ros2/easy_bot/ros_ws/build/easy_bot -- -j4 -l4
