-- Found ament_cmake: 1.3.14 (/opt/ros/humble/share/ament_cmake/cmake)
-- Found rclcpp: 16.0.19 (/opt/ros/humble/share/rclcpp/cmake)
-- Found rosidl_generator_c: 3.1.8 (/opt/ros/humble/share/rosidl_generator_c/cmake)
-- Found rosidl_adapter: 3.1.8 (/opt/ros/humble/share/rosidl_adapter/cmake)
-- Found rosidl_generator_cpp: 3.1.8 (/opt/ros/humble/share/rosidl_generator_cpp/cmake)
-- Using all available rosidl_typesupport_c: rosidl_typesupport_fastrtps_c;rosidl_typesupport_introspection_c
-- Using all available rosidl_typesupport_cpp: rosidl_typesupport_fastrtps_cpp;rosidl_typesupport_introspection_cpp
-- Found rmw_implementation_cmake: 6.1.2 (/opt/ros/humble/share/rmw_implementation_cmake/cmake)
-- Found rmw_fastrtps_cpp: 6.2.10 (/opt/ros/humble/share/rmw_fastrtps_cpp/cmake)
-- Using RMW implementation 'rmw_fastrtps_cpp' as default
-- Found rclcpp_lifecycle: 16.0.19 (/opt/ros/humble/share/rclcpp_lifecycle/cmake)
-- Found hardware_interface: 2.53.1 (/opt/ros/humble/share/hardware_interface/cmake)
-- Found controller_interface: 2.53.1 (/opt/ros/humble/share/controller_interface/cmake)
-- Found realtime_tools: 2.15.0 (/opt/ros/humble/share/realtime_tools/cmake)
-- Configuring done
-- Generating done
-- Build files have been written to: /home/kmra/ros2/easy_bot/ros_ws/build/easy_bot
[35m[1mConsolidate compiler generated dependencies of target easy_bot_hardware[0m
[ 25%] [32mBuilding CXX object CMakeFiles/easy_bot_controller.dir/controller/easy_bot_controller.cpp.o[0m
[ 50%] [32mBuilding CXX object CMakeFiles/easy_bot_hardware.dir/hardware/easy_bot.cpp.o[0m
[ 75%] [32m[1mLinking CXX shared library libeasy_bot_hardware.so[0m
[ 75%] Built target easy_bot_hardware
[100%] [32m[1mLinking CXX shared library libeasy_bot_controller.so[0m
[100%] Built target easy_bot_controller
-- Install configuration: ""
-- Up-to-date: /home/kmra/ros2/easy_bot/ros_ws/install/easy_bot/share/easy_bot/hardware_interface.xml
-- Installing: /home/kmra/ros2/easy_bot/ros_ws/install/easy_bot/share/easy_bot/controller_interface.xml
-- Up-to-date: /home/kmra/ros2/easy_bot/ros_ws/install/easy_bot/share/easy_bot/urdf
-- Up-to-date: /home/kmra/ros2/easy_bot/ros_ws/install/easy_bot/share/easy_bot/urdf/easy_bot.ros2_control.xacro
-- Up-to-date: /home/kmra/ros2/easy_bot/ros_ws/install/easy_bot/share/easy_bot/urdf/easy_bot_description.urdf.xacro
-- Up-to-date: /home/kmra/ros2/easy_bot/ros_ws/install/easy_bot/share/easy_bot/urdf/easy_bot.urdf.xacro
-- Up-to-date: /home/kmra/ros2/easy_bot/ros_ws/install/easy_bot/share/easy_bot/urdf/common_inertia.xacro
-- Up-to-date: /home/kmra/ros2/easy_bot/ros_ws/install/easy_bot/share/easy_bot/launch
-- Up-to-date: /home/kmra/ros2/easy_bot/ros_ws/install/easy_bot/share/easy_bot/launch/easy_bot_sim.launch.py
-- Up-to-date: /home/kmra/ros2/easy_bot/ros_ws/install/easy_bot/share/easy_bot/launch/rviz_show.launch.py
-- Up-to-date: /home/kmra/ros2/easy_bot/ros_ws/install/easy_bot/share/easy_bot/config
-- Up-to-date: /home/kmra/ros2/easy_bot/ros_ws/install/easy_bot/share/easy_bot/config/easy_bot_controller.yaml
-- Up-to-date: /home/kmra/ros2/easy_bot/ros_ws/install/easy_bot/share/easy_bot/config/rviz_config.rviz
-- Installing: /home/kmra/ros2/easy_bot/ros_ws/install/easy_bot/lib/libeasy_bot_hardware.so
-- Set runtime path of "/home/kmra/ros2/easy_bot/ros_ws/install/easy_bot/lib/libeasy_bot_hardware.so" to ""
-- Installing: /home/kmra/ros2/easy_bot/ros_ws/install/easy_bot/lib/libeasy_bot_controller.so
-- Set runtime path of "/home/kmra/ros2/easy_bot/ros_ws/install/easy_bot/lib/libeasy_bot_controller.so" to ""
-- Installing: /home/kmra/ros2/easy_bot/ros_ws/install/easy_bot/include/include
-- Installing: /home/kmra/ros2/easy_bot/ros_ws/install/easy_bot/include/include/easy_bot.hpp
-- Up-to-date: /home/kmra/ros2/easy_bot/ros_ws/install/easy_bot/include/include
-- Installing: /home/kmra/ros2/easy_bot/ros_ws/install/easy_bot/include/include/easy_bot_controller.hpp
-- Installing: /home/kmra/ros2/easy_bot/ros_ws/install/easy_bot/share/ament_index/resource_index/package_run_dependencies/easy_bot
-- Up-to-date: /home/kmra/ros2/easy_bot/ros_ws/install/easy_bot/share/ament_index/resource_index/parent_prefix_path/easy_bot
-- Up-to-date: /home/kmra/ros2/easy_bot/ros_ws/install/easy_bot/share/easy_bot/environment/ament_prefix_path.sh
-- Installing: /home/kmra/ros2/easy_bot/ros_ws/install/easy_bot/share/easy_bot/environment/ament_prefix_path.dsv
-- Up-to-date: /home/kmra/ros2/easy_bot/ros_ws/install/easy_bot/share/easy_bot/environment/path.sh
-- Installing: /home/kmra/ros2/easy_bot/ros_ws/install/easy_bot/share/easy_bot/environment/path.dsv
-- Up-to-date: /home/kmra/ros2/easy_bot/ros_ws/install/easy_bot/share/easy_bot/local_setup.bash
-- Up-to-date: /home/kmra/ros2/easy_bot/ros_ws/install/easy_bot/share/easy_bot/local_setup.sh
-- Up-to-date: /home/kmra/ros2/easy_bot/ros_ws/install/easy_bot/share/easy_bot/local_setup.zsh
-- Installing: /home/kmra/ros2/easy_bot/ros_ws/install/easy_bot/share/easy_bot/local_setup.dsv
-- Installing: /home/kmra/ros2/easy_bot/ros_ws/install/easy_bot/share/easy_bot/package.dsv
-- Up-to-date: /home/kmra/ros2/easy_bot/ros_ws/install/easy_bot/share/ament_index/resource_index/packages/easy_bot
-- Up-to-date: /home/kmra/ros2/easy_bot/ros_ws/install/easy_bot/share/ament_index/resource_index/hardware_interface__pluginlib__plugin/easy_bot
-- Installing: /home/kmra/ros2/easy_bot/ros_ws/install/easy_bot/share/ament_index/resource_index/controller_interface__pluginlib__plugin/easy_bot
-- Installing: /home/kmra/ros2/easy_bot/ros_ws/install/easy_bot/share/easy_bot/cmake/ament_cmake_export_dependencies-extras.cmake
-- Up-to-date: /home/kmra/ros2/easy_bot/ros_ws/install/easy_bot/share/easy_bot/cmake/easy_botConfig.cmake
-- Up-to-date: /home/kmra/ros2/easy_bot/ros_ws/install/easy_bot/share/easy_bot/cmake/easy_botConfig-version.cmake
-- Installing: /home/kmra/ros2/easy_bot/ros_ws/install/easy_bot/share/easy_bot/package.xml
