[0.011s] Invoking command in '/home/kmra/ros2/easy_bot/ros_ws/build/easy_bot': CMAKE_PREFIX_PATH=/opt/ros/humble /usr/bin/cmake --build /home/kmra/ros2/easy_bot/ros_ws/build/easy_bot -- -j4 -l4
[0.031s] -- Found ament_cmake: 1.3.14 (/opt/ros/humble/share/ament_cmake/cmake)
[0.121s] -- Found rclcpp: 16.0.19 (/opt/ros/humble/share/rclcpp/cmake)
[0.142s] -- Found rosidl_generator_c: 3.1.8 (/opt/ros/humble/share/rosidl_generator_c/cmake)
[0.143s] -- Found rosidl_adapter: 3.1.8 (/opt/ros/humble/share/rosidl_adapter/cmake)
[0.147s] -- Found rosidl_generator_cpp: 3.1.8 (/opt/ros/humble/share/rosidl_generator_cpp/cmake)
[0.153s] -- Using all available rosidl_typesupport_c: rosidl_typesupport_fastrtps_c;rosidl_typesupport_introspection_c
[0.160s] -- Using all available rosidl_typesupport_cpp: rosidl_typesupport_fastrtps_cpp;rosidl_typesupport_introspection_cpp
[0.178s] -- Found rmw_implementation_cmake: 6.1.2 (/opt/ros/humble/share/rmw_implementation_cmake/cmake)
[0.179s] -- Found rmw_fastrtps_cpp: 6.2.10 (/opt/ros/humble/share/rmw_fastrtps_cpp/cmake)
[0.251s] -- Using RMW implementation 'rmw_fastrtps_cpp' as default
[0.280s] -- Found rclcpp_lifecycle: 16.0.19 (/opt/ros/humble/share/rclcpp_lifecycle/cmake)
[0.289s] -- Found hardware_interface: 2.53.1 (/opt/ros/humble/share/hardware_interface/cmake)
[0.359s] -- Found controller_interface: 2.53.1 (/opt/ros/humble/share/controller_interface/cmake)
[0.359s] -- Found realtime_tools: 2.15.0 (/opt/ros/humble/share/realtime_tools/cmake)
[0.408s] -- Configuring done
[0.425s] -- Generating done
[0.430s] -- Build files have been written to: /home/kmra/ros2/easy_bot/ros_ws/build/easy_bot
[0.454s] [35m[1mConsolidate compiler generated dependencies of target easy_bot_hardware[0m
[0.462s] [ 25%] [32mBuilding CXX object CMakeFiles/easy_bot_controller.dir/controller/easy_bot_controller.cpp.o[0m
[0.469s] [ 50%] [32mBuilding CXX object CMakeFiles/easy_bot_hardware.dir/hardware/easy_bot.cpp.o[0m
[2.987s] [ 75%] [32m[1mLinking CXX shared library libeasy_bot_hardware.so[0m
[3.099s] [ 75%] Built target easy_bot_hardware
[6.289s] [100%] [32m[1mLinking CXX shared library libeasy_bot_controller.so[0m
[6.578s] [100%] Built target easy_bot_controller
[6.588s] Invoked command in '/home/kmra/ros2/easy_bot/ros_ws/build/easy_bot' returned '0': CMAKE_PREFIX_PATH=/opt/ros/humble /usr/bin/cmake --build /home/kmra/ros2/easy_bot/ros_ws/build/easy_bot -- -j4 -l4
[6.596s] Invoking command in '/home/kmra/ros2/easy_bot/ros_ws/build/easy_bot': CMAKE_PREFIX_PATH=/opt/ros/humble /usr/bin/cmake --install /home/kmra/ros2/easy_bot/ros_ws/build/easy_bot
[6.602s] -- Install configuration: ""
[6.602s] -- Up-to-date: /home/kmra/ros2/easy_bot/ros_ws/install/easy_bot/share/easy_bot/hardware_interface.xml
[6.602s] -- Installing: /home/kmra/ros2/easy_bot/ros_ws/install/easy_bot/share/easy_bot/controller_interface.xml
[6.602s] -- Up-to-date: /home/kmra/ros2/easy_bot/ros_ws/install/easy_bot/share/easy_bot/urdf
[6.602s] -- Up-to-date: /home/kmra/ros2/easy_bot/ros_ws/install/easy_bot/share/easy_bot/urdf/easy_bot.ros2_control.xacro
[6.603s] -- Up-to-date: /home/kmra/ros2/easy_bot/ros_ws/install/easy_bot/share/easy_bot/urdf/easy_bot_description.urdf.xacro
[6.603s] -- Up-to-date: /home/kmra/ros2/easy_bot/ros_ws/install/easy_bot/share/easy_bot/urdf/easy_bot.urdf.xacro
[6.603s] -- Up-to-date: /home/kmra/ros2/easy_bot/ros_ws/install/easy_bot/share/easy_bot/urdf/common_inertia.xacro
[6.603s] -- Up-to-date: /home/kmra/ros2/easy_bot/ros_ws/install/easy_bot/share/easy_bot/launch
[6.603s] -- Up-to-date: /home/kmra/ros2/easy_bot/ros_ws/install/easy_bot/share/easy_bot/launch/easy_bot_sim.launch.py
[6.603s] -- Up-to-date: /home/kmra/ros2/easy_bot/ros_ws/install/easy_bot/share/easy_bot/launch/rviz_show.launch.py
[6.603s] -- Up-to-date: /home/kmra/ros2/easy_bot/ros_ws/install/easy_bot/share/easy_bot/config
[6.603s] -- Up-to-date: /home/kmra/ros2/easy_bot/ros_ws/install/easy_bot/share/easy_bot/config/easy_bot_controller.yaml
[6.603s] -- Up-to-date: /home/kmra/ros2/easy_bot/ros_ws/install/easy_bot/share/easy_bot/config/rviz_config.rviz
[6.606s] -- Installing: /home/kmra/ros2/easy_bot/ros_ws/install/easy_bot/lib/libeasy_bot_hardware.so
[6.606s] -- Set runtime path of "/home/kmra/ros2/easy_bot/ros_ws/install/easy_bot/lib/libeasy_bot_hardware.so" to ""
[6.606s] -- Installing: /home/kmra/ros2/easy_bot/ros_ws/install/easy_bot/lib/libeasy_bot_controller.so
[6.614s] -- Set runtime path of "/home/kmra/ros2/easy_bot/ros_ws/install/easy_bot/lib/libeasy_bot_controller.so" to ""
[6.614s] -- Installing: /home/kmra/ros2/easy_bot/ros_ws/install/easy_bot/include/include
[6.614s] -- Installing: /home/kmra/ros2/easy_bot/ros_ws/install/easy_bot/include/include/easy_bot.hpp
[6.614s] -- Up-to-date: /home/kmra/ros2/easy_bot/ros_ws/install/easy_bot/include/include
[6.614s] -- Installing: /home/kmra/ros2/easy_bot/ros_ws/install/easy_bot/include/include/easy_bot_controller.hpp
[6.614s] -- Installing: /home/kmra/ros2/easy_bot/ros_ws/install/easy_bot/share/ament_index/resource_index/package_run_dependencies/easy_bot
[6.614s] -- Up-to-date: /home/kmra/ros2/easy_bot/ros_ws/install/easy_bot/share/ament_index/resource_index/parent_prefix_path/easy_bot
[6.614s] -- Up-to-date: /home/kmra/ros2/easy_bot/ros_ws/install/easy_bot/share/easy_bot/environment/ament_prefix_path.sh
[6.614s] -- Installing: /home/kmra/ros2/easy_bot/ros_ws/install/easy_bot/share/easy_bot/environment/ament_prefix_path.dsv
[6.614s] -- Up-to-date: /home/kmra/ros2/easy_bot/ros_ws/install/easy_bot/share/easy_bot/environment/path.sh
[6.614s] -- Installing: /home/kmra/ros2/easy_bot/ros_ws/install/easy_bot/share/easy_bot/environment/path.dsv
[6.614s] -- Up-to-date: /home/kmra/ros2/easy_bot/ros_ws/install/easy_bot/share/easy_bot/local_setup.bash
[6.614s] -- Up-to-date: /home/kmra/ros2/easy_bot/ros_ws/install/easy_bot/share/easy_bot/local_setup.sh
[6.614s] -- Up-to-date: /home/kmra/ros2/easy_bot/ros_ws/install/easy_bot/share/easy_bot/local_setup.zsh
[6.614s] -- Installing: /home/kmra/ros2/easy_bot/ros_ws/install/easy_bot/share/easy_bot/local_setup.dsv
[6.614s] -- Installing: /home/kmra/ros2/easy_bot/ros_ws/install/easy_bot/share/easy_bot/package.dsv
[6.615s] -- Up-to-date: /home/kmra/ros2/easy_bot/ros_ws/install/easy_bot/share/ament_index/resource_index/packages/easy_bot
[6.615s] -- Up-to-date: /home/kmra/ros2/easy_bot/ros_ws/install/easy_bot/share/ament_index/resource_index/hardware_interface__pluginlib__plugin/easy_bot
[6.615s] -- Installing: /home/kmra/ros2/easy_bot/ros_ws/install/easy_bot/share/ament_index/resource_index/controller_interface__pluginlib__plugin/easy_bot
[6.615s] -- Installing: /home/kmra/ros2/easy_bot/ros_ws/install/easy_bot/share/easy_bot/cmake/ament_cmake_export_dependencies-extras.cmake
[6.615s] -- Up-to-date: /home/kmra/ros2/easy_bot/ros_ws/install/easy_bot/share/easy_bot/cmake/easy_botConfig.cmake
[6.615s] -- Up-to-date: /home/kmra/ros2/easy_bot/ros_ws/install/easy_bot/share/easy_bot/cmake/easy_botConfig-version.cmake
[6.615s] -- Installing: /home/kmra/ros2/easy_bot/ros_ws/install/easy_bot/share/easy_bot/package.xml
[6.617s] Invoked command in '/home/kmra/ros2/easy_bot/ros_ws/build/easy_bot' returned '0': CMAKE_PREFIX_PATH=/opt/ros/humble /usr/bin/cmake --install /home/kmra/ros2/easy_bot/ros_ws/build/easy_bot
