[0.014s] Invoking command in '/home/kmra/ros2/easy_bot/ros_ws/build/easy_bot': CMAKE_PREFIX_PATH=/opt/ros/humble /usr/bin/cmake --build /home/kmra/ros2/easy_bot/ros_ws/build/easy_bot -- -j4 -l4
[0.041s] -- Found ament_cmake: 1.3.14 (/opt/ros/humble/share/ament_cmake/cmake)
[0.154s] -- Found rclcpp: 16.0.19 (/opt/ros/humble/share/rclcpp/cmake)
[0.183s] -- Found rosidl_generator_c: 3.1.8 (/opt/ros/humble/share/rosidl_generator_c/cmake)
[0.185s] -- Found rosidl_adapter: 3.1.8 (/opt/ros/humble/share/rosidl_adapter/cmake)
[0.192s] -- Found rosidl_generator_cpp: 3.1.8 (/opt/ros/humble/share/rosidl_generator_cpp/cmake)
[0.205s] -- Using all available rosidl_typesupport_c: rosidl_typesupport_fastrtps_c;rosidl_typesupport_introspection_c
[0.215s] -- Using all available rosidl_typesupport_cpp: rosidl_typesupport_fastrtps_cpp;rosidl_typesupport_introspection_cpp
[0.236s] -- Found rmw_implementation_cmake: 6.1.2 (/opt/ros/humble/share/rmw_implementation_cmake/cmake)
[0.237s] -- Found rmw_fastrtps_cpp: 6.2.10 (/opt/ros/humble/share/rmw_fastrtps_cpp/cmake)
[0.310s] -- Using RMW implementation 'rmw_fastrtps_cpp' as default
[0.340s] -- Found hardware_interface: 2.53.1 (/opt/ros/humble/share/hardware_interface/cmake)
[0.435s] -- Found controller_interface: 2.53.1 (/opt/ros/humble/share/controller_interface/cmake)
[0.440s] -- Found realtime_tools: 2.15.0 (/opt/ros/humble/share/realtime_tools/cmake)
[0.456s] -- Found ament_lint_auto: 0.12.15 (/opt/ros/humble/share/ament_lint_auto/cmake)
[0.504s] -- Added test 'cppcheck' to perform static code analysis on C / C++ code
[0.504s] -- Configured cppcheck include dirs: $<BUILD_INTERFACE:/home/kmra/ros2/easy_bot/ros_ws/src/easy_bot/hardware/include>;$<BUILD_INTERFACE:/home/kmra/ros2/easy_bot/ros_ws/src/easy_bot/controller/include>
[0.504s] -- Configured cppcheck exclude dirs and/or files: 
[0.505s] -- Added test 'flake8' to check Python code syntax and style conventions
[0.505s] -- Added test 'lint_cmake' to check CMake code style
[0.506s] -- Added test 'pep257' to check Python code against some of the docstring style conventions in PEP 257
[0.507s] -- Added test 'uncrustify' to check C / C++ code style
[0.507s] -- Configured uncrustify additional arguments: 
[0.508s] -- Added test 'xmllint' to check XML markup files
[0.513s] -- Configuring done
[0.527s] -- Generating done
[0.532s] -- Build files have been written to: /home/kmra/ros2/easy_bot/ros_ws/build/easy_bot
[0.557s] [35m[1mConsolidate compiler generated dependencies of target easy_bot_hardware[0m
[0.565s] [ 25%] [32mBuilding CXX object CMakeFiles/easy_bot_controller.dir/controller/easybot_controller.cpp.o[0m
[0.573s] [ 75%] Built target easy_bot_hardware
[0.788s] In file included from [01m[K/home/kmra/ros2/easy_bot/ros_ws/src/easy_bot/controller/include/easybot_controller.hpp:22[m[K,
[0.788s]                  from [01m[K/home/kmra/ros2/easy_bot/ros_ws/src/easy_bot/controller/easybot_controller.cpp:15[m[K:
[0.789s] [01m[K/home/kmra/ros2/easy_bot/ros_ws/src/easy_bot/controller/include/easybot_controller_base.hpp:26:10:[m[K [01;31m[Kfatal error: [m[Krealtime_tools/realtime_buffer.hpp: 没有那个文件或目录
[0.789s]    26 | #include [01;31m[K"realtime_tools/realtime_buffer.hpp"[m[K
[0.789s]       |          [01;31m[K^~~~~~~~~~~~~~~~~~~~~~~~~~~~~~~~~~~~[m[K
[0.789s] compilation terminated.
[0.792s] gmake[2]: *** [CMakeFiles/easy_bot_controller.dir/build.make:76：CMakeFiles/easy_bot_controller.dir/controller/easybot_controller.cpp.o] 错误 1
[0.792s] gmake[1]: *** [CMakeFiles/Makefile2:165：CMakeFiles/easy_bot_controller.dir/all] 错误 2
[0.792s] gmake: *** [Makefile:146：all] 错误 2
[0.794s] Invoked command in '/home/kmra/ros2/easy_bot/ros_ws/build/easy_bot' returned '2': CMAKE_PREFIX_PATH=/opt/ros/humble /usr/bin/cmake --build /home/kmra/ros2/easy_bot/ros_ws/build/easy_bot -- -j4 -l4
