[0.126s] DEBUG:colcon:Command line arguments: ['/usr/bin/colcon', 'build']
[0.126s] DEBUG:colcon:Parsed command line arguments: Namespace(log_base=None, log_level=None, verb_name='build', build_base='build', install_base='install', merge_install=False, symlink_install=False, test_result_base=None, continue_on_error=False, executor='parallel', parallel_workers=4, event_handlers=None, ignore_user_meta=False, metas=['./colcon.meta'], base_paths=['.'], packages_ignore=None, packages_ignore_regex=None, paths=None, packages_up_to=None, packages_up_to_regex=None, packages_above=None, packages_above_and_dependencies=None, packages_above_depth=None, packages_select_by_dep=None, packages_skip_by_dep=None, packages_skip_up_to=None, packages_select_build_failed=False, packages_skip_build_finished=False, packages_select_test_failures=False, packages_skip_test_passed=False, packages_select=None, packages_skip=None, packages_select_regex=None, packages_skip_regex=None, packages_start=None, packages_end=None, allow_overriding=[], cmake_args=None, cmake_target=None, cmake_target_skip_unavailable=False, cmake_clean_cache=False, cmake_clean_first=False, cmake_force_configure=False, ament_cmake_args=None, catkin_cmake_args=None, catkin_skip_building_tests=False, verb_parser=<colcon_defaults.argument_parser.defaults.DefaultArgumentsDecorator object at 0x77dc77b2bd60>, verb_extension=<colcon_core.verb.build.BuildVerb object at 0x77dc77b2b910>, main=<bound method BuildVerb.main of <colcon_core.verb.build.BuildVerb object at 0x77dc77b2b910>>)
[0.254s] Level 1:colcon.colcon_core.package_discovery:discover_packages(colcon_meta) check parameters
[0.254s] Level 1:colcon.colcon_core.package_discovery:discover_packages(recursive) check parameters
[0.254s] Level 1:colcon.colcon_core.package_discovery:discover_packages(ignore) check parameters
[0.254s] Level 1:colcon.colcon_core.package_discovery:discover_packages(path) check parameters
[0.254s] Level 1:colcon.colcon_core.package_discovery:discover_packages(colcon_meta) discover
[0.254s] Level 1:colcon.colcon_core.package_discovery:discover_packages(recursive) discover
[0.254s] INFO:colcon.colcon_core.package_discovery:Crawling recursively for packages in '/home/kmra/ros2/easy_bot/ros_ws'
[0.254s] Level 1:colcon.colcon_core.package_identification:_identify(.) by extensions ['ignore', 'ignore_ament_install']
[0.254s] Level 1:colcon.colcon_core.package_identification:_identify(.) by extension 'ignore'
[0.254s] Level 1:colcon.colcon_core.package_identification:_identify(.) by extension 'ignore_ament_install'
[0.254s] Level 1:colcon.colcon_core.package_identification:_identify(.) by extensions ['colcon_pkg']
[0.254s] Level 1:colcon.colcon_core.package_identification:_identify(.) by extension 'colcon_pkg'
[0.254s] Level 1:colcon.colcon_core.package_identification:_identify(.) by extensions ['colcon_meta']
[0.254s] Level 1:colcon.colcon_core.package_identification:_identify(.) by extension 'colcon_meta'
[0.254s] Level 1:colcon.colcon_core.package_identification:_identify(.) by extensions ['ros']
[0.254s] Level 1:colcon.colcon_core.package_identification:_identify(.) by extension 'ros'
[0.264s] Level 1:colcon.colcon_core.package_identification:_identify(.) by extensions ['cmake', 'python']
[0.264s] Level 1:colcon.colcon_core.package_identification:_identify(.) by extension 'cmake'
[0.264s] Level 1:colcon.colcon_core.package_identification:_identify(.) by extension 'python'
[0.264s] Level 1:colcon.colcon_core.package_identification:_identify(.) by extensions ['python_setup_py']
[0.264s] Level 1:colcon.colcon_core.package_identification:_identify(.) by extension 'python_setup_py'
[0.264s] Level 1:colcon.colcon_core.package_identification:_identify(build) by extensions ['ignore', 'ignore_ament_install']
[0.264s] Level 1:colcon.colcon_core.package_identification:_identify(build) by extension 'ignore'
[0.264s] Level 1:colcon.colcon_core.package_identification:_identify(build) ignored
[0.264s] Level 1:colcon.colcon_core.package_identification:_identify(install) by extensions ['ignore', 'ignore_ament_install']
[0.264s] Level 1:colcon.colcon_core.package_identification:_identify(install) by extension 'ignore'
[0.264s] Level 1:colcon.colcon_core.package_identification:_identify(install) ignored
[0.265s] Level 1:colcon.colcon_core.package_identification:_identify(log) by extensions ['ignore', 'ignore_ament_install']
[0.265s] Level 1:colcon.colcon_core.package_identification:_identify(log) by extension 'ignore'
[0.265s] Level 1:colcon.colcon_core.package_identification:_identify(log) ignored
[0.265s] Level 1:colcon.colcon_core.package_identification:_identify(src) by extensions ['ignore', 'ignore_ament_install']
[0.265s] Level 1:colcon.colcon_core.package_identification:_identify(src) by extension 'ignore'
[0.265s] Level 1:colcon.colcon_core.package_identification:_identify(src) by extension 'ignore_ament_install'
[0.265s] Level 1:colcon.colcon_core.package_identification:_identify(src) by extensions ['colcon_pkg']
[0.265s] Level 1:colcon.colcon_core.package_identification:_identify(src) by extension 'colcon_pkg'
[0.265s] Level 1:colcon.colcon_core.package_identification:_identify(src) by extensions ['colcon_meta']
[0.265s] Level 1:colcon.colcon_core.package_identification:_identify(src) by extension 'colcon_meta'
[0.265s] Level 1:colcon.colcon_core.package_identification:_identify(src) by extensions ['ros']
[0.265s] Level 1:colcon.colcon_core.package_identification:_identify(src) by extension 'ros'
[0.265s] Level 1:colcon.colcon_core.package_identification:_identify(src) by extensions ['cmake', 'python']
[0.265s] Level 1:colcon.colcon_core.package_identification:_identify(src) by extension 'cmake'
[0.265s] Level 1:colcon.colcon_core.package_identification:_identify(src) by extension 'python'
[0.265s] Level 1:colcon.colcon_core.package_identification:_identify(src) by extensions ['python_setup_py']
[0.265s] Level 1:colcon.colcon_core.package_identification:_identify(src) by extension 'python_setup_py'
[0.265s] Level 1:colcon.colcon_core.package_identification:_identify(src/easy_bot) by extensions ['ignore', 'ignore_ament_install']
[0.265s] Level 1:colcon.colcon_core.package_identification:_identify(src/easy_bot) by extension 'ignore'
[0.265s] Level 1:colcon.colcon_core.package_identification:_identify(src/easy_bot) by extension 'ignore_ament_install'
[0.265s] Level 1:colcon.colcon_core.package_identification:_identify(src/easy_bot) by extensions ['colcon_pkg']
[0.265s] Level 1:colcon.colcon_core.package_identification:_identify(src/easy_bot) by extension 'colcon_pkg'
[0.265s] Level 1:colcon.colcon_core.package_identification:_identify(src/easy_bot) by extensions ['colcon_meta']
[0.265s] Level 1:colcon.colcon_core.package_identification:_identify(src/easy_bot) by extension 'colcon_meta'
[0.265s] Level 1:colcon.colcon_core.package_identification:_identify(src/easy_bot) by extensions ['ros']
[0.265s] Level 1:colcon.colcon_core.package_identification:_identify(src/easy_bot) by extension 'ros'
[0.267s] DEBUG:colcon.colcon_core.package_identification:Package 'src/easy_bot' with type 'ros.ament_cmake' and name 'easy_bot'
[0.267s] Level 1:colcon.colcon_core.package_discovery:discover_packages(recursive) using defaults
[0.267s] Level 1:colcon.colcon_core.package_discovery:discover_packages(ignore) discover
[0.267s] Level 1:colcon.colcon_core.package_discovery:discover_packages(ignore) using defaults
[0.267s] Level 1:colcon.colcon_core.package_discovery:discover_packages(path) discover
[0.267s] Level 1:colcon.colcon_core.package_discovery:discover_packages(path) using defaults
[0.285s] Level 1:colcon.colcon_core.package_discovery:discover_packages(prefix_path) check parameters
[0.285s] Level 1:colcon.colcon_core.package_discovery:discover_packages(prefix_path) discover
[0.288s] DEBUG:colcon.colcon_installed_package_information.package_discovery:Found 326 installed packages in /opt/ros/humble
[0.300s] Level 1:colcon.colcon_core.package_discovery:discover_packages(prefix_path) using defaults
[0.328s] Level 5:colcon.colcon_core.verb:set package 'easy_bot' build argument 'cmake_args' from command line to 'None'
[0.328s] Level 5:colcon.colcon_core.verb:set package 'easy_bot' build argument 'cmake_target' from command line to 'None'
[0.328s] Level 5:colcon.colcon_core.verb:set package 'easy_bot' build argument 'cmake_target_skip_unavailable' from command line to 'False'
[0.328s] Level 5:colcon.colcon_core.verb:set package 'easy_bot' build argument 'cmake_clean_cache' from command line to 'False'
[0.328s] Level 5:colcon.colcon_core.verb:set package 'easy_bot' build argument 'cmake_clean_first' from command line to 'False'
[0.328s] Level 5:colcon.colcon_core.verb:set package 'easy_bot' build argument 'cmake_force_configure' from command line to 'False'
[0.328s] Level 5:colcon.colcon_core.verb:set package 'easy_bot' build argument 'ament_cmake_args' from command line to 'None'
[0.328s] Level 5:colcon.colcon_core.verb:set package 'easy_bot' build argument 'catkin_cmake_args' from command line to 'None'
[0.328s] Level 5:colcon.colcon_core.verb:set package 'easy_bot' build argument 'catkin_skip_building_tests' from command line to 'False'
[0.328s] DEBUG:colcon.colcon_core.verb:Building package 'easy_bot' with the following arguments: {'ament_cmake_args': None, 'build_base': '/home/kmra/ros2/easy_bot/ros_ws/build/easy_bot', 'catkin_cmake_args': None, 'catkin_skip_building_tests': False, 'cmake_args': None, 'cmake_clean_cache': False, 'cmake_clean_first': False, 'cmake_force_configure': False, 'cmake_target': None, 'cmake_target_skip_unavailable': False, 'install_base': '/home/kmra/ros2/easy_bot/ros_ws/install/easy_bot', 'merge_install': False, 'path': '/home/kmra/ros2/easy_bot/ros_ws/src/easy_bot', 'symlink_install': False, 'test_result_base': None}
[0.329s] INFO:colcon.colcon_core.executor:Executing jobs using 'parallel' executor
[0.330s] DEBUG:colcon.colcon_parallel_executor.executor.parallel:run_until_complete
[0.330s] INFO:colcon.colcon_ros.task.ament_cmake.build:Building ROS package in '/home/kmra/ros2/easy_bot/ros_ws/src/easy_bot' with build type 'ament_cmake'
[0.331s] INFO:colcon.colcon_cmake.task.cmake.build:Building CMake package in '/home/kmra/ros2/easy_bot/ros_ws/src/easy_bot'
[0.333s] INFO:colcon.colcon_core.plugin_system:Skipping extension 'colcon_core.shell.bat': Not used on non-Windows systems
[0.334s] INFO:colcon.colcon_core.shell:Skip shell extension 'powershell' for command environment: Not usable outside of PowerShell
[0.334s] DEBUG:colcon.colcon_core.shell:Skip shell extension 'dsv' for command environment
[0.343s] DEBUG:colcon.colcon_core.event_handler.log_command:Invoking command in '/home/kmra/ros2/easy_bot/ros_ws/build/easy_bot': CMAKE_PREFIX_PATH=/opt/ros/humble /usr/bin/cmake --build /home/kmra/ros2/easy_bot/ros_ws/build/easy_bot -- -j4 -l4
[2.744s] DEBUG:colcon.colcon_core.event_handler.log_command:Invoked command in '/home/kmra/ros2/easy_bot/ros_ws/build/easy_bot' returned '2': CMAKE_PREFIX_PATH=/opt/ros/humble /usr/bin/cmake --build /home/kmra/ros2/easy_bot/ros_ws/build/easy_bot -- -j4 -l4
[2.745s] Level 1:colcon.colcon_core.environment:create_environment_scripts_only(easy_bot)
[2.747s] Level 1:colcon.colcon_core.environment:checking '/home/kmra/ros2/easy_bot/ros_ws/install/easy_bot' for CMake module files
[2.747s] Level 1:colcon.colcon_core.environment:checking '/home/kmra/ros2/easy_bot/ros_ws/install/easy_bot' for CMake config files
[2.747s] Level 1:colcon.colcon_core.shell:create_environment_hook('easy_bot', 'cmake_prefix_path')
[2.748s] INFO:colcon.colcon_core.shell:Creating environment hook '/home/kmra/ros2/easy_bot/ros_ws/install/easy_bot/share/easy_bot/hook/cmake_prefix_path.ps1'
[2.748s] INFO:colcon.colcon_core.shell:Creating environment descriptor '/home/kmra/ros2/easy_bot/ros_ws/install/easy_bot/share/easy_bot/hook/cmake_prefix_path.dsv'
[2.749s] INFO:colcon.colcon_core.shell:Creating environment hook '/home/kmra/ros2/easy_bot/ros_ws/install/easy_bot/share/easy_bot/hook/cmake_prefix_path.sh'
[2.749s] Level 1:colcon.colcon_core.environment:checking '/home/kmra/ros2/easy_bot/ros_ws/install/easy_bot/bin'
[2.749s] Level 1:colcon.colcon_core.environment:checking '/home/kmra/ros2/easy_bot/ros_ws/install/easy_bot/lib/pkgconfig/easy_bot.pc'
[2.750s] Level 1:colcon.colcon_core.environment:checking '/home/kmra/ros2/easy_bot/ros_ws/install/easy_bot/lib/python3.10/site-packages'
[2.750s] Level 1:colcon.colcon_core.environment:checking '/home/kmra/ros2/easy_bot/ros_ws/install/easy_bot/bin'
[2.750s] INFO:colcon.colcon_core.shell:Creating package script '/home/kmra/ros2/easy_bot/ros_ws/install/easy_bot/share/easy_bot/package.ps1'
[2.751s] INFO:colcon.colcon_core.shell:Creating package descriptor '/home/kmra/ros2/easy_bot/ros_ws/install/easy_bot/share/easy_bot/package.dsv'
[2.751s] INFO:colcon.colcon_core.shell:Creating package script '/home/kmra/ros2/easy_bot/ros_ws/install/easy_bot/share/easy_bot/package.sh'
[2.752s] INFO:colcon.colcon_core.shell:Creating package script '/home/kmra/ros2/easy_bot/ros_ws/install/easy_bot/share/easy_bot/package.bash'
[2.752s] INFO:colcon.colcon_core.shell:Creating package script '/home/kmra/ros2/easy_bot/ros_ws/install/easy_bot/share/easy_bot/package.zsh'
[2.753s] Level 1:colcon.colcon_core.environment:create_file_with_runtime_dependencies(/home/kmra/ros2/easy_bot/ros_ws/install/easy_bot/share/colcon-core/packages/easy_bot)
[2.764s] DEBUG:colcon.colcon_parallel_executor.executor.parallel:closing loop
[2.764s] DEBUG:colcon.colcon_parallel_executor.executor.parallel:loop closed
[2.764s] DEBUG:colcon.colcon_parallel_executor.executor.parallel:run_until_complete finished with '2'
[2.764s] DEBUG:colcon.colcon_core.event_reactor:joining thread
[2.768s] INFO:colcon.colcon_core.plugin_system:Skipping extension 'colcon_notification.desktop_notification.terminal_notifier': Not used on non-Darwin systems
[2.768s] INFO:colcon.colcon_core.plugin_system:Skipping extension 'colcon_notification.desktop_notification.win32': Not used on non-Windows systems
[2.768s] INFO:colcon.colcon_notification.desktop_notification:Sending desktop notification using 'notify2'
[2.777s] DEBUG:colcon.colcon_core.event_reactor:joined thread
[2.778s] INFO:colcon.colcon_core.shell:Creating prefix script '/home/kmra/ros2/easy_bot/ros_ws/install/local_setup.ps1'
[2.778s] INFO:colcon.colcon_core.shell:Creating prefix util module '/home/kmra/ros2/easy_bot/ros_ws/install/_local_setup_util_ps1.py'
[2.779s] INFO:colcon.colcon_core.shell:Creating prefix chain script '/home/kmra/ros2/easy_bot/ros_ws/install/setup.ps1'
[2.780s] INFO:colcon.colcon_core.shell:Creating prefix script '/home/kmra/ros2/easy_bot/ros_ws/install/local_setup.sh'
[2.781s] INFO:colcon.colcon_core.shell:Creating prefix util module '/home/kmra/ros2/easy_bot/ros_ws/install/_local_setup_util_sh.py'
[2.782s] INFO:colcon.colcon_core.shell:Creating prefix chain script '/home/kmra/ros2/easy_bot/ros_ws/install/setup.sh'
[2.782s] INFO:colcon.colcon_core.shell:Creating prefix script '/home/kmra/ros2/easy_bot/ros_ws/install/local_setup.bash'
[2.783s] INFO:colcon.colcon_core.shell:Creating prefix chain script '/home/kmra/ros2/easy_bot/ros_ws/install/setup.bash'
[2.785s] INFO:colcon.colcon_core.shell:Creating prefix script '/home/kmra/ros2/easy_bot/ros_ws/install/local_setup.zsh'
[2.786s] INFO:colcon.colcon_core.shell:Creating prefix chain script '/home/kmra/ros2/easy_bot/ros_ws/install/setup.zsh'
