[0.006s] Invoking command in '/home/kmra/ros2/easy_bot/ros_ws/build/easy_bot': CMAKE_PREFIX_PATH=/opt/ros/humble /usr/bin/cmake --build /home/kmra/ros2/easy_bot/ros_ws/build/easy_bot -- -j4 -l4
[0.037s] -- Found ament_cmake: 1.3.14 (/opt/ros/humble/share/ament_cmake/cmake)
[0.127s] -- Found rclcpp: 16.0.19 (/opt/ros/humble/share/rclcpp/cmake)
[0.144s] -- Found rosidl_generator_c: 3.1.8 (/opt/ros/humble/share/rosidl_generator_c/cmake)
[0.145s] -- Found rosidl_adapter: 3.1.8 (/opt/ros/humble/share/rosidl_adapter/cmake)
[0.149s] -- Found rosidl_generator_cpp: 3.1.8 (/opt/ros/humble/share/rosidl_generator_cpp/cmake)
[0.155s] -- Using all available rosidl_typesupport_c: rosidl_typesupport_fastrtps_c;rosidl_typesupport_introspection_c
[0.162s] -- Using all available rosidl_typesupport_cpp: rosidl_typesupport_fastrtps_cpp;rosidl_typesupport_introspection_cpp
[0.181s] -- Found rmw_implementation_cmake: 6.1.2 (/opt/ros/humble/share/rmw_implementation_cmake/cmake)
[0.182s] -- Found rmw_fastrtps_cpp: 6.2.10 (/opt/ros/humble/share/rmw_fastrtps_cpp/cmake)
[0.254s] -- Using RMW implementation 'rmw_fastrtps_cpp' as default
[0.282s] -- Found rclcpp_lifecycle: 16.0.19 (/opt/ros/humble/share/rclcpp_lifecycle/cmake)
[0.291s] -- Found hardware_interface: 2.53.1 (/opt/ros/humble/share/hardware_interface/cmake)
[0.360s] -- Found controller_interface: 2.53.1 (/opt/ros/humble/share/controller_interface/cmake)
[0.361s] -- Found realtime_tools: 2.15.0 (/opt/ros/humble/share/realtime_tools/cmake)
[0.368s] [31mCMake Error at /opt/ros/humble/share/ament_cmake_target_dependencies/cmake/ament_target_dependencies.cmake:145 (target_link_libraries):
[0.368s]   The keyword signature for target_link_libraries has already been used with
[0.368s]   the target "easy_bot_hardware".  All uses of target_link_libraries with a
[0.368s]   target must be either all-keyword or all-plain.
[0.368s] 
[0.368s]   The uses of the keyword signature are here:
[0.368s] 
[0.368s]    * CMakeLists.txt:29 (target_link_libraries)
[0.368s] 
[0.368s] Call Stack (most recent call first):
[0.368s]   CMakeLists.txt:36 (ament_target_dependencies)
[0.368s] 
[0.368s] [0m
[0.369s] [31mCMake Error at /opt/ros/humble/share/ament_cmake_target_dependencies/cmake/ament_target_dependencies.cmake:145 (target_link_libraries):
[0.369s]   The keyword signature for target_link_libraries has already been used with
[0.369s]   the target "easy_bot_controller".  All uses of target_link_libraries with a
[0.369s]   target must be either all-keyword or all-plain.
[0.369s] 
[0.369s]   The uses of the keyword signature are here:
[0.369s] 
[0.369s]    * CMakeLists.txt:53 (target_link_libraries)
[0.369s] 
[0.369s] Call Stack (most recent call first):
[0.369s]   CMakeLists.txt:59 (ament_target_dependencies)
[0.369s] 
[0.369s] [0m
[0.369s] [31mCMake Error at /opt/ros/humble/share/pluginlib/cmake/pluginlib_export_plugin_description_file.cmake:84 (message):
[0.369s]   Given plugin description file
[0.369s]   '/home/kmra/ros2/easy_bot/ros_ws/src/easy_bot/controller_interface.xml'
[0.369s]   does not exist
[0.369s] Call Stack (most recent call first):
[0.369s]   CMakeLists.txt:71 (pluginlib_export_plugin_description_file)
[0.369s] 
[0.369s] [0m
[0.369s] -- Configuring incomplete, errors occurred!
[0.369s] See also "/home/kmra/ros2/easy_bot/ros_ws/build/easy_bot/CMakeFiles/CMakeOutput.log".
[0.376s] gmake: *** [Makefile:308：cmake_check_build_system] 错误 1
[0.378s] Invoked command in '/home/kmra/ros2/easy_bot/ros_ws/build/easy_bot' returned '2': CMAKE_PREFIX_PATH=/opt/ros/humble /usr/bin/cmake --build /home/kmra/ros2/easy_bot/ros_ws/build/easy_bot -- -j4 -l4
