[0.009s] Invoking command in '/home/kmra/ros2/easy_bot/ros_ws/build/easy_bot': CMAKE_PREFIX_PATH=${CMAKE_PREFIX_PATH}:/opt/ros/humble /usr/bin/cmake --build /home/kmra/ros2/easy_bot/ros_ws/build/easy_bot -- -j4 -l4
[0.042s] Invoked command in '/home/kmra/ros2/easy_bot/ros_ws/build/easy_bot' returned '0': CMAKE_PREFIX_PATH=${CMAKE_PREFIX_PATH}:/opt/ros/humble /usr/bin/cmake --build /home/kmra/ros2/easy_bot/ros_ws/build/easy_bot -- -j4 -l4
[0.055s] Invoking command in '/home/kmra/ros2/easy_bot/ros_ws/build/easy_bot': CMAKE_PREFIX_PATH=${CMAKE_PREFIX_PATH}:/opt/ros/humble /usr/bin/cmake --install /home/kmra/ros2/easy_bot/ros_ws/build/easy_bot
[0.062s] -- Install configuration: ""
[0.062s] -- Up-to-date: /home/kmra/ros2/easy_bot/ros_ws/install/easy_bot/share/easy_bot/urdf
[0.062s] -- Up-to-date: /home/kmra/ros2/easy_bot/ros_ws/install/easy_bot/share/easy_bot/urdf/easy_bot_description.urdf.xacro
[0.062s] -- Installing: /home/kmra/ros2/easy_bot/ros_ws/install/easy_bot/share/easy_bot/urdf/easy_bot.urdf.xacro
[0.062s] -- Up-to-date: /home/kmra/ros2/easy_bot/ros_ws/install/easy_bot/share/easy_bot/urdf/common_inertia.xacro
[0.062s] -- Up-to-date: /home/kmra/ros2/easy_bot/ros_ws/install/easy_bot/share/easy_bot/launch
[0.062s] -- Up-to-date: /home/kmra/ros2/easy_bot/ros_ws/install/easy_bot/share/easy_bot/launch/rviz_show.launch.py
[0.062s] -- Up-to-date: /home/kmra/ros2/easy_bot/ros_ws/install/easy_bot/share/ament_index/resource_index/package_run_dependencies/easy_bot
[0.062s] -- Up-to-date: /home/kmra/ros2/easy_bot/ros_ws/install/easy_bot/share/ament_index/resource_index/parent_prefix_path/easy_bot
[0.062s] -- Up-to-date: /home/kmra/ros2/easy_bot/ros_ws/install/easy_bot/share/easy_bot/environment/ament_prefix_path.sh
[0.063s] -- Up-to-date: /home/kmra/ros2/easy_bot/ros_ws/install/easy_bot/share/easy_bot/environment/ament_prefix_path.dsv
[0.063s] -- Up-to-date: /home/kmra/ros2/easy_bot/ros_ws/install/easy_bot/share/easy_bot/environment/path.sh
[0.063s] -- Up-to-date: /home/kmra/ros2/easy_bot/ros_ws/install/easy_bot/share/easy_bot/environment/path.dsv
[0.063s] -- Up-to-date: /home/kmra/ros2/easy_bot/ros_ws/install/easy_bot/share/easy_bot/local_setup.bash
[0.063s] -- Up-to-date: /home/kmra/ros2/easy_bot/ros_ws/install/easy_bot/share/easy_bot/local_setup.sh
[0.063s] -- Up-to-date: /home/kmra/ros2/easy_bot/ros_ws/install/easy_bot/share/easy_bot/local_setup.zsh
[0.063s] -- Up-to-date: /home/kmra/ros2/easy_bot/ros_ws/install/easy_bot/share/easy_bot/local_setup.dsv
[0.063s] -- Installing: /home/kmra/ros2/easy_bot/ros_ws/install/easy_bot/share/easy_bot/package.dsv
[0.063s] -- Up-to-date: /home/kmra/ros2/easy_bot/ros_ws/install/easy_bot/share/ament_index/resource_index/packages/easy_bot
[0.063s] -- Up-to-date: /home/kmra/ros2/easy_bot/ros_ws/install/easy_bot/share/easy_bot/cmake/easy_botConfig.cmake
[0.063s] -- Up-to-date: /home/kmra/ros2/easy_bot/ros_ws/install/easy_bot/share/easy_bot/cmake/easy_botConfig-version.cmake
[0.063s] -- Up-to-date: /home/kmra/ros2/easy_bot/ros_ws/install/easy_bot/share/easy_bot/package.xml
[0.064s] Invoked command in '/home/kmra/ros2/easy_bot/ros_ws/build/easy_bot' returned '0': CMAKE_PREFIX_PATH=${CMAKE_PREFIX_PATH}:/opt/ros/humble /usr/bin/cmake --install /home/kmra/ros2/easy_bot/ros_ws/build/easy_bot
