[ 25%] [32mBuilding CXX object CMakeFiles/easybot_controller.dir/controller/easybot_controller.cpp.o[0m
[ 75%] Built target easy_bot_hardware
In file included from [01m[K/home/kmra/ros2/easy_bot/ros_ws/src/easy_bot/controller/include/easybot_controller.hpp:22[m[K,
                 from [01m[K/home/kmra/ros2/easy_bot/ros_ws/src/easy_bot/controller/easybot_controller.cpp:15[m[K:
[01m[K/home/kmra/ros2/easy_bot/ros_ws/src/easy_bot/controller/include/easybot_controller_base.hpp:44:3:[m[K [01;31m[Kerror: [m[K‘[01m[KEASYBOT_CONTROLLER_PUBLIC[m[K’ does not name a type
   44 |   [01;31m[KEASYBOT_CONTROLLER_PUBLIC[m[K
      |   [01;31m[K^~~~~~~~~~~~~~~~~~~~~~~~~[m[K
[01m[K/home/kmra/ros2/easy_bot/ros_ws/src/easy_bot/controller/include/easybot_controller_base.hpp:47:3:[m[K [01;31m[Kerror: [m[K‘[01m[KEASYBOT_CONTROLLER_PUBLIC[m[K’ does not name a type
   47 |   [01;31m[KEASYBOT_CONTROLLER_PUBLIC[m[K
      |   [01;31m[K^~~~~~~~~~~~~~~~~~~~~~~~~[m[K
[01m[K/home/kmra/ros2/easy_bot/ros_ws/src/easy_bot/controller/include/easybot_controller_base.hpp:50:3:[m[K [01;31m[Kerror: [m[K‘[01m[KEASYBOT_CONTROLLER_PUBLIC[m[K’ does not name a type
   50 |   [01;31m[KEASYBOT_CONTROLLER_PUBLIC[m[K
      |   [01;31m[K^~~~~~~~~~~~~~~~~~~~~~~~~[m[K
[01m[K/home/kmra/ros2/easy_bot/ros_ws/src/easy_bot/controller/include/easybot_controller_base.hpp:53:3:[m[K [01;31m[Kerror: [m[K‘[01m[KEASYBOT_CONTROLLER_PUBLIC[m[K’ does not name a type
   53 |   [01;31m[KEASYBOT_CONTROLLER_PUBLIC[m[K
      |   [01;31m[K^~~~~~~~~~~~~~~~~~~~~~~~~[m[K
[01m[K/home/kmra/ros2/easy_bot/ros_ws/src/easy_bot/controller/include/easybot_controller_base.hpp:56:3:[m[K [01;31m[Kerror: [m[K‘[01m[KEASYBOT_CONTROLLER_PUBLIC[m[K’ does not name a type
   56 |   [01;31m[KEASYBOT_CONTROLLER_PUBLIC[m[K
      |   [01;31m[K^~~~~~~~~~~~~~~~~~~~~~~~~[m[K
[01m[K/home/kmra/ros2/easy_bot/ros_ws/src/easy_bot/controller/include/easybot_controller_base.hpp:59:3:[m[K [01;31m[Kerror: [m[K‘[01m[KEASYBOT_CONTROLLER_PUBLIC[m[K’ does not name a type
   59 |   [01;31m[KEASYBOT_CONTROLLER_PUBLIC[m[K
      |   [01;31m[K^~~~~~~~~~~~~~~~~~~~~~~~~[m[K
[01m[K/home/kmra/ros2/easy_bot/ros_ws/src/easy_bot/controller/include/easybot_controller_base.hpp:63:3:[m[K [01;31m[Kerror: [m[K‘[01m[KEASYBOT_CONTROLLER_PUBLIC[m[K’ does not name a type
   63 |   [01;31m[KEASYBOT_CONTROLLER_PUBLIC[m[K
      |   [01;31m[K^~~~~~~~~~~~~~~~~~~~~~~~~[m[K
[01m[K/home/kmra/ros2/easy_bot/ros_ws/src/easy_bot/controller/include/easybot_controller_base.hpp:67:3:[m[K [01;31m[Kerror: [m[K‘[01m[KEASYBOT_CONTROLLER_PUBLIC[m[K’ does not name a type
   67 |   [01;31m[KEASYBOT_CONTROLLER_PUBLIC[m[K
      |   [01;31m[K^~~~~~~~~~~~~~~~~~~~~~~~~[m[K
[01m[K/home/kmra/ros2/easy_bot/ros_ws/src/easy_bot/controller/include/easybot_controller_base.hpp:71:3:[m[K [01;31m[Kerror: [m[K‘[01m[KEASYBOT_CONTROLLER_PUBLIC[m[K’ does not name a type
   71 |   [01;31m[KEASYBOT_CONTROLLER_PUBLIC[m[K
      |   [01;31m[K^~~~~~~~~~~~~~~~~~~~~~~~~[m[K
In file included from [01m[K/home/kmra/ros2/easy_bot/ros_ws/src/easy_bot/controller/easybot_controller.cpp:15[m[K:
[01m[K/home/kmra/ros2/easy_bot/ros_ws/src/easy_bot/controller/include/easybot_controller.hpp:40:1:[m[K [01;31m[Kerror: [m[Kexpected class-name before ‘[01m[K{[m[K’ token
   40 | [01;31m[K{[m[K
      | [01;31m[K^[m[K
[01m[K/home/kmra/ros2/easy_bot/ros_ws/src/easy_bot/controller/include/easybot_controller.hpp:42:3:[m[K [01;31m[Kerror: [m[K‘[01m[KEASYBOT_CONTROLLER_PUBLIC[m[K’ does not name a type
   42 |   [01;31m[KEASYBOT_CONTROLLER_PUBLIC[m[K
      |   [01;31m[K^~~~~~~~~~~~~~~~~~~~~~~~~[m[K
[01m[K/home/kmra/ros2/easy_bot/ros_ws/src/easy_bot/controller/include/easybot_controller.hpp:49:19:[m[K [01;31m[Kerror: [m[K‘[01m[KParamListener[m[K’ was not declared in this scope
   49 |   std::shared_ptr<[01;31m[KParamListener[m[K> param_listener_;
      |                   [01;31m[K^~~~~~~~~~~~~[m[K
[01m[K/home/kmra/ros2/easy_bot/ros_ws/src/easy_bot/controller/include/easybot_controller.hpp:49:32:[m[K [01;31m[Kerror: [m[Ktemplate argument 1 is invalid
   49 |   std::shared_ptr<ParamListener[01;31m[K>[m[K param_listener_;
      |                                [01;31m[K^[m[K
[01m[K/home/kmra/ros2/easy_bot/ros_ws/src/easy_bot/controller/include/easybot_controller.hpp:50:3:[m[K [01;31m[Kerror: [m[K‘[01m[KParams[m[K’ does not name a type
   50 |   [01;31m[KParams[m[K params_;
      |   [01;31m[K^~~~~~[m[K
[01m[K/home/kmra/ros2/easy_bot/ros_ws/src/easy_bot/controller/include/easybot_controller.hpp:46:8:[m[K [01;31m[Kerror: [m[K‘[01m[Kvoid easybot_controller::EasyBotController::declare_parameters()[m[K’ marked ‘[01m[Koverride[m[K’, but does not override
   46 |   void [01;31m[Kdeclare_parameters[m[K() override;
      |        [01;31m[K^~~~~~~~~~~~~~~~~~[m[K
[01m[K/home/kmra/ros2/easy_bot/ros_ws/src/easy_bot/controller/include/easybot_controller.hpp:47:40:[m[K [01;31m[Kerror: [m[K‘[01m[Kcontroller_interface::CallbackReturn easybot_controller::EasyBotController::read_parameters()[m[K’ marked ‘[01m[Koverride[m[K’, but does not override
   47 |   controller_interface::CallbackReturn [01;31m[Kread_parameters[m[K() override;
      |                                        [01;31m[K^~~~~~~~~~~~~~~[m[K
[01m[K/home/kmra/ros2/easy_bot/ros_ws/src/easy_bot/controller/easybot_controller.cpp:28:38:[m[K [01;31m[Kerror: [m[Kdefinition of implicitly-declared ‘[01m[Keasybot_controller::EasyBotController::EasyBotController()[m[K’
   28 | EasyBotController::EasyBotController([01;31m[K)[m[K : EasyBotControllerBase() {}
      |                                      [01;31m[K^[m[K
[01m[K/home/kmra/ros2/easy_bot/ros_ws/src/easy_bot/controller/easybot_controller.cpp:[m[K In member function ‘[01m[Kvoid easybot_controller::EasyBotController::declare_parameters()[m[K’:
[01m[K/home/kmra/ros2/easy_bot/ros_ws/src/easy_bot/controller/easybot_controller.cpp:32:38:[m[K [01;31m[Kerror: [m[K‘[01m[KParamListener[m[K’ was not declared in this scope; did you mean ‘[01m[Kparam_listener_[m[K’?
   32 |   param_listener_ = std::make_shared<[01;31m[KParamListener[m[K>(get_node());
      |                                      [01;31m[K^~~~~~~~~~~~~[m[K
      |                                      [32m[Kparam_listener_[m[K
[01m[K/home/kmra/ros2/easy_bot/ros_ws/src/easy_bot/controller/easybot_controller.cpp:32:53:[m[K [01;31m[Kerror: [m[K‘[01m[Kget_node[m[K’ was not declared in this scope
   32 |   param_listener_ = std::make_shared<ParamListener>([01;31m[Kget_node[m[K());
      |                                                     [01;31m[K^~~~~~~~[m[K
In file included from [01m[K/opt/ros/humble/include/rclcpp/rclcpp/client.hpp:40[m[K,
                 from [01m[K/opt/ros/humble/include/rclcpp/rclcpp/callback_group.hpp:24[m[K,
                 from [01m[K/opt/ros/humble/include/rclcpp/rclcpp/any_executable.hpp:20[m[K,
                 from [01m[K/opt/ros/humble/include/rclcpp/rclcpp/memory_strategy.hpp:25[m[K,
                 from [01m[K/opt/ros/humble/include/rclcpp/rclcpp/memory_strategies.hpp:18[m[K,
                 from [01m[K/opt/ros/humble/include/rclcpp/rclcpp/executor_options.hpp:20[m[K,
                 from [01m[K/opt/ros/humble/include/rclcpp/rclcpp/executor.hpp:37[m[K,
                 from [01m[K/opt/ros/humble/include/rclcpp/rclcpp/executors/multi_threaded_executor.hpp:25[m[K,
                 from [01m[K/opt/ros/humble/include/rclcpp/rclcpp/executors.hpp:21[m[K,
                 from [01m[K/opt/ros/humble/include/rclcpp/rclcpp/rclcpp.hpp:155[m[K,
                 from [01m[K/opt/ros/humble/include/controller_interface/controller_interface/controller_interface_base.hpp:28[m[K,
                 from [01m[K/opt/ros/humble/include/controller_interface/controller_interface/controller_interface.hpp:22[m[K,
                 from [01m[K/home/kmra/ros2/easy_bot/ros_ws/src/easy_bot/controller/include/easybot_controller_base.hpp:22[m[K,
                 from [01m[K/home/kmra/ros2/easy_bot/ros_ws/src/easy_bot/controller/include/easybot_controller.hpp:22[m[K,
                 from [01m[K/home/kmra/ros2/easy_bot/ros_ws/src/easy_bot/controller/easybot_controller.cpp:15[m[K:
[01m[K/home/kmra/ros2/easy_bot/ros_ws/src/easy_bot/controller/easybot_controller.cpp:[m[K In member function ‘[01m[Kcontroller_interface::CallbackReturn easybot_controller::EasyBotController::read_parameters()[m[K’:
[01m[K/home/kmra/ros2/easy_bot/ros_ws/src/easy_bot/controller/easybot_controller.cpp:39:18:[m[K [01;31m[Kerror: [m[K‘[01m[Kget_node[m[K’ was not declared in this scope
   39 |     RCLCPP_ERROR([01;31m[Kget_node[m[K()->get_logger(), "Error encountered during init");
      |                  [01;31m[K^~~~~~~~[m[K
[01m[K/home/kmra/ros2/easy_bot/ros_ws/src/easy_bot/controller/easybot_controller.cpp:39:5:[m[K [01;31m[Kerror: [m[Ktemplate argument 1 is invalid
   39 |     [01;31m[KRCLCPP_ERROR[m[K(get_node()->get_logger(), "Error encountered during init");
      |     [01;31m[K^~~~~~~~~~~~[m[K
[01m[K/home/kmra/ros2/easy_bot/ros_ws/src/easy_bot/controller/easybot_controller.cpp:42:3:[m[K [01;31m[Kerror: [m[K‘[01m[Kparams_[m[K’ was not declared in this scope
   42 |   [01;31m[Kparams_[m[K = param_listener_->get_params();
      |   [01;31m[K^~~~~~~[m[K
[01m[K/home/kmra/ros2/easy_bot/ros_ws/src/easy_bot/controller/easybot_controller.cpp:42:28:[m[K [01;31m[Kerror: [m[Kbase operand of ‘[01m[K->[m[K’ is not a pointer
   42 |   params_ = param_listener_[01;31m[K->[m[Kget_params();
      |                            [01;31m[K^~[m[K
In file included from [01m[K/opt/ros/humble/include/rclcpp/rclcpp/client.hpp:40[m[K,
                 from [01m[K/opt/ros/humble/include/rclcpp/rclcpp/callback_group.hpp:24[m[K,
                 from [01m[K/opt/ros/humble/include/rclcpp/rclcpp/any_executable.hpp:20[m[K,
                 from [01m[K/opt/ros/humble/include/rclcpp/rclcpp/memory_strategy.hpp:25[m[K,
                 from [01m[K/opt/ros/humble/include/rclcpp/rclcpp/memory_strategies.hpp:18[m[K,
                 from [01m[K/opt/ros/humble/include/rclcpp/rclcpp/executor_options.hpp:20[m[K,
                 from [01m[K/opt/ros/humble/include/rclcpp/rclcpp/executor.hpp:37[m[K,
                 from [01m[K/opt/ros/humble/include/rclcpp/rclcpp/executors/multi_threaded_executor.hpp:25[m[K,
                 from [01m[K/opt/ros/humble/include/rclcpp/rclcpp/executors.hpp:21[m[K,
                 from [01m[K/opt/ros/humble/include/rclcpp/rclcpp/rclcpp.hpp:155[m[K,
                 from [01m[K/opt/ros/humble/include/controller_interface/controller_interface/controller_interface_base.hpp:28[m[K,
                 from [01m[K/opt/ros/humble/include/controller_interface/controller_interface/controller_interface.hpp:22[m[K,
                 from [01m[K/home/kmra/ros2/easy_bot/ros_ws/src/easy_bot/controller/include/easybot_controller_base.hpp:22[m[K,
                 from [01m[K/home/kmra/ros2/easy_bot/ros_ws/src/easy_bot/controller/include/easybot_controller.hpp:22[m[K,
                 from [01m[K/home/kmra/ros2/easy_bot/ros_ws/src/easy_bot/controller/easybot_controller.cpp:15[m[K:
[01m[K/home/kmra/ros2/easy_bot/ros_ws/src/easy_bot/controller/easybot_controller.cpp:46:18:[m[K [01;31m[Kerror: [m[K‘[01m[Kget_node[m[K’ was not declared in this scope
   46 |     RCLCPP_ERROR([01;31m[Kget_node[m[K()->get_logger(), "'joints' parameter was empty");
      |                  [01;31m[K^~~~~~~~[m[K
[01m[K/home/kmra/ros2/easy_bot/ros_ws/src/easy_bot/controller/easybot_controller.cpp:46:5:[m[K [01;31m[Kerror: [m[Ktemplate argument 1 is invalid
   46 |     [01;31m[KRCLCPP_ERROR[m[K(get_node()->get_logger(), "'joints' parameter was empty");
      |     [01;31m[K^~~~~~~~~~~~[m[K
[01m[K/home/kmra/ros2/easy_bot/ros_ws/src/easy_bot/controller/easybot_controller.cpp:52:18:[m[K [01;31m[Kerror: [m[K‘[01m[Kget_node[m[K’ was not declared in this scope
   52 |     RCLCPP_ERROR([01;31m[Kget_node[m[K()->get_logger(), "'interface_name' parameter was empty");
      |                  [01;31m[K^~~~~~~~[m[K
[01m[K/home/kmra/ros2/easy_bot/ros_ws/src/easy_bot/controller/easybot_controller.cpp:52:5:[m[K [01;31m[Kerror: [m[Ktemplate argument 1 is invalid
   52 |     [01;31m[KRCLCPP_ERROR[m[K(get_node()->get_logger(), "'interface_name' parameter was empty");
      |     [01;31m[K^~~~~~~~~~~~[m[K
[01m[K/home/kmra/ros2/easy_bot/ros_ws/src/easy_bot/controller/easybot_controller.cpp:56:3:[m[K [01;31m[Kerror: [m[K‘[01m[Kcommand_interface_types_[m[K’ was not declared in this scope
   56 |   [01;31m[Kcommand_interface_types_[m[K.clear();
      |   [01;31m[K^~~~~~~~~~~~~~~~~~~~~~~~[m[K
In file included from [01m[K/opt/ros/humble/include/class_loader/class_loader/class_loader_core.hpp:57[m[K,
                 from [01m[K/opt/ros/humble/include/class_loader/class_loader/class_loader.hpp:55[m[K,
                 from [01m[K/opt/ros/humble/include/pluginlib/pluginlib/class_list_macros.hpp:40[m[K,
                 from [01m[K/home/kmra/ros2/easy_bot/ros_ws/src/easy_bot/controller/easybot_controller.cpp:67[m[K:
/opt/ros/humble/include/class_loader/class_loader/meta_object.hpp: In instantiation of ‘[01m[KB* class_loader::impl::MetaObject<C, B>::create() const [with C = easybot_controller::EasyBotController; B = controller_interface::ControllerInterface][m[K’:
[01m[K/opt/ros/humble/include/class_loader/class_loader/meta_object.hpp:216:7:[m[K   required from here
[01m[K/opt/ros/humble/include/class_loader/class_loader/meta_object.hpp:218:12:[m[K [01;31m[Kerror: [m[Kcannot convert ‘[01m[Keasybot_controller::EasyBotController*[m[K’ to ‘[01m[Kcontroller_interface::ControllerInterface*[m[K’ in return
  218 |     return [01;31m[Knew C[m[K;
      |            [01;31m[K^~~~~[m[K
      |            [01;31m[K|[m[K
      |            [01;31m[Keasybot_controller::EasyBotController*[m[K
gmake[2]: *** [CMakeFiles/easybot_controller.dir/build.make:76：CMakeFiles/easybot_controller.dir/controller/easybot_controller.cpp.o] 错误 1
gmake[1]: *** [CMakeFiles/Makefile2:165：CMakeFiles/easybot_controller.dir/all] 错误 2
gmake: *** [Makefile:146：all] 错误 2
