[0.009s] Invoking command in '/home/kmra/ros2/easy_bot/ros_ws/build/easy_bot': CMAKE_PREFIX_PATH=/opt/ros/humble /usr/bin/cmake --build /home/kmra/ros2/easy_bot/ros_ws/build/easy_bot -- -j4 -l4
[0.092s] [ 25%] [32mBuilding CXX object CMakeFiles/easybot_controller.dir/controller/easybot_controller.cpp.o[0m
[0.115s] [ 75%] Built target easy_bot_hardware
[2.098s] In file included from [01m[K/home/kmra/ros2/easy_bot/ros_ws/src/easy_bot/controller/include/easybot_controller.hpp:22[m[K,
[2.098s]                  from [01m[K/home/kmra/ros2/easy_bot/ros_ws/src/easy_bot/controller/easybot_controller.cpp:15[m[K:
[2.098s] [01m[K/home/kmra/ros2/easy_bot/ros_ws/src/easy_bot/controller/include/easybot_controller_base.hpp:44:3:[m[K [01;31m[Kerror: [m[K‘[01m[KEASYBOT_CONTROLLER_PUBLIC[m[K’ does not name a type
[2.098s]    44 |   [01;31m[KEASYBOT_CONTROLLER_PUBLIC[m[K
[2.098s]       |   [01;31m[K^~~~~~~~~~~~~~~~~~~~~~~~~[m[K
[2.101s] [01m[K/home/kmra/ros2/easy_bot/ros_ws/src/easy_bot/controller/include/easybot_controller_base.hpp:47:3:[m[K [01;31m[Kerror: [m[K‘[01m[KEASYBOT_CONTROLLER_PUBLIC[m[K’ does not name a type
[2.101s]    47 |   [01;31m[KEASYBOT_CONTROLLER_PUBLIC[m[K
[2.101s]       |   [01;31m[K^~~~~~~~~~~~~~~~~~~~~~~~~[m[K
[2.108s] [01m[K/home/kmra/ros2/easy_bot/ros_ws/src/easy_bot/controller/include/easybot_controller_base.hpp:50:3:[m[K [01;31m[Kerror: [m[K‘[01m[KEASYBOT_CONTROLLER_PUBLIC[m[K’ does not name a type
[2.109s]    50 |   [01;31m[KEASYBOT_CONTROLLER_PUBLIC[m[K
[2.109s]       |   [01;31m[K^~~~~~~~~~~~~~~~~~~~~~~~~[m[K
[2.109s] [01m[K/home/kmra/ros2/easy_bot/ros_ws/src/easy_bot/controller/include/easybot_controller_base.hpp:53:3:[m[K [01;31m[Kerror: [m[K‘[01m[KEASYBOT_CONTROLLER_PUBLIC[m[K’ does not name a type
[2.109s]    53 |   [01;31m[KEASYBOT_CONTROLLER_PUBLIC[m[K
[2.109s]       |   [01;31m[K^~~~~~~~~~~~~~~~~~~~~~~~~[m[K
[2.109s] [01m[K/home/kmra/ros2/easy_bot/ros_ws/src/easy_bot/controller/include/easybot_controller_base.hpp:56:3:[m[K [01;31m[Kerror: [m[K‘[01m[KEASYBOT_CONTROLLER_PUBLIC[m[K’ does not name a type
[2.109s]    56 |   [01;31m[KEASYBOT_CONTROLLER_PUBLIC[m[K
[2.109s]       |   [01;31m[K^~~~~~~~~~~~~~~~~~~~~~~~~[m[K
[2.111s] [01m[K/home/kmra/ros2/easy_bot/ros_ws/src/easy_bot/controller/include/easybot_controller_base.hpp:59:3:[m[K [01;31m[Kerror: [m[K‘[01m[KEASYBOT_CONTROLLER_PUBLIC[m[K’ does not name a type
[2.111s]    59 |   [01;31m[KEASYBOT_CONTROLLER_PUBLIC[m[K
[2.111s]       |   [01;31m[K^~~~~~~~~~~~~~~~~~~~~~~~~[m[K
[2.113s] [01m[K/home/kmra/ros2/easy_bot/ros_ws/src/easy_bot/controller/include/easybot_controller_base.hpp:63:3:[m[K [01;31m[Kerror: [m[K‘[01m[KEASYBOT_CONTROLLER_PUBLIC[m[K’ does not name a type
[2.113s]    63 |   [01;31m[KEASYBOT_CONTROLLER_PUBLIC[m[K
[2.113s]       |   [01;31m[K^~~~~~~~~~~~~~~~~~~~~~~~~[m[K
[2.115s] [01m[K/home/kmra/ros2/easy_bot/ros_ws/src/easy_bot/controller/include/easybot_controller_base.hpp:67:3:[m[K [01;31m[Kerror: [m[K‘[01m[KEASYBOT_CONTROLLER_PUBLIC[m[K’ does not name a type
[2.115s]    67 |   [01;31m[KEASYBOT_CONTROLLER_PUBLIC[m[K
[2.115s]       |   [01;31m[K^~~~~~~~~~~~~~~~~~~~~~~~~[m[K
[2.118s] [01m[K/home/kmra/ros2/easy_bot/ros_ws/src/easy_bot/controller/include/easybot_controller_base.hpp:71:3:[m[K [01;31m[Kerror: [m[K‘[01m[KEASYBOT_CONTROLLER_PUBLIC[m[K’ does not name a type
[2.118s]    71 |   [01;31m[KEASYBOT_CONTROLLER_PUBLIC[m[K
[2.118s]       |   [01;31m[K^~~~~~~~~~~~~~~~~~~~~~~~~[m[K
[2.147s] In file included from [01m[K/home/kmra/ros2/easy_bot/ros_ws/src/easy_bot/controller/easybot_controller.cpp:15[m[K:
[2.147s] [01m[K/home/kmra/ros2/easy_bot/ros_ws/src/easy_bot/controller/include/easybot_controller.hpp:40:1:[m[K [01;31m[Kerror: [m[Kexpected class-name before ‘[01m[K{[m[K’ token
[2.147s]    40 | [01;31m[K{[m[K
[2.147s]       | [01;31m[K^[m[K
[2.148s] [01m[K/home/kmra/ros2/easy_bot/ros_ws/src/easy_bot/controller/include/easybot_controller.hpp:42:3:[m[K [01;31m[Kerror: [m[K‘[01m[KEASYBOT_CONTROLLER_PUBLIC[m[K’ does not name a type
[2.149s]    42 |   [01;31m[KEASYBOT_CONTROLLER_PUBLIC[m[K
[2.149s]       |   [01;31m[K^~~~~~~~~~~~~~~~~~~~~~~~~[m[K
[2.155s] [01m[K/home/kmra/ros2/easy_bot/ros_ws/src/easy_bot/controller/include/easybot_controller.hpp:49:19:[m[K [01;31m[Kerror: [m[K‘[01m[KParamListener[m[K’ was not declared in this scope
[2.155s]    49 |   std::shared_ptr<[01;31m[KParamListener[m[K> param_listener_;
[2.155s]       |                   [01;31m[K^~~~~~~~~~~~~[m[K
[2.155s] [01m[K/home/kmra/ros2/easy_bot/ros_ws/src/easy_bot/controller/include/easybot_controller.hpp:49:32:[m[K [01;31m[Kerror: [m[Ktemplate argument 1 is invalid
[2.155s]    49 |   std::shared_ptr<ParamListener[01;31m[K>[m[K param_listener_;
[2.155s]       |                                [01;31m[K^[m[K
[2.155s] [01m[K/home/kmra/ros2/easy_bot/ros_ws/src/easy_bot/controller/include/easybot_controller.hpp:50:3:[m[K [01;31m[Kerror: [m[K‘[01m[KParams[m[K’ does not name a type
[2.156s]    50 |   [01;31m[KParams[m[K params_;
[2.156s]       |   [01;31m[K^~~~~~[m[K
[2.156s] [01m[K/home/kmra/ros2/easy_bot/ros_ws/src/easy_bot/controller/include/easybot_controller.hpp:46:8:[m[K [01;31m[Kerror: [m[K‘[01m[Kvoid easybot_controller::EasyBotController::declare_parameters()[m[K’ marked ‘[01m[Koverride[m[K’, but does not override
[2.156s]    46 |   void [01;31m[Kdeclare_parameters[m[K() override;
[2.156s]       |        [01;31m[K^~~~~~~~~~~~~~~~~~[m[K
[2.156s] [01m[K/home/kmra/ros2/easy_bot/ros_ws/src/easy_bot/controller/include/easybot_controller.hpp:47:40:[m[K [01;31m[Kerror: [m[K‘[01m[Kcontroller_interface::CallbackReturn easybot_controller::EasyBotController::read_parameters()[m[K’ marked ‘[01m[Koverride[m[K’, but does not override
[2.156s]    47 |   controller_interface::CallbackReturn [01;31m[Kread_parameters[m[K() override;
[2.156s]       |                                        [01;31m[K^~~~~~~~~~~~~~~[m[K
[2.156s] [01m[K/home/kmra/ros2/easy_bot/ros_ws/src/easy_bot/controller/easybot_controller.cpp:28:38:[m[K [01;31m[Kerror: [m[Kdefinition of implicitly-declared ‘[01m[Keasybot_controller::EasyBotController::EasyBotController()[m[K’
[2.156s]    28 | EasyBotController::EasyBotController([01;31m[K)[m[K : EasyBotControllerBase() {}
[2.156s]       |                                      [01;31m[K^[m[K
[2.159s] [01m[K/home/kmra/ros2/easy_bot/ros_ws/src/easy_bot/controller/easybot_controller.cpp:[m[K In member function ‘[01m[Kvoid easybot_controller::EasyBotController::declare_parameters()[m[K’:
[2.159s] [01m[K/home/kmra/ros2/easy_bot/ros_ws/src/easy_bot/controller/easybot_controller.cpp:32:38:[m[K [01;31m[Kerror: [m[K‘[01m[KParamListener[m[K’ was not declared in this scope; did you mean ‘[01m[Kparam_listener_[m[K’?
[2.159s]    32 |   param_listener_ = std::make_shared<[01;31m[KParamListener[m[K>(get_node());
[2.159s]       |                                      [01;31m[K^~~~~~~~~~~~~[m[K
[2.159s]       |                                      [32m[Kparam_listener_[m[K
[2.163s] [01m[K/home/kmra/ros2/easy_bot/ros_ws/src/easy_bot/controller/easybot_controller.cpp:32:53:[m[K [01;31m[Kerror: [m[K‘[01m[Kget_node[m[K’ was not declared in this scope
[2.163s]    32 |   param_listener_ = std::make_shared<ParamListener>([01;31m[Kget_node[m[K());
[2.163s]       |                                                     [01;31m[K^~~~~~~~[m[K
[2.166s] In file included from [01m[K/opt/ros/humble/include/rclcpp/rclcpp/client.hpp:40[m[K,
[2.166s]                  from [01m[K/opt/ros/humble/include/rclcpp/rclcpp/callback_group.hpp:24[m[K,
[2.166s]                  from [01m[K/opt/ros/humble/include/rclcpp/rclcpp/any_executable.hpp:20[m[K,
[2.166s]                  from [01m[K/opt/ros/humble/include/rclcpp/rclcpp/memory_strategy.hpp:25[m[K,
[2.166s]                  from [01m[K/opt/ros/humble/include/rclcpp/rclcpp/memory_strategies.hpp:18[m[K,
[2.166s]                  from [01m[K/opt/ros/humble/include/rclcpp/rclcpp/executor_options.hpp:20[m[K,
[2.166s]                  from [01m[K/opt/ros/humble/include/rclcpp/rclcpp/executor.hpp:37[m[K,
[2.166s]                  from [01m[K/opt/ros/humble/include/rclcpp/rclcpp/executors/multi_threaded_executor.hpp:25[m[K,
[2.166s]                  from [01m[K/opt/ros/humble/include/rclcpp/rclcpp/executors.hpp:21[m[K,
[2.166s]                  from [01m[K/opt/ros/humble/include/rclcpp/rclcpp/rclcpp.hpp:155[m[K,
[2.166s]                  from [01m[K/opt/ros/humble/include/controller_interface/controller_interface/controller_interface_base.hpp:28[m[K,
[2.166s]                  from [01m[K/opt/ros/humble/include/controller_interface/controller_interface/controller_interface.hpp:22[m[K,
[2.166s]                  from [01m[K/home/kmra/ros2/easy_bot/ros_ws/src/easy_bot/controller/include/easybot_controller_base.hpp:22[m[K,
[2.166s]                  from [01m[K/home/kmra/ros2/easy_bot/ros_ws/src/easy_bot/controller/include/easybot_controller.hpp:22[m[K,
[2.166s]                  from [01m[K/home/kmra/ros2/easy_bot/ros_ws/src/easy_bot/controller/easybot_controller.cpp:15[m[K:
[2.166s] [01m[K/home/kmra/ros2/easy_bot/ros_ws/src/easy_bot/controller/easybot_controller.cpp:[m[K In member function ‘[01m[Kcontroller_interface::CallbackReturn easybot_controller::EasyBotController::read_parameters()[m[K’:
[2.167s] [01m[K/home/kmra/ros2/easy_bot/ros_ws/src/easy_bot/controller/easybot_controller.cpp:39:18:[m[K [01;31m[Kerror: [m[K‘[01m[Kget_node[m[K’ was not declared in this scope
[2.167s]    39 |     RCLCPP_ERROR([01;31m[Kget_node[m[K()->get_logger(), "Error encountered during init");
[2.167s]       |                  [01;31m[K^~~~~~~~[m[K
[2.167s] [01m[K/home/kmra/ros2/easy_bot/ros_ws/src/easy_bot/controller/easybot_controller.cpp:39:5:[m[K [01;31m[Kerror: [m[Ktemplate argument 1 is invalid
[2.167s]    39 |     [01;31m[KRCLCPP_ERROR[m[K(get_node()->get_logger(), "Error encountered during init");
[2.167s]       |     [01;31m[K^~~~~~~~~~~~[m[K
[2.169s] [01m[K/home/kmra/ros2/easy_bot/ros_ws/src/easy_bot/controller/easybot_controller.cpp:42:3:[m[K [01;31m[Kerror: [m[K‘[01m[Kparams_[m[K’ was not declared in this scope
[2.170s]    42 |   [01;31m[Kparams_[m[K = param_listener_->get_params();
[2.170s]       |   [01;31m[K^~~~~~~[m[K
[2.170s] [01m[K/home/kmra/ros2/easy_bot/ros_ws/src/easy_bot/controller/easybot_controller.cpp:42:28:[m[K [01;31m[Kerror: [m[Kbase operand of ‘[01m[K->[m[K’ is not a pointer
[2.170s]    42 |   params_ = param_listener_[01;31m[K->[m[Kget_params();
[2.170s]       |                            [01;31m[K^~[m[K
[2.173s] In file included from [01m[K/opt/ros/humble/include/rclcpp/rclcpp/client.hpp:40[m[K,
[2.173s]                  from [01m[K/opt/ros/humble/include/rclcpp/rclcpp/callback_group.hpp:24[m[K,
[2.173s]                  from [01m[K/opt/ros/humble/include/rclcpp/rclcpp/any_executable.hpp:20[m[K,
[2.173s]                  from [01m[K/opt/ros/humble/include/rclcpp/rclcpp/memory_strategy.hpp:25[m[K,
[2.173s]                  from [01m[K/opt/ros/humble/include/rclcpp/rclcpp/memory_strategies.hpp:18[m[K,
[2.173s]                  from [01m[K/opt/ros/humble/include/rclcpp/rclcpp/executor_options.hpp:20[m[K,
[2.173s]                  from [01m[K/opt/ros/humble/include/rclcpp/rclcpp/executor.hpp:37[m[K,
[2.173s]                  from [01m[K/opt/ros/humble/include/rclcpp/rclcpp/executors/multi_threaded_executor.hpp:25[m[K,
[2.173s]                  from [01m[K/opt/ros/humble/include/rclcpp/rclcpp/executors.hpp:21[m[K,
[2.173s]                  from [01m[K/opt/ros/humble/include/rclcpp/rclcpp/rclcpp.hpp:155[m[K,
[2.173s]                  from [01m[K/opt/ros/humble/include/controller_interface/controller_interface/controller_interface_base.hpp:28[m[K,
[2.173s]                  from [01m[K/opt/ros/humble/include/controller_interface/controller_interface/controller_interface.hpp:22[m[K,
[2.173s]                  from [01m[K/home/kmra/ros2/easy_bot/ros_ws/src/easy_bot/controller/include/easybot_controller_base.hpp:22[m[K,
[2.173s]                  from [01m[K/home/kmra/ros2/easy_bot/ros_ws/src/easy_bot/controller/include/easybot_controller.hpp:22[m[K,
[2.173s]                  from [01m[K/home/kmra/ros2/easy_bot/ros_ws/src/easy_bot/controller/easybot_controller.cpp:15[m[K:
[2.173s] [01m[K/home/kmra/ros2/easy_bot/ros_ws/src/easy_bot/controller/easybot_controller.cpp:46:18:[m[K [01;31m[Kerror: [m[K‘[01m[Kget_node[m[K’ was not declared in this scope
[2.173s]    46 |     RCLCPP_ERROR([01;31m[Kget_node[m[K()->get_logger(), "'joints' parameter was empty");
[2.173s]       |                  [01;31m[K^~~~~~~~[m[K
[2.173s] [01m[K/home/kmra/ros2/easy_bot/ros_ws/src/easy_bot/controller/easybot_controller.cpp:46:5:[m[K [01;31m[Kerror: [m[Ktemplate argument 1 is invalid
[2.173s]    46 |     [01;31m[KRCLCPP_ERROR[m[K(get_node()->get_logger(), "'joints' parameter was empty");
[2.173s]       |     [01;31m[K^~~~~~~~~~~~[m[K
[2.176s] [01m[K/home/kmra/ros2/easy_bot/ros_ws/src/easy_bot/controller/easybot_controller.cpp:52:18:[m[K [01;31m[Kerror: [m[K‘[01m[Kget_node[m[K’ was not declared in this scope
[2.176s]    52 |     RCLCPP_ERROR([01;31m[Kget_node[m[K()->get_logger(), "'interface_name' parameter was empty");
[2.176s]       |                  [01;31m[K^~~~~~~~[m[K
[2.176s] [01m[K/home/kmra/ros2/easy_bot/ros_ws/src/easy_bot/controller/easybot_controller.cpp:52:5:[m[K [01;31m[Kerror: [m[Ktemplate argument 1 is invalid
[2.176s]    52 |     [01;31m[KRCLCPP_ERROR[m[K(get_node()->get_logger(), "'interface_name' parameter was empty");
[2.176s]       |     [01;31m[K^~~~~~~~~~~~[m[K
[2.183s] [01m[K/home/kmra/ros2/easy_bot/ros_ws/src/easy_bot/controller/easybot_controller.cpp:56:3:[m[K [01;31m[Kerror: [m[K‘[01m[Kcommand_interface_types_[m[K’ was not declared in this scope
[2.183s]    56 |   [01;31m[Kcommand_interface_types_[m[K.clear();
[2.183s]       |   [01;31m[K^~~~~~~~~~~~~~~~~~~~~~~~[m[K
[2.462s] In file included from [01m[K/opt/ros/humble/include/class_loader/class_loader/class_loader_core.hpp:57[m[K,
[2.462s]                  from [01m[K/opt/ros/humble/include/class_loader/class_loader/class_loader.hpp:55[m[K,
[2.462s]                  from [01m[K/opt/ros/humble/include/pluginlib/pluginlib/class_list_macros.hpp:40[m[K,
[2.462s]                  from [01m[K/home/kmra/ros2/easy_bot/ros_ws/src/easy_bot/controller/easybot_controller.cpp:67[m[K:
[2.462s] /opt/ros/humble/include/class_loader/class_loader/meta_object.hpp: In instantiation of ‘[01m[KB* class_loader::impl::MetaObject<C, B>::create() const [with C = easybot_controller::EasyBotController; B = controller_interface::ControllerInterface][m[K’:
[2.462s] [01m[K/opt/ros/humble/include/class_loader/class_loader/meta_object.hpp:216:7:[m[K   required from here
[2.462s] [01m[K/opt/ros/humble/include/class_loader/class_loader/meta_object.hpp:218:12:[m[K [01;31m[Kerror: [m[Kcannot convert ‘[01m[Keasybot_controller::EasyBotController*[m[K’ to ‘[01m[Kcontroller_interface::ControllerInterface*[m[K’ in return
[2.462s]   218 |     return [01;31m[Knew C[m[K;
[2.462s]       |            [01;31m[K^~~~~[m[K
[2.462s]       |            [01;31m[K|[m[K
[2.462s]       |            [01;31m[Keasybot_controller::EasyBotController*[m[K
[2.515s] gmake[2]: *** [CMakeFiles/easybot_controller.dir/build.make:76：CMakeFiles/easybot_controller.dir/controller/easybot_controller.cpp.o] 错误 1
[2.515s] gmake[1]: *** [CMakeFiles/Makefile2:165：CMakeFiles/easybot_controller.dir/all] 错误 2
[2.515s] gmake: *** [Makefile:146：all] 错误 2
[2.517s] Invoked command in '/home/kmra/ros2/easy_bot/ros_ws/build/easy_bot' returned '2': CMAKE_PREFIX_PATH=/opt/ros/humble /usr/bin/cmake --build /home/kmra/ros2/easy_bot/ros_ws/build/easy_bot -- -j4 -l4
