[0.010s] Invoking command in '/home/kmra/ros2/easy_bot/ros_ws/build/easy_bot': CMAKE_PREFIX_PATH=${CMAKE_PREFIX_PATH}:/opt/ros/humble /usr/bin/cmake --build /home/kmra/ros2/easy_bot/ros_ws/build/easy_bot -- -j4 -l4
[0.034s] -- Found ament_cmake: 1.3.14 (/opt/ros/humble/share/ament_cmake/cmake)
[0.119s] -- Found rclcpp: 16.0.19 (/opt/ros/humble/share/rclcpp/cmake)
[0.142s] -- Found rosidl_generator_c: 3.1.8 (/opt/ros/humble/share/rosidl_generator_c/cmake)
[0.144s] -- Found rosidl_adapter: 3.1.8 (/opt/ros/humble/share/rosidl_adapter/cmake)
[0.150s] -- Found rosidl_generator_cpp: 3.1.8 (/opt/ros/humble/share/rosidl_generator_cpp/cmake)
[0.154s] -- Using all available rosidl_typesupport_c: rosidl_typesupport_fastrtps_c;rosidl_typesupport_introspection_c
[0.161s] -- Using all available rosidl_typesupport_cpp: rosidl_typesupport_fastrtps_cpp;rosidl_typesupport_introspection_cpp
[0.181s] -- Found rmw_implementation_cmake: 6.1.2 (/opt/ros/humble/share/rmw_implementation_cmake/cmake)
[0.181s] -- Found rmw_fastrtps_cpp: 6.2.10 (/opt/ros/humble/share/rmw_fastrtps_cpp/cmake)
[0.256s] -- Using RMW implementation 'rmw_fastrtps_cpp' as default
[0.285s] -- Found ament_lint_auto: 0.12.15 (/opt/ros/humble/share/ament_lint_auto/cmake)
[0.335s] -- Added test 'flake8' to check Python code syntax and style conventions
[0.336s] -- Added test 'lint_cmake' to check CMake code style
[0.336s] -- Added test 'pep257' to check Python code against some of the docstring style conventions in PEP 257
[0.337s] -- Added test 'xmllint' to check XML markup files
[0.338s] -- Configuring done
[0.342s] -- Generating done
[0.345s] -- Build files have been written to: /home/kmra/ros2/easy_bot/ros_ws/build/easy_bot
[0.374s] Invoked command in '/home/kmra/ros2/easy_bot/ros_ws/build/easy_bot' returned '0': CMAKE_PREFIX_PATH=${CMAKE_PREFIX_PATH}:/opt/ros/humble /usr/bin/cmake --build /home/kmra/ros2/easy_bot/ros_ws/build/easy_bot -- -j4 -l4
[0.382s] Invoking command in '/home/kmra/ros2/easy_bot/ros_ws/build/easy_bot': CMAKE_PREFIX_PATH=${CMAKE_PREFIX_PATH}:/opt/ros/humble /usr/bin/cmake --install /home/kmra/ros2/easy_bot/ros_ws/build/easy_bot
[0.389s] -- Install configuration: ""
[0.389s] -- Up-to-date: /home/kmra/ros2/easy_bot/ros_ws/install/easy_bot/share/easy_bot/urdf
[0.389s] -- Up-to-date: /home/kmra/ros2/easy_bot/ros_ws/install/easy_bot/share/easy_bot/urdf/easy_bot_description.urdf.xacro
[0.389s] -- Up-to-date: /home/kmra/ros2/easy_bot/ros_ws/install/easy_bot/share/easy_bot/urdf/easy_bot.urdf.xacro
[0.389s] -- Up-to-date: /home/kmra/ros2/easy_bot/ros_ws/install/easy_bot/share/easy_bot/urdf/common_inertia.xacro
[0.389s] -- Installing: /home/kmra/ros2/easy_bot/ros_ws/install/easy_bot/share/easy_bot/launch
[0.389s] -- Installing: /home/kmra/ros2/easy_bot/ros_ws/install/easy_bot/share/easy_bot/launch/rviz_show.launch.py
[0.389s] -- Up-to-date: /home/kmra/ros2/easy_bot/ros_ws/install/easy_bot/share/ament_index/resource_index/package_run_dependencies/easy_bot
[0.389s] -- Installing: /home/kmra/ros2/easy_bot/ros_ws/install/easy_bot/share/ament_index/resource_index/parent_prefix_path/easy_bot
[0.389s] -- Up-to-date: /home/kmra/ros2/easy_bot/ros_ws/install/easy_bot/share/easy_bot/environment/ament_prefix_path.sh
[0.389s] -- Installing: /home/kmra/ros2/easy_bot/ros_ws/install/easy_bot/share/easy_bot/environment/ament_prefix_path.dsv
[0.389s] -- Up-to-date: /home/kmra/ros2/easy_bot/ros_ws/install/easy_bot/share/easy_bot/environment/path.sh
[0.389s] -- Installing: /home/kmra/ros2/easy_bot/ros_ws/install/easy_bot/share/easy_bot/environment/path.dsv
[0.389s] -- Up-to-date: /home/kmra/ros2/easy_bot/ros_ws/install/easy_bot/share/easy_bot/local_setup.bash
[0.389s] -- Up-to-date: /home/kmra/ros2/easy_bot/ros_ws/install/easy_bot/share/easy_bot/local_setup.sh
[0.389s] -- Up-to-date: /home/kmra/ros2/easy_bot/ros_ws/install/easy_bot/share/easy_bot/local_setup.zsh
[0.390s] -- Installing: /home/kmra/ros2/easy_bot/ros_ws/install/easy_bot/share/easy_bot/local_setup.dsv
[0.390s] -- Installing: /home/kmra/ros2/easy_bot/ros_ws/install/easy_bot/share/easy_bot/package.dsv
[0.390s] -- Up-to-date: /home/kmra/ros2/easy_bot/ros_ws/install/easy_bot/share/ament_index/resource_index/packages/easy_bot
[0.390s] -- Up-to-date: /home/kmra/ros2/easy_bot/ros_ws/install/easy_bot/share/easy_bot/cmake/easy_botConfig.cmake
[0.390s] -- Up-to-date: /home/kmra/ros2/easy_bot/ros_ws/install/easy_bot/share/easy_bot/cmake/easy_botConfig-version.cmake
[0.390s] -- Up-to-date: /home/kmra/ros2/easy_bot/ros_ws/install/easy_bot/share/easy_bot/package.xml
[0.393s] Invoked command in '/home/kmra/ros2/easy_bot/ros_ws/build/easy_bot' returned '0': CMAKE_PREFIX_PATH=${CMAKE_PREFIX_PATH}:/opt/ros/humble /usr/bin/cmake --install /home/kmra/ros2/easy_bot/ros_ws/build/easy_bot
