In file included from [01m[K/home/kmra/ros2/easy_bot/ros_ws/src/easy_bot/hardware/easy_bot.cpp:15[m[K:
[01m[K/home/kmra/ros2/easy_bot/ros_ws/src/easy_bot/hardware/include/easy_bot.hpp:38:31:[m[K [01;31m[Kerror: [m[K‘[01m[KHardwareComponentInterfaceParams[m[K’ in namespace ‘[01m[Khardware_interface[m[K’ does not name a type
   38 |     const hardware_interface::[01;31m[KHardwareComponentInterfaceParams[m[K & params) override;
      |                               [01;31m[K^~~~~~~~~~~~~~~~~~~~~~~~~~~~~~~~[m[K
[01m[K/home/kmra/ros2/easy_bot/ros_ws/src/easy_bot/hardware/include/easy_bot.hpp:37:38:[m[K [01;31m[Kerror: [m[K‘[01m[Khardware_interface::CallbackReturn easy_bot::EasyBotHardware::on_init(const int&)[m[K’ marked ‘[01m[Koverride[m[K’, but does not override
   37 |   hardware_interface::CallbackReturn [01;31m[Kon_init[m[K(
      |                                      [01;31m[K^~~~~~~[m[K
[01m[K/home/kmra/ros2/easy_bot/ros_ws/src/easy_bot/hardware/easy_bot.cpp:32:29:[m[K [01;31m[Kerror: [m[K‘[01m[KHardwareComponentInterfaceParams[m[K’ in namespace ‘[01m[Khardware_interface[m[K’ does not name a type
   32 |   const hardware_interface::[01;31m[KHardwareComponentInterfaceParams[m[K & params)
      |                             [01;31m[K^~~~~~~~~~~~~~~~~~~~~~~~~~~~~~~~[m[K
[01m[K/home/kmra/ros2/easy_bot/ros_ws/src/easy_bot/hardware/easy_bot.cpp:[m[K In member function ‘[01m[Khardware_interface::CallbackReturn easy_bot::EasyBotHardware::on_init(const int&)[m[K’:
[01m[K/home/kmra/ros2/easy_bot/ros_ws/src/easy_bot/hardware/easy_bot.cpp:35:50:[m[K [01;31m[Kerror: [m[Kcannot convert ‘[01m[Kconst int[m[K’ to ‘[01m[Kconst hardware_interface::HardwareInfo&[m[K’
   35 |     hardware_interface::SystemInterface::on_init([01;31m[Kparams[m[K) !=
      |                                                  [01;31m[K^~~~~~[m[K
      |                                                  [01;31m[K|[m[K
      |                                                  [01;31m[Kconst int[m[K
In file included from [01m[K/home/kmra/ros2/easy_bot/ros_ws/src/easy_bot/hardware/include/easy_bot.hpp:24[m[K,
                 from [01m[K/home/kmra/ros2/easy_bot/ros_ws/src/easy_bot/hardware/easy_bot.cpp:15[m[K:
[01m[K/opt/ros/humble/include/hardware_interface/hardware_interface/system_interface.hpp:111:55:[m[K [01;36m[Knote: [m[K  initializing argument 1 of ‘[01m[Kvirtual rclcpp_lifecycle::node_interfaces::LifecycleNodeInterface::CallbackReturn hardware_interface::SystemInterface::on_init(const hardware_interface::HardwareInfo&)[m[K’
  111 |   virtual CallbackReturn on_init([01;36m[Kconst HardwareInfo & hardware_info[m[K)
      |                                  [01;36m[K~~~~~~~~~~~~~~~~~~~~~^~~~~~~~~~~~~[m[K
In file included from [01m[K/opt/ros/humble/include/rclcpp/rclcpp/client.hpp:40[m[K,
                 from [01m[K/opt/ros/humble/include/rclcpp/rclcpp/callback_group.hpp:24[m[K,
                 from [01m[K/opt/ros/humble/include/rclcpp/rclcpp/any_executable.hpp:20[m[K,
                 from [01m[K/opt/ros/humble/include/rclcpp/rclcpp/memory_strategy.hpp:25[m[K,
                 from [01m[K/opt/ros/humble/include/rclcpp/rclcpp/memory_strategies.hpp:18[m[K,
                 from [01m[K/opt/ros/humble/include/rclcpp/rclcpp/executor_options.hpp:20[m[K,
                 from [01m[K/opt/ros/humble/include/rclcpp/rclcpp/executor.hpp:37[m[K,
                 from [01m[K/opt/ros/humble/include/rclcpp/rclcpp/executors/multi_threaded_executor.hpp:25[m[K,
                 from [01m[K/opt/ros/humble/include/rclcpp/rclcpp/executors.hpp:21[m[K,
                 from [01m[K/opt/ros/humble/include/rclcpp/rclcpp/rclcpp.hpp:155[m[K,
                 from [01m[K/home/kmra/ros2/easy_bot/ros_ws/src/easy_bot/hardware/easy_bot.cpp:27[m[K:
[01m[K/home/kmra/ros2/easy_bot/ros_ws/src/easy_bot/hardware/easy_bot.cpp:45:15:[m[K [01;31m[Kerror: [m[K‘[01m[Kget_logger[m[K’ was not declared in this scope; did you mean ‘[01m[Krclcpp::get_logger[m[K’?
   45 |   RCLCPP_INFO([01;31m[Kget_logger[m[K(), "Robot hardware_component update_rate is %dHz", info_.rw_rate);
      |               [01;31m[K^~~~~~~~~~[m[K
In file included from [01m[K/opt/ros/humble/include/rclcpp/rclcpp/logging.hpp:23[m[K,
                 from [01m[K/opt/ros/humble/include/rclcpp/rclcpp/client.hpp:40[m[K,
                 from [01m[K/opt/ros/humble/include/rclcpp/rclcpp/callback_group.hpp:24[m[K,
                 from [01m[K/opt/ros/humble/include/rclcpp/rclcpp/any_executable.hpp:20[m[K,
                 from [01m[K/opt/ros/humble/include/rclcpp/rclcpp/memory_strategy.hpp:25[m[K,
                 from [01m[K/opt/ros/humble/include/rclcpp/rclcpp/memory_strategies.hpp:18[m[K,
                 from [01m[K/opt/ros/humble/include/rclcpp/rclcpp/executor_options.hpp:20[m[K,
                 from [01m[K/opt/ros/humble/include/rclcpp/rclcpp/executor.hpp:37[m[K,
                 from [01m[K/opt/ros/humble/include/rclcpp/rclcpp/executors/multi_threaded_executor.hpp:25[m[K,
                 from [01m[K/opt/ros/humble/include/rclcpp/rclcpp/executors.hpp:21[m[K,
                 from [01m[K/opt/ros/humble/include/rclcpp/rclcpp/rclcpp.hpp:155[m[K,
                 from [01m[K/home/kmra/ros2/easy_bot/ros_ws/src/easy_bot/hardware/easy_bot.cpp:27[m[K:
[01m[K/opt/ros/humble/include/rclcpp/rclcpp/logger.hpp:106:17:[m[K [01;36m[Knote: [m[K‘[01m[Krclcpp::get_logger[m[K’ declared here
  106 |   friend Logger [01;36m[Krclcpp[m[K::get_logger(const std::string & name);
      |                 [01;36m[K^~~~~~[m[K
In file included from [01m[K/opt/ros/humble/include/rclcpp/rclcpp/client.hpp:40[m[K,
                 from [01m[K/opt/ros/humble/include/rclcpp/rclcpp/callback_group.hpp:24[m[K,
                 from [01m[K/opt/ros/humble/include/rclcpp/rclcpp/any_executable.hpp:20[m[K,
                 from [01m[K/opt/ros/humble/include/rclcpp/rclcpp/memory_strategy.hpp:25[m[K,
                 from [01m[K/opt/ros/humble/include/rclcpp/rclcpp/memory_strategies.hpp:18[m[K,
                 from [01m[K/opt/ros/humble/include/rclcpp/rclcpp/executor_options.hpp:20[m[K,
                 from [01m[K/opt/ros/humble/include/rclcpp/rclcpp/executor.hpp:37[m[K,
                 from [01m[K/opt/ros/humble/include/rclcpp/rclcpp/executors/multi_threaded_executor.hpp:25[m[K,
                 from [01m[K/opt/ros/humble/include/rclcpp/rclcpp/executors.hpp:21[m[K,
                 from [01m[K/opt/ros/humble/include/rclcpp/rclcpp/rclcpp.hpp:155[m[K,
                 from [01m[K/home/kmra/ros2/easy_bot/ros_ws/src/easy_bot/hardware/easy_bot.cpp:27[m[K:
[01m[K/home/kmra/ros2/easy_bot/ros_ws/src/easy_bot/hardware/easy_bot.cpp:45:3:[m[K [01;31m[Kerror: [m[Ktemplate argument 1 is invalid
   45 |   [01;31m[KRCLCPP_INFO[m[K(get_logger(), "Robot hardware_component update_rate is %dHz", info_.rw_rate);
      |   [01;31m[K^~~~~~~~~~~[m[K
In file included from [01m[K/opt/ros/humble/include/rclcpp/rclcpp/logging.hpp:24[m[K,
                 from [01m[K/opt/ros/humble/include/rclcpp/rclcpp/client.hpp:40[m[K,
                 from [01m[K/opt/ros/humble/include/rclcpp/rclcpp/callback_group.hpp:24[m[K,
                 from [01m[K/opt/ros/humble/include/rclcpp/rclcpp/any_executable.hpp:20[m[K,
                 from [01m[K/opt/ros/humble/include/rclcpp/rclcpp/memory_strategy.hpp:25[m[K,
                 from [01m[K/opt/ros/humble/include/rclcpp/rclcpp/memory_strategies.hpp:18[m[K,
                 from [01m[K/opt/ros/humble/include/rclcpp/rclcpp/executor_options.hpp:20[m[K,
                 from [01m[K/opt/ros/humble/include/rclcpp/rclcpp/executor.hpp:37[m[K,
                 from [01m[K/opt/ros/humble/include/rclcpp/rclcpp/executors/multi_threaded_executor.hpp:25[m[K,
                 from [01m[K/opt/ros/humble/include/rclcpp/rclcpp/executors.hpp:21[m[K,
                 from [01m[K/opt/ros/humble/include/rclcpp/rclcpp/rclcpp.hpp:155[m[K,
                 from [01m[K/home/kmra/ros2/easy_bot/ros_ws/src/easy_bot/hardware/easy_bot.cpp:27[m[K:
[01m[K/home/kmra/ros2/easy_bot/ros_ws/src/easy_bot/hardware/easy_bot.cpp:45:83:[m[K [01;31m[Kerror: [m[K‘[01m[Kstruct hardware_interface::HardwareInfo[m[K’ has no member named ‘[01m[Krw_rate[m[K’
   45 |   RCLCPP_INFO(get_logger(), "Robot hardware_component update_rate is %dHz", info_.[01;31m[Krw_rate[m[K);
      |                                                                                   [01;31m[K^~~~~~~[m[K
In file included from [01m[K/opt/ros/humble/include/rclcpp/rclcpp/client.hpp:40[m[K,
                 from [01m[K/opt/ros/humble/include/rclcpp/rclcpp/callback_group.hpp:24[m[K,
                 from [01m[K/opt/ros/humble/include/rclcpp/rclcpp/any_executable.hpp:20[m[K,
                 from [01m[K/opt/ros/humble/include/rclcpp/rclcpp/memory_strategy.hpp:25[m[K,
                 from [01m[K/opt/ros/humble/include/rclcpp/rclcpp/memory_strategies.hpp:18[m[K,
                 from [01m[K/opt/ros/humble/include/rclcpp/rclcpp/executor_options.hpp:20[m[K,
                 from [01m[K/opt/ros/humble/include/rclcpp/rclcpp/executor.hpp:37[m[K,
                 from [01m[K/opt/ros/humble/include/rclcpp/rclcpp/executors/multi_threaded_executor.hpp:25[m[K,
                 from [01m[K/opt/ros/humble/include/rclcpp/rclcpp/executors.hpp:21[m[K,
                 from [01m[K/opt/ros/humble/include/rclcpp/rclcpp/rclcpp.hpp:155[m[K,
                 from [01m[K/home/kmra/ros2/easy_bot/ros_ws/src/easy_bot/hardware/easy_bot.cpp:27[m[K:
[01m[K/home/kmra/ros2/easy_bot/ros_ws/src/easy_bot/hardware/easy_bot.cpp:54:9:[m[K [01;31m[Kerror: [m[K‘[01m[Kget_logger[m[K’ was not declared in this scope; did you mean ‘[01m[Krclcpp::get_logger[m[K’?
   54 |         [01;31m[Kget_logger[m[K(), "Joint '%s' has %zu command interfaces found. 1 expected.",
      |         [01;31m[K^~~~~~~~~~[m[K
In file included from [01m[K/opt/ros/humble/include/rclcpp/rclcpp/logging.hpp:23[m[K,
                 from [01m[K/opt/ros/humble/include/rclcpp/rclcpp/client.hpp:40[m[K,
                 from [01m[K/opt/ros/humble/include/rclcpp/rclcpp/callback_group.hpp:24[m[K,
                 from [01m[K/opt/ros/humble/include/rclcpp/rclcpp/any_executable.hpp:20[m[K,
                 from [01m[K/opt/ros/humble/include/rclcpp/rclcpp/memory_strategy.hpp:25[m[K,
                 from [01m[K/opt/ros/humble/include/rclcpp/rclcpp/memory_strategies.hpp:18[m[K,
                 from [01m[K/opt/ros/humble/include/rclcpp/rclcpp/executor_options.hpp:20[m[K,
                 from [01m[K/opt/ros/humble/include/rclcpp/rclcpp/executor.hpp:37[m[K,
                 from [01m[K/opt/ros/humble/include/rclcpp/rclcpp/executors/multi_threaded_executor.hpp:25[m[K,
                 from [01m[K/opt/ros/humble/include/rclcpp/rclcpp/executors.hpp:21[m[K,
                 from [01m[K/opt/ros/humble/include/rclcpp/rclcpp/rclcpp.hpp:155[m[K,
                 from [01m[K/home/kmra/ros2/easy_bot/ros_ws/src/easy_bot/hardware/easy_bot.cpp:27[m[K:
[01m[K/opt/ros/humble/include/rclcpp/rclcpp/logger.hpp:106:17:[m[K [01;36m[Knote: [m[K‘[01m[Krclcpp::get_logger[m[K’ declared here
  106 |   friend Logger [01;36m[Krclcpp[m[K::get_logger(const std::string & name);
      |                 [01;36m[K^~~~~~[m[K
In file included from [01m[K/opt/ros/humble/include/rclcpp/rclcpp/client.hpp:40[m[K,
                 from [01m[K/opt/ros/humble/include/rclcpp/rclcpp/callback_group.hpp:24[m[K,
                 from [01m[K/opt/ros/humble/include/rclcpp/rclcpp/any_executable.hpp:20[m[K,
                 from [01m[K/opt/ros/humble/include/rclcpp/rclcpp/memory_strategy.hpp:25[m[K,
                 from [01m[K/opt/ros/humble/include/rclcpp/rclcpp/memory_strategies.hpp:18[m[K,
                 from [01m[K/opt/ros/humble/include/rclcpp/rclcpp/executor_options.hpp:20[m[K,
                 from [01m[K/opt/ros/humble/include/rclcpp/rclcpp/executor.hpp:37[m[K,
                 from [01m[K/opt/ros/humble/include/rclcpp/rclcpp/executors/multi_threaded_executor.hpp:25[m[K,
                 from [01m[K/opt/ros/humble/include/rclcpp/rclcpp/executors.hpp:21[m[K,
                 from [01m[K/opt/ros/humble/include/rclcpp/rclcpp/rclcpp.hpp:155[m[K,
                 from [01m[K/home/kmra/ros2/easy_bot/ros_ws/src/easy_bot/hardware/easy_bot.cpp:27[m[K:
[01m[K/home/kmra/ros2/easy_bot/ros_ws/src/easy_bot/hardware/easy_bot.cpp:53:7:[m[K [01;31m[Kerror: [m[Ktemplate argument 1 is invalid
   53 |       [01;31m[KRCLCPP_FATAL[m[K(
      |       [01;31m[K^~~~~~~~~~~~[m[K
[01m[K/home/kmra/ros2/easy_bot/ros_ws/src/easy_bot/hardware/easy_bot.cpp:62:9:[m[K [01;31m[Kerror: [m[K‘[01m[Kget_logger[m[K’ was not declared in this scope; did you mean ‘[01m[Krclcpp::get_logger[m[K’?
   62 |         [01;31m[Kget_logger[m[K(), "Joint '%s' have %s command interfaces found. '%s' expected.",
      |         [01;31m[K^~~~~~~~~~[m[K
In file included from [01m[K/opt/ros/humble/include/rclcpp/rclcpp/logging.hpp:23[m[K,
                 from [01m[K/opt/ros/humble/include/rclcpp/rclcpp/client.hpp:40[m[K,
                 from [01m[K/opt/ros/humble/include/rclcpp/rclcpp/callback_group.hpp:24[m[K,
                 from [01m[K/opt/ros/humble/include/rclcpp/rclcpp/any_executable.hpp:20[m[K,
                 from [01m[K/opt/ros/humble/include/rclcpp/rclcpp/memory_strategy.hpp:25[m[K,
                 from [01m[K/opt/ros/humble/include/rclcpp/rclcpp/memory_strategies.hpp:18[m[K,
                 from [01m[K/opt/ros/humble/include/rclcpp/rclcpp/executor_options.hpp:20[m[K,
                 from [01m[K/opt/ros/humble/include/rclcpp/rclcpp/executor.hpp:37[m[K,
                 from [01m[K/opt/ros/humble/include/rclcpp/rclcpp/executors/multi_threaded_executor.hpp:25[m[K,
                 from [01m[K/opt/ros/humble/include/rclcpp/rclcpp/executors.hpp:21[m[K,
                 from [01m[K/opt/ros/humble/include/rclcpp/rclcpp/rclcpp.hpp:155[m[K,
                 from [01m[K/home/kmra/ros2/easy_bot/ros_ws/src/easy_bot/hardware/easy_bot.cpp:27[m[K:
[01m[K/opt/ros/humble/include/rclcpp/rclcpp/logger.hpp:106:17:[m[K [01;36m[Knote: [m[K‘[01m[Krclcpp::get_logger[m[K’ declared here
  106 |   friend Logger [01;36m[Krclcpp[m[K::get_logger(const std::string & name);
      |                 [01;36m[K^~~~~~[m[K
In file included from [01m[K/opt/ros/humble/include/rclcpp/rclcpp/client.hpp:40[m[K,
                 from [01m[K/opt/ros/humble/include/rclcpp/rclcpp/callback_group.hpp:24[m[K,
                 from [01m[K/opt/ros/humble/include/rclcpp/rclcpp/any_executable.hpp:20[m[K,
                 from [01m[K/opt/ros/humble/include/rclcpp/rclcpp/memory_strategy.hpp:25[m[K,
                 from [01m[K/opt/ros/humble/include/rclcpp/rclcpp/memory_strategies.hpp:18[m[K,
                 from [01m[K/opt/ros/humble/include/rclcpp/rclcpp/executor_options.hpp:20[m[K,
                 from [01m[K/opt/ros/humble/include/rclcpp/rclcpp/executor.hpp:37[m[K,
                 from [01m[K/opt/ros/humble/include/rclcpp/rclcpp/executors/multi_threaded_executor.hpp:25[m[K,
                 from [01m[K/opt/ros/humble/include/rclcpp/rclcpp/executors.hpp:21[m[K,
                 from [01m[K/opt/ros/humble/include/rclcpp/rclcpp/rclcpp.hpp:155[m[K,
                 from [01m[K/home/kmra/ros2/easy_bot/ros_ws/src/easy_bot/hardware/easy_bot.cpp:27[m[K:
[01m[K/home/kmra/ros2/easy_bot/ros_ws/src/easy_bot/hardware/easy_bot.cpp:61:7:[m[K [01;31m[Kerror: [m[Ktemplate argument 1 is invalid
   61 |       [01;31m[KRCLCPP_FATAL[m[K(
      |       [01;31m[K^~~~~~~~~~~~[m[K
[01m[K/home/kmra/ros2/easy_bot/ros_ws/src/easy_bot/hardware/easy_bot.cpp:71:9:[m[K [01;31m[Kerror: [m[K‘[01m[Kget_logger[m[K’ was not declared in this scope; did you mean ‘[01m[Krclcpp::get_logger[m[K’?
   71 |         [01;31m[Kget_logger[m[K(), "Joint '%s' has %zu state interface. 1 expected.", joint.name.c_str(),
      |         [01;31m[K^~~~~~~~~~[m[K
In file included from [01m[K/opt/ros/humble/include/rclcpp/rclcpp/logging.hpp:23[m[K,
                 from [01m[K/opt/ros/humble/include/rclcpp/rclcpp/client.hpp:40[m[K,
                 from [01m[K/opt/ros/humble/include/rclcpp/rclcpp/callback_group.hpp:24[m[K,
                 from [01m[K/opt/ros/humble/include/rclcpp/rclcpp/any_executable.hpp:20[m[K,
                 from [01m[K/opt/ros/humble/include/rclcpp/rclcpp/memory_strategy.hpp:25[m[K,
                 from [01m[K/opt/ros/humble/include/rclcpp/rclcpp/memory_strategies.hpp:18[m[K,
                 from [01m[K/opt/ros/humble/include/rclcpp/rclcpp/executor_options.hpp:20[m[K,
                 from [01m[K/opt/ros/humble/include/rclcpp/rclcpp/executor.hpp:37[m[K,
                 from [01m[K/opt/ros/humble/include/rclcpp/rclcpp/executors/multi_threaded_executor.hpp:25[m[K,
                 from [01m[K/opt/ros/humble/include/rclcpp/rclcpp/executors.hpp:21[m[K,
                 from [01m[K/opt/ros/humble/include/rclcpp/rclcpp/rclcpp.hpp:155[m[K,
                 from [01m[K/home/kmra/ros2/easy_bot/ros_ws/src/easy_bot/hardware/easy_bot.cpp:27[m[K:
[01m[K/opt/ros/humble/include/rclcpp/rclcpp/logger.hpp:106:17:[m[K [01;36m[Knote: [m[K‘[01m[Krclcpp::get_logger[m[K’ declared here
  106 |   friend Logger [01;36m[Krclcpp[m[K::get_logger(const std::string & name);
      |                 [01;36m[K^~~~~~[m[K
In file included from [01m[K/opt/ros/humble/include/rclcpp/rclcpp/client.hpp:40[m[K,
                 from [01m[K/opt/ros/humble/include/rclcpp/rclcpp/callback_group.hpp:24[m[K,
                 from [01m[K/opt/ros/humble/include/rclcpp/rclcpp/any_executable.hpp:20[m[K,
                 from [01m[K/opt/ros/humble/include/rclcpp/rclcpp/memory_strategy.hpp:25[m[K,
                 from [01m[K/opt/ros/humble/include/rclcpp/rclcpp/memory_strategies.hpp:18[m[K,
                 from [01m[K/opt/ros/humble/include/rclcpp/rclcpp/executor_options.hpp:20[m[K,
                 from [01m[K/opt/ros/humble/include/rclcpp/rclcpp/executor.hpp:37[m[K,
                 from [01m[K/opt/ros/humble/include/rclcpp/rclcpp/executors/multi_threaded_executor.hpp:25[m[K,
                 from [01m[K/opt/ros/humble/include/rclcpp/rclcpp/executors.hpp:21[m[K,
                 from [01m[K/opt/ros/humble/include/rclcpp/rclcpp/rclcpp.hpp:155[m[K,
                 from [01m[K/home/kmra/ros2/easy_bot/ros_ws/src/easy_bot/hardware/easy_bot.cpp:27[m[K:
[01m[K/home/kmra/ros2/easy_bot/ros_ws/src/easy_bot/hardware/easy_bot.cpp:70:7:[m[K [01;31m[Kerror: [m[Ktemplate argument 1 is invalid
   70 |       [01;31m[KRCLCPP_FATAL[m[K(
      |       [01;31m[K^~~~~~~~~~~~[m[K
[01m[K/home/kmra/ros2/easy_bot/ros_ws/src/easy_bot/hardware/easy_bot.cpp:79:9:[m[K [01;31m[Kerror: [m[K‘[01m[Kget_logger[m[K’ was not declared in this scope; did you mean ‘[01m[Krclcpp::get_logger[m[K’?
   79 |         [01;31m[Kget_logger[m[K(), "Joint '%s' have %s state interface. '%s' expected.", joint.name.c_str(),
      |         [01;31m[K^~~~~~~~~~[m[K
In file included from [01m[K/opt/ros/humble/include/rclcpp/rclcpp/logging.hpp:23[m[K,
                 from [01m[K/opt/ros/humble/include/rclcpp/rclcpp/client.hpp:40[m[K,
                 from [01m[K/opt/ros/humble/include/rclcpp/rclcpp/callback_group.hpp:24[m[K,
                 from [01m[K/opt/ros/humble/include/rclcpp/rclcpp/any_executable.hpp:20[m[K,
                 from [01m[K/opt/ros/humble/include/rclcpp/rclcpp/memory_strategy.hpp:25[m[K,
                 from [01m[K/opt/ros/humble/include/rclcpp/rclcpp/memory_strategies.hpp:18[m[K,
                 from [01m[K/opt/ros/humble/include/rclcpp/rclcpp/executor_options.hpp:20[m[K,
                 from [01m[K/opt/ros/humble/include/rclcpp/rclcpp/executor.hpp:37[m[K,
                 from [01m[K/opt/ros/humble/include/rclcpp/rclcpp/executors/multi_threaded_executor.hpp:25[m[K,
                 from [01m[K/opt/ros/humble/include/rclcpp/rclcpp/executors.hpp:21[m[K,
                 from [01m[K/opt/ros/humble/include/rclcpp/rclcpp/rclcpp.hpp:155[m[K,
                 from [01m[K/home/kmra/ros2/easy_bot/ros_ws/src/easy_bot/hardware/easy_bot.cpp:27[m[K:
[01m[K/opt/ros/humble/include/rclcpp/rclcpp/logger.hpp:106:17:[m[K [01;36m[Knote: [m[K‘[01m[Krclcpp::get_logger[m[K’ declared here
  106 |   friend Logger [01;36m[Krclcpp[m[K::get_logger(const std::string & name);
      |                 [01;36m[K^~~~~~[m[K
In file included from [01m[K/opt/ros/humble/include/rclcpp/rclcpp/client.hpp:40[m[K,
                 from [01m[K/opt/ros/humble/include/rclcpp/rclcpp/callback_group.hpp:24[m[K,
                 from [01m[K/opt/ros/humble/include/rclcpp/rclcpp/any_executable.hpp:20[m[K,
                 from [01m[K/opt/ros/humble/include/rclcpp/rclcpp/memory_strategy.hpp:25[m[K,
                 from [01m[K/opt/ros/humble/include/rclcpp/rclcpp/memory_strategies.hpp:18[m[K,
                 from [01m[K/opt/ros/humble/include/rclcpp/rclcpp/executor_options.hpp:20[m[K,
                 from [01m[K/opt/ros/humble/include/rclcpp/rclcpp/executor.hpp:37[m[K,
                 from [01m[K/opt/ros/humble/include/rclcpp/rclcpp/executors/multi_threaded_executor.hpp:25[m[K,
                 from [01m[K/opt/ros/humble/include/rclcpp/rclcpp/executors.hpp:21[m[K,
                 from [01m[K/opt/ros/humble/include/rclcpp/rclcpp/rclcpp.hpp:155[m[K,
                 from [01m[K/home/kmra/ros2/easy_bot/ros_ws/src/easy_bot/hardware/easy_bot.cpp:27[m[K:
[01m[K/home/kmra/ros2/easy_bot/ros_ws/src/easy_bot/hardware/easy_bot.cpp:78:7:[m[K [01;31m[Kerror: [m[Ktemplate argument 1 is invalid
   78 |       [01;31m[KRCLCPP_FATAL[m[K(
      |       [01;31m[K^~~~~~~~~~~~[m[K
[01m[K/home/kmra/ros2/easy_bot/ros_ws/src/easy_bot/hardware/easy_bot.cpp:[m[K In member function ‘[01m[Kvirtual hardware_interface::CallbackReturn easy_bot::EasyBotHardware::on_configure(const rclcpp_lifecycle::State&)[m[K’:
[01m[K/home/kmra/ros2/easy_bot/ros_ws/src/easy_bot/hardware/easy_bot.cpp:92:15:[m[K [01;31m[Kerror: [m[K‘[01m[Kget_logger[m[K’ was not declared in this scope; did you mean ‘[01m[Krclcpp::get_logger[m[K’?
   92 |   RCLCPP_INFO([01;31m[Kget_logger[m[K(), "Configuring ...please wait...");
      |               [01;31m[K^~~~~~~~~~[m[K
In file included from [01m[K/opt/ros/humble/include/rclcpp/rclcpp/logging.hpp:23[m[K,
                 from [01m[K/opt/ros/humble/include/rclcpp/rclcpp/client.hpp:40[m[K,
                 from [01m[K/opt/ros/humble/include/rclcpp/rclcpp/callback_group.hpp:24[m[K,
                 from [01m[K/opt/ros/humble/include/rclcpp/rclcpp/any_executable.hpp:20[m[K,
                 from [01m[K/opt/ros/humble/include/rclcpp/rclcpp/memory_strategy.hpp:25[m[K,
                 from [01m[K/opt/ros/humble/include/rclcpp/rclcpp/memory_strategies.hpp:18[m[K,
                 from [01m[K/opt/ros/humble/include/rclcpp/rclcpp/executor_options.hpp:20[m[K,
                 from [01m[K/opt/ros/humble/include/rclcpp/rclcpp/executor.hpp:37[m[K,
                 from [01m[K/opt/ros/humble/include/rclcpp/rclcpp/executors/multi_threaded_executor.hpp:25[m[K,
                 from [01m[K/opt/ros/humble/include/rclcpp/rclcpp/executors.hpp:21[m[K,
                 from [01m[K/opt/ros/humble/include/rclcpp/rclcpp/rclcpp.hpp:155[m[K,
                 from [01m[K/home/kmra/ros2/easy_bot/ros_ws/src/easy_bot/hardware/easy_bot.cpp:27[m[K:
[01m[K/opt/ros/humble/include/rclcpp/rclcpp/logger.hpp:106:17:[m[K [01;36m[Knote: [m[K‘[01m[Krclcpp::get_logger[m[K’ declared here
  106 |   friend Logger [01;36m[Krclcpp[m[K::get_logger(const std::string & name);
      |                 [01;36m[K^~~~~~[m[K
In file included from [01m[K/opt/ros/humble/include/rclcpp/rclcpp/client.hpp:40[m[K,
                 from [01m[K/opt/ros/humble/include/rclcpp/rclcpp/callback_group.hpp:24[m[K,
                 from [01m[K/opt/ros/humble/include/rclcpp/rclcpp/any_executable.hpp:20[m[K,
                 from [01m[K/opt/ros/humble/include/rclcpp/rclcpp/memory_strategy.hpp:25[m[K,
                 from [01m[K/opt/ros/humble/include/rclcpp/rclcpp/memory_strategies.hpp:18[m[K,
                 from [01m[K/opt/ros/humble/include/rclcpp/rclcpp/executor_options.hpp:20[m[K,
                 from [01m[K/opt/ros/humble/include/rclcpp/rclcpp/executor.hpp:37[m[K,
                 from [01m[K/opt/ros/humble/include/rclcpp/rclcpp/executors/multi_threaded_executor.hpp:25[m[K,
                 from [01m[K/opt/ros/humble/include/rclcpp/rclcpp/executors.hpp:21[m[K,
                 from [01m[K/opt/ros/humble/include/rclcpp/rclcpp/rclcpp.hpp:155[m[K,
                 from [01m[K/home/kmra/ros2/easy_bot/ros_ws/src/easy_bot/hardware/easy_bot.cpp:27[m[K:
[01m[K/home/kmra/ros2/easy_bot/ros_ws/src/easy_bot/hardware/easy_bot.cpp:92:3:[m[K [01;31m[Kerror: [m[Ktemplate argument 1 is invalid
   92 |   [01;31m[KRCLCPP_INFO[m[K(get_logger(), "Configuring ...please wait...");
      |   [01;31m[K^~~~~~~~~~~[m[K
[01m[K/home/kmra/ros2/easy_bot/ros_ws/src/easy_bot/hardware/easy_bot.cpp:97:17:[m[K [01;31m[Kerror: [m[K‘[01m[Kget_logger[m[K’ was not declared in this scope; did you mean ‘[01m[Krclcpp::get_logger[m[K’?
   97 |     RCLCPP_INFO([01;31m[Kget_logger[m[K(), "%.1f seconds left...", hw_start_sec_ - i);
      |                 [01;31m[K^~~~~~~~~~[m[K
In file included from [01m[K/opt/ros/humble/include/rclcpp/rclcpp/logging.hpp:23[m[K,
                 from [01m[K/opt/ros/humble/include/rclcpp/rclcpp/client.hpp:40[m[K,
                 from [01m[K/opt/ros/humble/include/rclcpp/rclcpp/callback_group.hpp:24[m[K,
                 from [01m[K/opt/ros/humble/include/rclcpp/rclcpp/any_executable.hpp:20[m[K,
                 from [01m[K/opt/ros/humble/include/rclcpp/rclcpp/memory_strategy.hpp:25[m[K,
                 from [01m[K/opt/ros/humble/include/rclcpp/rclcpp/memory_strategies.hpp:18[m[K,
                 from [01m[K/opt/ros/humble/include/rclcpp/rclcpp/executor_options.hpp:20[m[K,
                 from [01m[K/opt/ros/humble/include/rclcpp/rclcpp/executor.hpp:37[m[K,
                 from [01m[K/opt/ros/humble/include/rclcpp/rclcpp/executors/multi_threaded_executor.hpp:25[m[K,
                 from [01m[K/opt/ros/humble/include/rclcpp/rclcpp/executors.hpp:21[m[K,
                 from [01m[K/opt/ros/humble/include/rclcpp/rclcpp/rclcpp.hpp:155[m[K,
                 from [01m[K/home/kmra/ros2/easy_bot/ros_ws/src/easy_bot/hardware/easy_bot.cpp:27[m[K:
[01m[K/opt/ros/humble/include/rclcpp/rclcpp/logger.hpp:106:17:[m[K [01;36m[Knote: [m[K‘[01m[Krclcpp::get_logger[m[K’ declared here
  106 |   friend Logger [01;36m[Krclcpp[m[K::get_logger(const std::string & name);
      |                 [01;36m[K^~~~~~[m[K
In file included from [01m[K/opt/ros/humble/include/rclcpp/rclcpp/client.hpp:40[m[K,
                 from [01m[K/opt/ros/humble/include/rclcpp/rclcpp/callback_group.hpp:24[m[K,
                 from [01m[K/opt/ros/humble/include/rclcpp/rclcpp/any_executable.hpp:20[m[K,
                 from [01m[K/opt/ros/humble/include/rclcpp/rclcpp/memory_strategy.hpp:25[m[K,
                 from [01m[K/opt/ros/humble/include/rclcpp/rclcpp/memory_strategies.hpp:18[m[K,
                 from [01m[K/opt/ros/humble/include/rclcpp/rclcpp/executor_options.hpp:20[m[K,
                 from [01m[K/opt/ros/humble/include/rclcpp/rclcpp/executor.hpp:37[m[K,
                 from [01m[K/opt/ros/humble/include/rclcpp/rclcpp/executors/multi_threaded_executor.hpp:25[m[K,
                 from [01m[K/opt/ros/humble/include/rclcpp/rclcpp/executors.hpp:21[m[K,
                 from [01m[K/opt/ros/humble/include/rclcpp/rclcpp/rclcpp.hpp:155[m[K,
                 from [01m[K/home/kmra/ros2/easy_bot/ros_ws/src/easy_bot/hardware/easy_bot.cpp:27[m[K:
[01m[K/home/kmra/ros2/easy_bot/ros_ws/src/easy_bot/hardware/easy_bot.cpp:97:5:[m[K [01;31m[Kerror: [m[Ktemplate argument 1 is invalid
   97 |     [01;31m[KRCLCPP_INFO[m[K(get_logger(), "%.1f seconds left...", hw_start_sec_ - i);
      |     [01;31m[K^~~~~~~~~~~[m[K
[01m[K/home/kmra/ros2/easy_bot/ros_ws/src/easy_bot/hardware/easy_bot.cpp:102:37:[m[K [01;31m[Kerror: [m[K‘[01m[Kjoint_state_interfaces_[m[K’ was not declared in this scope; did you mean ‘[01m[Kexport_state_interfaces[m[K’?
  102 |   for (const auto & [name, descr] : [01;31m[Kjoint_state_interfaces_[m[K)
      |                                     [01;31m[K^~~~~~~~~~~~~~~~~~~~~~~[m[K
      |                                     [32m[Kexport_state_interfaces[m[K
[01m[K/home/kmra/ros2/easy_bot/ros_ws/src/easy_bot/hardware/easy_bot.cpp:106:37:[m[K [01;31m[Kerror: [m[K‘[01m[Kjoint_command_interfaces_[m[K’ was not declared in this scope; did you mean ‘[01m[Kexport_command_interfaces[m[K’?
  106 |   for (const auto & [name, descr] : [01;31m[Kjoint_command_interfaces_[m[K)
      |                                     [01;31m[K^~~~~~~~~~~~~~~~~~~~~~~~~[m[K
      |                                     [32m[Kexport_command_interfaces[m[K
[01m[K/home/kmra/ros2/easy_bot/ros_ws/src/easy_bot/hardware/easy_bot.cpp:108:5:[m[K [01;31m[Kerror: [m[K‘[01m[Kset_command[m[K’ was not declared in this scope
  108 |     [01;31m[Kset_command[m[K(name, 0.0);
      |     [01;31m[K^~~~~~~~~~~[m[K
In file included from [01m[K/opt/ros/humble/include/rclcpp/rclcpp/client.hpp:40[m[K,
                 from [01m[K/opt/ros/humble/include/rclcpp/rclcpp/callback_group.hpp:24[m[K,
                 from [01m[K/opt/ros/humble/include/rclcpp/rclcpp/any_executable.hpp:20[m[K,
                 from [01m[K/opt/ros/humble/include/rclcpp/rclcpp/memory_strategy.hpp:25[m[K,
                 from [01m[K/opt/ros/humble/include/rclcpp/rclcpp/memory_strategies.hpp:18[m[K,
                 from [01m[K/opt/ros/humble/include/rclcpp/rclcpp/executor_options.hpp:20[m[K,
                 from [01m[K/opt/ros/humble/include/rclcpp/rclcpp/executor.hpp:37[m[K,
                 from [01m[K/opt/ros/humble/include/rclcpp/rclcpp/executors/multi_threaded_executor.hpp:25[m[K,
                 from [01m[K/opt/ros/humble/include/rclcpp/rclcpp/executors.hpp:21[m[K,
                 from [01m[K/opt/ros/humble/include/rclcpp/rclcpp/rclcpp.hpp:155[m[K,
                 from [01m[K/home/kmra/ros2/easy_bot/ros_ws/src/easy_bot/hardware/easy_bot.cpp:27[m[K:
[01m[K/home/kmra/ros2/easy_bot/ros_ws/src/easy_bot/hardware/easy_bot.cpp:110:15:[m[K [01;31m[Kerror: [m[K‘[01m[Kget_logger[m[K’ was not declared in this scope; did you mean ‘[01m[Krclcpp::get_logger[m[K’?
  110 |   RCLCPP_INFO([01;31m[Kget_logger[m[K(), "Successfully configured!");
      |               [01;31m[K^~~~~~~~~~[m[K
In file included from [01m[K/opt/ros/humble/include/rclcpp/rclcpp/logging.hpp:23[m[K,
                 from [01m[K/opt/ros/humble/include/rclcpp/rclcpp/client.hpp:40[m[K,
                 from [01m[K/opt/ros/humble/include/rclcpp/rclcpp/callback_group.hpp:24[m[K,
                 from [01m[K/opt/ros/humble/include/rclcpp/rclcpp/any_executable.hpp:20[m[K,
                 from [01m[K/opt/ros/humble/include/rclcpp/rclcpp/memory_strategy.hpp:25[m[K,
                 from [01m[K/opt/ros/humble/include/rclcpp/rclcpp/memory_strategies.hpp:18[m[K,
                 from [01m[K/opt/ros/humble/include/rclcpp/rclcpp/executor_options.hpp:20[m[K,
                 from [01m[K/opt/ros/humble/include/rclcpp/rclcpp/executor.hpp:37[m[K,
                 from [01m[K/opt/ros/humble/include/rclcpp/rclcpp/executors/multi_threaded_executor.hpp:25[m[K,
                 from [01m[K/opt/ros/humble/include/rclcpp/rclcpp/executors.hpp:21[m[K,
                 from [01m[K/opt/ros/humble/include/rclcpp/rclcpp/rclcpp.hpp:155[m[K,
                 from [01m[K/home/kmra/ros2/easy_bot/ros_ws/src/easy_bot/hardware/easy_bot.cpp:27[m[K:
[01m[K/opt/ros/humble/include/rclcpp/rclcpp/logger.hpp:106:17:[m[K [01;36m[Knote: [m[K‘[01m[Krclcpp::get_logger[m[K’ declared here
  106 |   friend Logger [01;36m[Krclcpp[m[K::get_logger(const std::string & name);
      |                 [01;36m[K^~~~~~[m[K
In file included from [01m[K/opt/ros/humble/include/rclcpp/rclcpp/client.hpp:40[m[K,
                 from [01m[K/opt/ros/humble/include/rclcpp/rclcpp/callback_group.hpp:24[m[K,
                 from [01m[K/opt/ros/humble/include/rclcpp/rclcpp/any_executable.hpp:20[m[K,
                 from [01m[K/opt/ros/humble/include/rclcpp/rclcpp/memory_strategy.hpp:25[m[K,
                 from [01m[K/opt/ros/humble/include/rclcpp/rclcpp/memory_strategies.hpp:18[m[K,
                 from [01m[K/opt/ros/humble/include/rclcpp/rclcpp/executor_options.hpp:20[m[K,
                 from [01m[K/opt/ros/humble/include/rclcpp/rclcpp/executor.hpp:37[m[K,
                 from [01m[K/opt/ros/humble/include/rclcpp/rclcpp/executors/multi_threaded_executor.hpp:25[m[K,
                 from [01m[K/opt/ros/humble/include/rclcpp/rclcpp/executors.hpp:21[m[K,
                 from [01m[K/opt/ros/humble/include/rclcpp/rclcpp/rclcpp.hpp:155[m[K,
                 from [01m[K/home/kmra/ros2/easy_bot/ros_ws/src/easy_bot/hardware/easy_bot.cpp:27[m[K:
[01m[K/home/kmra/ros2/easy_bot/ros_ws/src/easy_bot/hardware/easy_bot.cpp:110:3:[m[K [01;31m[Kerror: [m[Ktemplate argument 1 is invalid
  110 |   [01;31m[KRCLCPP_INFO[m[K(get_logger(), "Successfully configured!");
      |   [01;31m[K^~~~~~~~~~~[m[K
[01m[K/home/kmra/ros2/easy_bot/ros_ws/src/easy_bot/hardware/easy_bot.cpp:[m[K In member function ‘[01m[Kvirtual hardware_interface::CallbackReturn easy_bot::EasyBotHardware::on_activate(const rclcpp_lifecycle::State&)[m[K’:
[01m[K/home/kmra/ros2/easy_bot/ros_ws/src/easy_bot/hardware/easy_bot.cpp:119:15:[m[K [01;31m[Kerror: [m[K‘[01m[Kget_logger[m[K’ was not declared in this scope; did you mean ‘[01m[Krclcpp::get_logger[m[K’?
  119 |   RCLCPP_INFO([01;31m[Kget_logger[m[K(), "Activating ...please wait...");
      |               [01;31m[K^~~~~~~~~~[m[K
In file included from [01m[K/opt/ros/humble/include/rclcpp/rclcpp/logging.hpp:23[m[K,
                 from [01m[K/opt/ros/humble/include/rclcpp/rclcpp/client.hpp:40[m[K,
                 from [01m[K/opt/ros/humble/include/rclcpp/rclcpp/callback_group.hpp:24[m[K,
                 from [01m[K/opt/ros/humble/include/rclcpp/rclcpp/any_executable.hpp:20[m[K,
                 from [01m[K/opt/ros/humble/include/rclcpp/rclcpp/memory_strategy.hpp:25[m[K,
                 from [01m[K/opt/ros/humble/include/rclcpp/rclcpp/memory_strategies.hpp:18[m[K,
                 from [01m[K/opt/ros/humble/include/rclcpp/rclcpp/executor_options.hpp:20[m[K,
                 from [01m[K/opt/ros/humble/include/rclcpp/rclcpp/executor.hpp:37[m[K,
                 from [01m[K/opt/ros/humble/include/rclcpp/rclcpp/executors/multi_threaded_executor.hpp:25[m[K,
                 from [01m[K/opt/ros/humble/include/rclcpp/rclcpp/executors.hpp:21[m[K,
                 from [01m[K/opt/ros/humble/include/rclcpp/rclcpp/rclcpp.hpp:155[m[K,
                 from [01m[K/home/kmra/ros2/easy_bot/ros_ws/src/easy_bot/hardware/easy_bot.cpp:27[m[K:
[01m[K/opt/ros/humble/include/rclcpp/rclcpp/logger.hpp:106:17:[m[K [01;36m[Knote: [m[K‘[01m[Krclcpp::get_logger[m[K’ declared here
  106 |   friend Logger [01;36m[Krclcpp[m[K::get_logger(const std::string & name);
      |                 [01;36m[K^~~~~~[m[K
In file included from [01m[K/opt/ros/humble/include/rclcpp/rclcpp/client.hpp:40[m[K,
                 from [01m[K/opt/ros/humble/include/rclcpp/rclcpp/callback_group.hpp:24[m[K,
                 from [01m[K/opt/ros/humble/include/rclcpp/rclcpp/any_executable.hpp:20[m[K,
                 from [01m[K/opt/ros/humble/include/rclcpp/rclcpp/memory_strategy.hpp:25[m[K,
                 from [01m[K/opt/ros/humble/include/rclcpp/rclcpp/memory_strategies.hpp:18[m[K,
                 from [01m[K/opt/ros/humble/include/rclcpp/rclcpp/executor_options.hpp:20[m[K,
                 from [01m[K/opt/ros/humble/include/rclcpp/rclcpp/executor.hpp:37[m[K,
                 from [01m[K/opt/ros/humble/include/rclcpp/rclcpp/executors/multi_threaded_executor.hpp:25[m[K,
                 from [01m[K/opt/ros/humble/include/rclcpp/rclcpp/executors.hpp:21[m[K,
                 from [01m[K/opt/ros/humble/include/rclcpp/rclcpp/rclcpp.hpp:155[m[K,
                 from [01m[K/home/kmra/ros2/easy_bot/ros_ws/src/easy_bot/hardware/easy_bot.cpp:27[m[K:
[01m[K/home/kmra/ros2/easy_bot/ros_ws/src/easy_bot/hardware/easy_bot.cpp:119:3:[m[K [01;31m[Kerror: [m[Ktemplate argument 1 is invalid
  119 |   [01;31m[KRCLCPP_INFO[m[K(get_logger(), "Activating ...please wait...");
      |   [01;31m[K^~~~~~~~~~~[m[K
[01m[K/home/kmra/ros2/easy_bot/ros_ws/src/easy_bot/hardware/easy_bot.cpp:124:17:[m[K [01;31m[Kerror: [m[K‘[01m[Kget_logger[m[K’ was not declared in this scope; did you mean ‘[01m[Krclcpp::get_logger[m[K’?
  124 |     RCLCPP_INFO([01;31m[Kget_logger[m[K(), "%.1f seconds left...", hw_start_sec_ - i);
      |                 [01;31m[K^~~~~~~~~~[m[K
In file included from [01m[K/opt/ros/humble/include/rclcpp/rclcpp/logging.hpp:23[m[K,
                 from [01m[K/opt/ros/humble/include/rclcpp/rclcpp/client.hpp:40[m[K,
                 from [01m[K/opt/ros/humble/include/rclcpp/rclcpp/callback_group.hpp:24[m[K,
                 from [01m[K/opt/ros/humble/include/rclcpp/rclcpp/any_executable.hpp:20[m[K,
                 from [01m[K/opt/ros/humble/include/rclcpp/rclcpp/memory_strategy.hpp:25[m[K,
                 from [01m[K/opt/ros/humble/include/rclcpp/rclcpp/memory_strategies.hpp:18[m[K,
                 from [01m[K/opt/ros/humble/include/rclcpp/rclcpp/executor_options.hpp:20[m[K,
                 from [01m[K/opt/ros/humble/include/rclcpp/rclcpp/executor.hpp:37[m[K,
                 from [01m[K/opt/ros/humble/include/rclcpp/rclcpp/executors/multi_threaded_executor.hpp:25[m[K,
                 from [01m[K/opt/ros/humble/include/rclcpp/rclcpp/executors.hpp:21[m[K,
                 from [01m[K/opt/ros/humble/include/rclcpp/rclcpp/rclcpp.hpp:155[m[K,
                 from [01m[K/home/kmra/ros2/easy_bot/ros_ws/src/easy_bot/hardware/easy_bot.cpp:27[m[K:
[01m[K/opt/ros/humble/include/rclcpp/rclcpp/logger.hpp:106:17:[m[K [01;36m[Knote: [m[K‘[01m[Krclcpp::get_logger[m[K’ declared here
  106 |   friend Logger [01;36m[Krclcpp[m[K::get_logger(const std::string & name);
      |                 [01;36m[K^~~~~~[m[K
In file included from [01m[K/opt/ros/humble/include/rclcpp/rclcpp/client.hpp:40[m[K,
                 from [01m[K/opt/ros/humble/include/rclcpp/rclcpp/callback_group.hpp:24[m[K,
                 from [01m[K/opt/ros/humble/include/rclcpp/rclcpp/any_executable.hpp:20[m[K,
                 from [01m[K/opt/ros/humble/include/rclcpp/rclcpp/memory_strategy.hpp:25[m[K,
                 from [01m[K/opt/ros/humble/include/rclcpp/rclcpp/memory_strategies.hpp:18[m[K,
                 from [01m[K/opt/ros/humble/include/rclcpp/rclcpp/executor_options.hpp:20[m[K,
                 from [01m[K/opt/ros/humble/include/rclcpp/rclcpp/executor.hpp:37[m[K,
                 from [01m[K/opt/ros/humble/include/rclcpp/rclcpp/executors/multi_threaded_executor.hpp:25[m[K,
                 from [01m[K/opt/ros/humble/include/rclcpp/rclcpp/executors.hpp:21[m[K,
                 from [01m[K/opt/ros/humble/include/rclcpp/rclcpp/rclcpp.hpp:155[m[K,
                 from [01m[K/home/kmra/ros2/easy_bot/ros_ws/src/easy_bot/hardware/easy_bot.cpp:27[m[K:
[01m[K/home/kmra/ros2/easy_bot/ros_ws/src/easy_bot/hardware/easy_bot.cpp:124:5:[m[K [01;31m[Kerror: [m[Ktemplate argument 1 is invalid
  124 |     [01;31m[KRCLCPP_INFO[m[K(get_logger(), "%.1f seconds left...", hw_start_sec_ - i);
      |     [01;31m[K^~~~~~~~~~~[m[K
[01m[K/home/kmra/ros2/easy_bot/ros_ws/src/easy_bot/hardware/easy_bot.cpp:129:37:[m[K [01;31m[Kerror: [m[K‘[01m[Kjoint_state_interfaces_[m[K’ was not declared in this scope; did you mean ‘[01m[Kexport_state_interfaces[m[K’?
  129 |   for (const auto & [name, descr] : [01;31m[Kjoint_state_interfaces_[m[K)
      |                                     [01;31m[K^~~~~~~~~~~~~~~~~~~~~~~[m[K
      |                                     [32m[Kexport_state_interfaces[m[K
[01m[K/home/kmra/ros2/easy_bot/ros_ws/src/easy_bot/hardware/easy_bot.cpp:131:5:[m[K [01;31m[Kerror: [m[K‘[01m[Kset_command[m[K’ was not declared in this scope
  131 |     [01;31m[Kset_command[m[K(name, get_state(name));
      |     [01;31m[K^~~~~~~~~~~[m[K
In file included from [01m[K/opt/ros/humble/include/rclcpp/rclcpp/client.hpp:40[m[K,
                 from [01m[K/opt/ros/humble/include/rclcpp/rclcpp/callback_group.hpp:24[m[K,
                 from [01m[K/opt/ros/humble/include/rclcpp/rclcpp/any_executable.hpp:20[m[K,
                 from [01m[K/opt/ros/humble/include/rclcpp/rclcpp/memory_strategy.hpp:25[m[K,
                 from [01m[K/opt/ros/humble/include/rclcpp/rclcpp/memory_strategies.hpp:18[m[K,
                 from [01m[K/opt/ros/humble/include/rclcpp/rclcpp/executor_options.hpp:20[m[K,
                 from [01m[K/opt/ros/humble/include/rclcpp/rclcpp/executor.hpp:37[m[K,
                 from [01m[K/opt/ros/humble/include/rclcpp/rclcpp/executors/multi_threaded_executor.hpp:25[m[K,
                 from [01m[K/opt/ros/humble/include/rclcpp/rclcpp/executors.hpp:21[m[K,
                 from [01m[K/opt/ros/humble/include/rclcpp/rclcpp/rclcpp.hpp:155[m[K,
                 from [01m[K/home/kmra/ros2/easy_bot/ros_ws/src/easy_bot/hardware/easy_bot.cpp:27[m[K:
[01m[K/home/kmra/ros2/easy_bot/ros_ws/src/easy_bot/hardware/easy_bot.cpp:134:15:[m[K [01;31m[Kerror: [m[K‘[01m[Kget_logger[m[K’ was not declared in this scope; did you mean ‘[01m[Krclcpp::get_logger[m[K’?
  134 |   RCLCPP_INFO([01;31m[Kget_logger[m[K(), "Successfully activated!");
      |               [01;31m[K^~~~~~~~~~[m[K
In file included from [01m[K/opt/ros/humble/include/rclcpp/rclcpp/logging.hpp:23[m[K,
                 from [01m[K/opt/ros/humble/include/rclcpp/rclcpp/client.hpp:40[m[K,
                 from [01m[K/opt/ros/humble/include/rclcpp/rclcpp/callback_group.hpp:24[m[K,
                 from [01m[K/opt/ros/humble/include/rclcpp/rclcpp/any_executable.hpp:20[m[K,
                 from [01m[K/opt/ros/humble/include/rclcpp/rclcpp/memory_strategy.hpp:25[m[K,
                 from [01m[K/opt/ros/humble/include/rclcpp/rclcpp/memory_strategies.hpp:18[m[K,
                 from [01m[K/opt/ros/humble/include/rclcpp/rclcpp/executor_options.hpp:20[m[K,
                 from [01m[K/opt/ros/humble/include/rclcpp/rclcpp/executor.hpp:37[m[K,
                 from [01m[K/opt/ros/humble/include/rclcpp/rclcpp/executors/multi_threaded_executor.hpp:25[m[K,
                 from [01m[K/opt/ros/humble/include/rclcpp/rclcpp/executors.hpp:21[m[K,
                 from [01m[K/opt/ros/humble/include/rclcpp/rclcpp/rclcpp.hpp:155[m[K,
                 from [01m[K/home/kmra/ros2/easy_bot/ros_ws/src/easy_bot/hardware/easy_bot.cpp:27[m[K:
[01m[K/opt/ros/humble/include/rclcpp/rclcpp/logger.hpp:106:17:[m[K [01;36m[Knote: [m[K‘[01m[Krclcpp::get_logger[m[K’ declared here
  106 |   friend Logger [01;36m[Krclcpp[m[K::get_logger(const std::string & name);
      |                 [01;36m[K^~~~~~[m[K
In file included from [01m[K/opt/ros/humble/include/rclcpp/rclcpp/client.hpp:40[m[K,
                 from [01m[K/opt/ros/humble/include/rclcpp/rclcpp/callback_group.hpp:24[m[K,
                 from [01m[K/opt/ros/humble/include/rclcpp/rclcpp/any_executable.hpp:20[m[K,
                 from [01m[K/opt/ros/humble/include/rclcpp/rclcpp/memory_strategy.hpp:25[m[K,
                 from [01m[K/opt/ros/humble/include/rclcpp/rclcpp/memory_strategies.hpp:18[m[K,
                 from [01m[K/opt/ros/humble/include/rclcpp/rclcpp/executor_options.hpp:20[m[K,
                 from [01m[K/opt/ros/humble/include/rclcpp/rclcpp/executor.hpp:37[m[K,
                 from [01m[K/opt/ros/humble/include/rclcpp/rclcpp/executors/multi_threaded_executor.hpp:25[m[K,
                 from [01m[K/opt/ros/humble/include/rclcpp/rclcpp/executors.hpp:21[m[K,
                 from [01m[K/opt/ros/humble/include/rclcpp/rclcpp/rclcpp.hpp:155[m[K,
                 from [01m[K/home/kmra/ros2/easy_bot/ros_ws/src/easy_bot/hardware/easy_bot.cpp:27[m[K:
[01m[K/home/kmra/ros2/easy_bot/ros_ws/src/easy_bot/hardware/easy_bot.cpp:134:3:[m[K [01;31m[Kerror: [m[Ktemplate argument 1 is invalid
  134 |   [01;31m[KRCLCPP_INFO[m[K(get_logger(), "Successfully activated!");
      |   [01;31m[K^~~~~~~~~~~[m[K
[01m[K/home/kmra/ros2/easy_bot/ros_ws/src/easy_bot/hardware/easy_bot.cpp:[m[K In member function ‘[01m[Kvirtual hardware_interface::CallbackReturn easy_bot::EasyBotHardware::on_deactivate(const rclcpp_lifecycle::State&)[m[K’:
[01m[K/home/kmra/ros2/easy_bot/ros_ws/src/easy_bot/hardware/easy_bot.cpp:143:15:[m[K [01;31m[Kerror: [m[K‘[01m[Kget_logger[m[K’ was not declared in this scope; did you mean ‘[01m[Krclcpp::get_logger[m[K’?
  143 |   RCLCPP_INFO([01;31m[Kget_logger[m[K(), "Deactivating ...please wait...");
      |               [01;31m[K^~~~~~~~~~[m[K
In file included from [01m[K/opt/ros/humble/include/rclcpp/rclcpp/logging.hpp:23[m[K,
                 from [01m[K/opt/ros/humble/include/rclcpp/rclcpp/client.hpp:40[m[K,
                 from [01m[K/opt/ros/humble/include/rclcpp/rclcpp/callback_group.hpp:24[m[K,
                 from [01m[K/opt/ros/humble/include/rclcpp/rclcpp/any_executable.hpp:20[m[K,
                 from [01m[K/opt/ros/humble/include/rclcpp/rclcpp/memory_strategy.hpp:25[m[K,
                 from [01m[K/opt/ros/humble/include/rclcpp/rclcpp/memory_strategies.hpp:18[m[K,
                 from [01m[K/opt/ros/humble/include/rclcpp/rclcpp/executor_options.hpp:20[m[K,
                 from [01m[K/opt/ros/humble/include/rclcpp/rclcpp/executor.hpp:37[m[K,
                 from [01m[K/opt/ros/humble/include/rclcpp/rclcpp/executors/multi_threaded_executor.hpp:25[m[K,
                 from [01m[K/opt/ros/humble/include/rclcpp/rclcpp/executors.hpp:21[m[K,
                 from [01m[K/opt/ros/humble/include/rclcpp/rclcpp/rclcpp.hpp:155[m[K,
                 from [01m[K/home/kmra/ros2/easy_bot/ros_ws/src/easy_bot/hardware/easy_bot.cpp:27[m[K:
[01m[K/opt/ros/humble/include/rclcpp/rclcpp/logger.hpp:106:17:[m[K [01;36m[Knote: [m[K‘[01m[Krclcpp::get_logger[m[K’ declared here
  106 |   friend Logger [01;36m[Krclcpp[m[K::get_logger(const std::string & name);
      |                 [01;36m[K^~~~~~[m[K
In file included from [01m[K/opt/ros/humble/include/rclcpp/rclcpp/client.hpp:40[m[K,
                 from [01m[K/opt/ros/humble/include/rclcpp/rclcpp/callback_group.hpp:24[m[K,
                 from [01m[K/opt/ros/humble/include/rclcpp/rclcpp/any_executable.hpp:20[m[K,
                 from [01m[K/opt/ros/humble/include/rclcpp/rclcpp/memory_strategy.hpp:25[m[K,
                 from [01m[K/opt/ros/humble/include/rclcpp/rclcpp/memory_strategies.hpp:18[m[K,
                 from [01m[K/opt/ros/humble/include/rclcpp/rclcpp/executor_options.hpp:20[m[K,
                 from [01m[K/opt/ros/humble/include/rclcpp/rclcpp/executor.hpp:37[m[K,
                 from [01m[K/opt/ros/humble/include/rclcpp/rclcpp/executors/multi_threaded_executor.hpp:25[m[K,
                 from [01m[K/opt/ros/humble/include/rclcpp/rclcpp/executors.hpp:21[m[K,
                 from [01m[K/opt/ros/humble/include/rclcpp/rclcpp/rclcpp.hpp:155[m[K,
                 from [01m[K/home/kmra/ros2/easy_bot/ros_ws/src/easy_bot/hardware/easy_bot.cpp:27[m[K:
[01m[K/home/kmra/ros2/easy_bot/ros_ws/src/easy_bot/hardware/easy_bot.cpp:143:3:[m[K [01;31m[Kerror: [m[Ktemplate argument 1 is invalid
  143 |   [01;31m[KRCLCPP_INFO[m[K(get_logger(), "Deactivating ...please wait...");
      |   [01;31m[K^~~~~~~~~~~[m[K
[01m[K/home/kmra/ros2/easy_bot/ros_ws/src/easy_bot/hardware/easy_bot.cpp:148:17:[m[K [01;31m[Kerror: [m[K‘[01m[Kget_logger[m[K’ was not declared in this scope; did you mean ‘[01m[Krclcpp::get_logger[m[K’?
  148 |     RCLCPP_INFO([01;31m[Kget_logger[m[K(), "%.1f seconds left...", hw_stop_sec_ - i);
      |                 [01;31m[K^~~~~~~~~~[m[K
In file included from [01m[K/opt/ros/humble/include/rclcpp/rclcpp/logging.hpp:23[m[K,
                 from [01m[K/opt/ros/humble/include/rclcpp/rclcpp/client.hpp:40[m[K,
                 from [01m[K/opt/ros/humble/include/rclcpp/rclcpp/callback_group.hpp:24[m[K,
                 from [01m[K/opt/ros/humble/include/rclcpp/rclcpp/any_executable.hpp:20[m[K,
                 from [01m[K/opt/ros/humble/include/rclcpp/rclcpp/memory_strategy.hpp:25[m[K,
                 from [01m[K/opt/ros/humble/include/rclcpp/rclcpp/memory_strategies.hpp:18[m[K,
                 from [01m[K/opt/ros/humble/include/rclcpp/rclcpp/executor_options.hpp:20[m[K,
                 from [01m[K/opt/ros/humble/include/rclcpp/rclcpp/executor.hpp:37[m[K,
                 from [01m[K/opt/ros/humble/include/rclcpp/rclcpp/executors/multi_threaded_executor.hpp:25[m[K,
                 from [01m[K/opt/ros/humble/include/rclcpp/rclcpp/executors.hpp:21[m[K,
                 from [01m[K/opt/ros/humble/include/rclcpp/rclcpp/rclcpp.hpp:155[m[K,
                 from [01m[K/home/kmra/ros2/easy_bot/ros_ws/src/easy_bot/hardware/easy_bot.cpp:27[m[K:
[01m[K/opt/ros/humble/include/rclcpp/rclcpp/logger.hpp:106:17:[m[K [01;36m[Knote: [m[K‘[01m[Krclcpp::get_logger[m[K’ declared here
  106 |   friend Logger [01;36m[Krclcpp[m[K::get_logger(const std::string & name);
      |                 [01;36m[K^~~~~~[m[K
In file included from [01m[K/opt/ros/humble/include/rclcpp/rclcpp/client.hpp:40[m[K,
                 from [01m[K/opt/ros/humble/include/rclcpp/rclcpp/callback_group.hpp:24[m[K,
                 from [01m[K/opt/ros/humble/include/rclcpp/rclcpp/any_executable.hpp:20[m[K,
                 from [01m[K/opt/ros/humble/include/rclcpp/rclcpp/memory_strategy.hpp:25[m[K,
                 from [01m[K/opt/ros/humble/include/rclcpp/rclcpp/memory_strategies.hpp:18[m[K,
                 from [01m[K/opt/ros/humble/include/rclcpp/rclcpp/executor_options.hpp:20[m[K,
                 from [01m[K/opt/ros/humble/include/rclcpp/rclcpp/executor.hpp:37[m[K,
                 from [01m[K/opt/ros/humble/include/rclcpp/rclcpp/executors/multi_threaded_executor.hpp:25[m[K,
                 from [01m[K/opt/ros/humble/include/rclcpp/rclcpp/executors.hpp:21[m[K,
                 from [01m[K/opt/ros/humble/include/rclcpp/rclcpp/rclcpp.hpp:155[m[K,
                 from [01m[K/home/kmra/ros2/easy_bot/ros_ws/src/easy_bot/hardware/easy_bot.cpp:27[m[K:
[01m[K/home/kmra/ros2/easy_bot/ros_ws/src/easy_bot/hardware/easy_bot.cpp:148:5:[m[K [01;31m[Kerror: [m[Ktemplate argument 1 is invalid
  148 |     [01;31m[KRCLCPP_INFO[m[K(get_logger(), "%.1f seconds left...", hw_stop_sec_ - i);
      |     [01;31m[K^~~~~~~~~~~[m[K
[01m[K/home/kmra/ros2/easy_bot/ros_ws/src/easy_bot/hardware/easy_bot.cpp:151:15:[m[K [01;31m[Kerror: [m[K‘[01m[Kget_logger[m[K’ was not declared in this scope; did you mean ‘[01m[Krclcpp::get_logger[m[K’?
  151 |   RCLCPP_INFO([01;31m[Kget_logger[m[K(), "Successfully deactivated!");
      |               [01;31m[K^~~~~~~~~~[m[K
In file included from [01m[K/opt/ros/humble/include/rclcpp/rclcpp/logging.hpp:23[m[K,
                 from [01m[K/opt/ros/humble/include/rclcpp/rclcpp/client.hpp:40[m[K,
                 from [01m[K/opt/ros/humble/include/rclcpp/rclcpp/callback_group.hpp:24[m[K,
                 from [01m[K/opt/ros/humble/include/rclcpp/rclcpp/any_executable.hpp:20[m[K,
                 from [01m[K/opt/ros/humble/include/rclcpp/rclcpp/memory_strategy.hpp:25[m[K,
                 from [01m[K/opt/ros/humble/include/rclcpp/rclcpp/memory_strategies.hpp:18[m[K,
                 from [01m[K/opt/ros/humble/include/rclcpp/rclcpp/executor_options.hpp:20[m[K,
                 from [01m[K/opt/ros/humble/include/rclcpp/rclcpp/executor.hpp:37[m[K,
                 from [01m[K/opt/ros/humble/include/rclcpp/rclcpp/executors/multi_threaded_executor.hpp:25[m[K,
                 from [01m[K/opt/ros/humble/include/rclcpp/rclcpp/executors.hpp:21[m[K,
                 from [01m[K/opt/ros/humble/include/rclcpp/rclcpp/rclcpp.hpp:155[m[K,
                 from [01m[K/home/kmra/ros2/easy_bot/ros_ws/src/easy_bot/hardware/easy_bot.cpp:27[m[K:
[01m[K/opt/ros/humble/include/rclcpp/rclcpp/logger.hpp:106:17:[m[K [01;36m[Knote: [m[K‘[01m[Krclcpp::get_logger[m[K’ declared here
  106 |   friend Logger [01;36m[Krclcpp[m[K::get_logger(const std::string & name);
      |                 [01;36m[K^~~~~~[m[K
In file included from [01m[K/opt/ros/humble/include/rclcpp/rclcpp/client.hpp:40[m[K,
                 from [01m[K/opt/ros/humble/include/rclcpp/rclcpp/callback_group.hpp:24[m[K,
                 from [01m[K/opt/ros/humble/include/rclcpp/rclcpp/any_executable.hpp:20[m[K,
                 from [01m[K/opt/ros/humble/include/rclcpp/rclcpp/memory_strategy.hpp:25[m[K,
                 from [01m[K/opt/ros/humble/include/rclcpp/rclcpp/memory_strategies.hpp:18[m[K,
                 from [01m[K/opt/ros/humble/include/rclcpp/rclcpp/executor_options.hpp:20[m[K,
                 from [01m[K/opt/ros/humble/include/rclcpp/rclcpp/executor.hpp:37[m[K,
                 from [01m[K/opt/ros/humble/include/rclcpp/rclcpp/executors/multi_threaded_executor.hpp:25[m[K,
                 from [01m[K/opt/ros/humble/include/rclcpp/rclcpp/executors.hpp:21[m[K,
                 from [01m[K/opt/ros/humble/include/rclcpp/rclcpp/rclcpp.hpp:155[m[K,
                 from [01m[K/home/kmra/ros2/easy_bot/ros_ws/src/easy_bot/hardware/easy_bot.cpp:27[m[K:
[01m[K/home/kmra/ros2/easy_bot/ros_ws/src/easy_bot/hardware/easy_bot.cpp:151:3:[m[K [01;31m[Kerror: [m[Ktemplate argument 1 is invalid
  151 |   [01;31m[KRCLCPP_INFO[m[K(get_logger(), "Successfully deactivated!");
      |   [01;31m[K^~~~~~~~~~~[m[K
[01m[K/home/kmra/ros2/easy_bot/ros_ws/src/easy_bot/hardware/easy_bot.cpp:[m[K In member function ‘[01m[Kvirtual hardware_interface::return_type easy_bot::EasyBotHardware::read(const rclcpp::Time&, const rclcpp::Duration&)[m[K’:
[01m[K/home/kmra/ros2/easy_bot/ros_ws/src/easy_bot/hardware/easy_bot.cpp:164:37:[m[K [01;31m[Kerror: [m[K‘[01m[Kjoint_state_interfaces_[m[K’ was not declared in this scope; did you mean ‘[01m[Kexport_state_interfaces[m[K’?
  164 |   for (const auto & [name, descr] : [01;31m[Kjoint_state_interfaces_[m[K)
      |                                     [01;31m[K^~~~~~~~~~~~~~~~~~~~~~~[m[K
      |                                     [32m[Kexport_state_interfaces[m[K
[01m[K/home/kmra/ros2/easy_bot/ros_ws/src/easy_bot/hardware/easy_bot.cpp:167:41:[m[K [01;31m[Kerror: [m[K‘[01m[Kget_command[m[K’ was not declared in this scope
  167 |     auto new_value = get_state(name) + ([01;31m[Kget_command[m[K(name) - get_state(name)) / hw_slowdown_;
      |                                         [01;31m[K^~~~~~~~~~~[m[K
In file included from [01m[K/opt/ros/humble/include/rclcpp/rclcpp/client.hpp:40[m[K,
                 from [01m[K/opt/ros/humble/include/rclcpp/rclcpp/callback_group.hpp:24[m[K,
                 from [01m[K/opt/ros/humble/include/rclcpp/rclcpp/any_executable.hpp:20[m[K,
                 from [01m[K/opt/ros/humble/include/rclcpp/rclcpp/memory_strategy.hpp:25[m[K,
                 from [01m[K/opt/ros/humble/include/rclcpp/rclcpp/memory_strategies.hpp:18[m[K,
                 from [01m[K/opt/ros/humble/include/rclcpp/rclcpp/executor_options.hpp:20[m[K,
                 from [01m[K/opt/ros/humble/include/rclcpp/rclcpp/executor.hpp:37[m[K,
                 from [01m[K/opt/ros/humble/include/rclcpp/rclcpp/executors/multi_threaded_executor.hpp:25[m[K,
                 from [01m[K/opt/ros/humble/include/rclcpp/rclcpp/executors.hpp:21[m[K,
                 from [01m[K/opt/ros/humble/include/rclcpp/rclcpp/rclcpp.hpp:155[m[K,
                 from [01m[K/home/kmra/ros2/easy_bot/ros_ws/src/easy_bot/hardware/easy_bot.cpp:27[m[K:
[01m[K/home/kmra/ros2/easy_bot/ros_ws/src/easy_bot/hardware/easy_bot.cpp:172:24:[m[K [01;31m[Kerror: [m[K‘[01m[Kget_logger[m[K’ was not declared in this scope; did you mean ‘[01m[Krclcpp::get_logger[m[K’?
  172 |   RCLCPP_INFO_THROTTLE([01;31m[Kget_logger[m[K(), *get_clock(), 500, "%s", ss.str().c_str());
      |                        [01;31m[K^~~~~~~~~~[m[K
In file included from [01m[K/opt/ros/humble/include/rclcpp/rclcpp/logging.hpp:23[m[K,
                 from [01m[K/opt/ros/humble/include/rclcpp/rclcpp/client.hpp:40[m[K,
                 from [01m[K/opt/ros/humble/include/rclcpp/rclcpp/callback_group.hpp:24[m[K,
                 from [01m[K/opt/ros/humble/include/rclcpp/rclcpp/any_executable.hpp:20[m[K,
                 from [01m[K/opt/ros/humble/include/rclcpp/rclcpp/memory_strategy.hpp:25[m[K,
                 from [01m[K/opt/ros/humble/include/rclcpp/rclcpp/memory_strategies.hpp:18[m[K,
                 from [01m[K/opt/ros/humble/include/rclcpp/rclcpp/executor_options.hpp:20[m[K,
                 from [01m[K/opt/ros/humble/include/rclcpp/rclcpp/executor.hpp:37[m[K,
                 from [01m[K/opt/ros/humble/include/rclcpp/rclcpp/executors/multi_threaded_executor.hpp:25[m[K,
                 from [01m[K/opt/ros/humble/include/rclcpp/rclcpp/executors.hpp:21[m[K,
                 from [01m[K/opt/ros/humble/include/rclcpp/rclcpp/rclcpp.hpp:155[m[K,
                 from [01m[K/home/kmra/ros2/easy_bot/ros_ws/src/easy_bot/hardware/easy_bot.cpp:27[m[K:
[01m[K/opt/ros/humble/include/rclcpp/rclcpp/logger.hpp:106:17:[m[K [01;36m[Knote: [m[K‘[01m[Krclcpp::get_logger[m[K’ declared here
  106 |   friend Logger [01;36m[Krclcpp[m[K::get_logger(const std::string & name);
      |                 [01;36m[K^~~~~~[m[K
In file included from [01m[K/opt/ros/humble/include/rclcpp/rclcpp/client.hpp:40[m[K,
                 from [01m[K/opt/ros/humble/include/rclcpp/rclcpp/callback_group.hpp:24[m[K,
                 from [01m[K/opt/ros/humble/include/rclcpp/rclcpp/any_executable.hpp:20[m[K,
                 from [01m[K/opt/ros/humble/include/rclcpp/rclcpp/memory_strategy.hpp:25[m[K,
                 from [01m[K/opt/ros/humble/include/rclcpp/rclcpp/memory_strategies.hpp:18[m[K,
                 from [01m[K/opt/ros/humble/include/rclcpp/rclcpp/executor_options.hpp:20[m[K,
                 from [01m[K/opt/ros/humble/include/rclcpp/rclcpp/executor.hpp:37[m[K,
                 from [01m[K/opt/ros/humble/include/rclcpp/rclcpp/executors/multi_threaded_executor.hpp:25[m[K,
                 from [01m[K/opt/ros/humble/include/rclcpp/rclcpp/executors.hpp:21[m[K,
                 from [01m[K/opt/ros/humble/include/rclcpp/rclcpp/rclcpp.hpp:155[m[K,
                 from [01m[K/home/kmra/ros2/easy_bot/ros_ws/src/easy_bot/hardware/easy_bot.cpp:27[m[K:
[01m[K/home/kmra/ros2/easy_bot/ros_ws/src/easy_bot/hardware/easy_bot.cpp:172:3:[m[K [01;31m[Kerror: [m[Ktemplate argument 1 is invalid
  172 |   [01;31m[KRCLCPP_INFO_THROTTLE[m[K(get_logger(), *get_clock(), 500, "%s", ss.str().c_str());
      |   [01;31m[K^~~~~~~~~~~~~~~~~~~~[m[K
[01m[K/home/kmra/ros2/easy_bot/ros_ws/src/easy_bot/hardware/easy_bot.cpp:172:39:[m[K [01;31m[Kerror: [m[K‘[01m[Kget_clock[m[K’ was not declared in this scope
  172 |   RCLCPP_INFO_THROTTLE(get_logger(), *[01;31m[Kget_clock[m[K(), 500, "%s", ss.str().c_str());
      |                                       [01;31m[K^~~~~~~~~[m[K
[01m[K/home/kmra/ros2/easy_bot/ros_ws/src/easy_bot/hardware/easy_bot.cpp:[m[K In lambda function:
[01m[K/home/kmra/ros2/easy_bot/ros_ws/src/easy_bot/hardware/easy_bot.cpp:172:3:[m[K [01;31m[Kerror: [m[K‘[01m[Kc[m[K’ was not declared in this scope
  172 |   [01;31m[KRCLCPP_INFO_THROTTLE[m[K(get_logger(), *get_clock(), 500, "%s", ss.str().c_str());
      |   [01;31m[K^~~~~~~~~~~~~~~~~~~~[m[K
[01m[K/home/kmra/ros2/easy_bot/ros_ws/src/easy_bot/hardware/easy_bot.cpp:[m[K In member function ‘[01m[Kvirtual hardware_interface::return_type easy_bot::EasyBotHardware::write(const rclcpp::Time&, const rclcpp::Duration&)[m[K’:
[01m[K/home/kmra/ros2/easy_bot/ros_ws/src/easy_bot/hardware/easy_bot.cpp:185:37:[m[K [01;31m[Kerror: [m[K‘[01m[Kjoint_command_interfaces_[m[K’ was not declared in this scope; did you mean ‘[01m[Kexport_command_interfaces[m[K’?
  185 |   for (const auto & [name, descr] : [01;31m[Kjoint_command_interfaces_[m[K)
      |                                     [01;31m[K^~~~~~~~~~~~~~~~~~~~~~~~~[m[K
      |                                     [32m[Kexport_command_interfaces[m[K
[01m[K/home/kmra/ros2/easy_bot/ros_ws/src/easy_bot/hardware/easy_bot.cpp:189:19:[m[K [01;31m[Kerror: [m[K‘[01m[Kget_command[m[K’ was not declared in this scope
  189 |        << "\t" << [01;31m[Kget_command[m[K(name) << " for joint '" << name << "'";
      |                   [01;31m[K^~~~~~~~~~~[m[K
In file included from [01m[K/opt/ros/humble/include/rclcpp/rclcpp/client.hpp:40[m[K,
                 from [01m[K/opt/ros/humble/include/rclcpp/rclcpp/callback_group.hpp:24[m[K,
                 from [01m[K/opt/ros/humble/include/rclcpp/rclcpp/any_executable.hpp:20[m[K,
                 from [01m[K/opt/ros/humble/include/rclcpp/rclcpp/memory_strategy.hpp:25[m[K,
                 from [01m[K/opt/ros/humble/include/rclcpp/rclcpp/memory_strategies.hpp:18[m[K,
                 from [01m[K/opt/ros/humble/include/rclcpp/rclcpp/executor_options.hpp:20[m[K,
                 from [01m[K/opt/ros/humble/include/rclcpp/rclcpp/executor.hpp:37[m[K,
                 from [01m[K/opt/ros/humble/include/rclcpp/rclcpp/executors/multi_threaded_executor.hpp:25[m[K,
                 from [01m[K/opt/ros/humble/include/rclcpp/rclcpp/executors.hpp:21[m[K,
                 from [01m[K/opt/ros/humble/include/rclcpp/rclcpp/rclcpp.hpp:155[m[K,
                 from [01m[K/home/kmra/ros2/easy_bot/ros_ws/src/easy_bot/hardware/easy_bot.cpp:27[m[K:
[01m[K/home/kmra/ros2/easy_bot/ros_ws/src/easy_bot/hardware/easy_bot.cpp:191:24:[m[K [01;31m[Kerror: [m[K‘[01m[Kget_logger[m[K’ was not declared in this scope; did you mean ‘[01m[Krclcpp::get_logger[m[K’?
  191 |   RCLCPP_INFO_THROTTLE([01;31m[Kget_logger[m[K(), *get_clock(), 500, "%s", ss.str().c_str());
      |                        [01;31m[K^~~~~~~~~~[m[K
In file included from [01m[K/opt/ros/humble/include/rclcpp/rclcpp/logging.hpp:23[m[K,
                 from [01m[K/opt/ros/humble/include/rclcpp/rclcpp/client.hpp:40[m[K,
                 from [01m[K/opt/ros/humble/include/rclcpp/rclcpp/callback_group.hpp:24[m[K,
                 from [01m[K/opt/ros/humble/include/rclcpp/rclcpp/any_executable.hpp:20[m[K,
                 from [01m[K/opt/ros/humble/include/rclcpp/rclcpp/memory_strategy.hpp:25[m[K,
                 from [01m[K/opt/ros/humble/include/rclcpp/rclcpp/memory_strategies.hpp:18[m[K,
                 from [01m[K/opt/ros/humble/include/rclcpp/rclcpp/executor_options.hpp:20[m[K,
                 from [01m[K/opt/ros/humble/include/rclcpp/rclcpp/executor.hpp:37[m[K,
                 from [01m[K/opt/ros/humble/include/rclcpp/rclcpp/executors/multi_threaded_executor.hpp:25[m[K,
                 from [01m[K/opt/ros/humble/include/rclcpp/rclcpp/executors.hpp:21[m[K,
                 from [01m[K/opt/ros/humble/include/rclcpp/rclcpp/rclcpp.hpp:155[m[K,
                 from [01m[K/home/kmra/ros2/easy_bot/ros_ws/src/easy_bot/hardware/easy_bot.cpp:27[m[K:
[01m[K/opt/ros/humble/include/rclcpp/rclcpp/logger.hpp:106:17:[m[K [01;36m[Knote: [m[K‘[01m[Krclcpp::get_logger[m[K’ declared here
  106 |   friend Logger [01;36m[Krclcpp[m[K::get_logger(const std::string & name);
      |                 [01;36m[K^~~~~~[m[K
In file included from [01m[K/opt/ros/humble/include/rclcpp/rclcpp/client.hpp:40[m[K,
                 from [01m[K/opt/ros/humble/include/rclcpp/rclcpp/callback_group.hpp:24[m[K,
                 from [01m[K/opt/ros/humble/include/rclcpp/rclcpp/any_executable.hpp:20[m[K,
                 from [01m[K/opt/ros/humble/include/rclcpp/rclcpp/memory_strategy.hpp:25[m[K,
                 from [01m[K/opt/ros/humble/include/rclcpp/rclcpp/memory_strategies.hpp:18[m[K,
                 from [01m[K/opt/ros/humble/include/rclcpp/rclcpp/executor_options.hpp:20[m[K,
                 from [01m[K/opt/ros/humble/include/rclcpp/rclcpp/executor.hpp:37[m[K,
                 from [01m[K/opt/ros/humble/include/rclcpp/rclcpp/executors/multi_threaded_executor.hpp:25[m[K,
                 from [01m[K/opt/ros/humble/include/rclcpp/rclcpp/executors.hpp:21[m[K,
                 from [01m[K/opt/ros/humble/include/rclcpp/rclcpp/rclcpp.hpp:155[m[K,
                 from [01m[K/home/kmra/ros2/easy_bot/ros_ws/src/easy_bot/hardware/easy_bot.cpp:27[m[K:
[01m[K/home/kmra/ros2/easy_bot/ros_ws/src/easy_bot/hardware/easy_bot.cpp:191:3:[m[K [01;31m[Kerror: [m[Ktemplate argument 1 is invalid
  191 |   [01;31m[KRCLCPP_INFO_THROTTLE[m[K(get_logger(), *get_clock(), 500, "%s", ss.str().c_str());
      |   [01;31m[K^~~~~~~~~~~~~~~~~~~~[m[K
[01m[K/home/kmra/ros2/easy_bot/ros_ws/src/easy_bot/hardware/easy_bot.cpp:191:39:[m[K [01;31m[Kerror: [m[K‘[01m[Kget_clock[m[K’ was not declared in this scope
  191 |   RCLCPP_INFO_THROTTLE(get_logger(), *[01;31m[Kget_clock[m[K(), 500, "%s", ss.str().c_str());
      |                                       [01;31m[K^~~~~~~~~[m[K
[01m[K/home/kmra/ros2/easy_bot/ros_ws/src/easy_bot/hardware/easy_bot.cpp:[m[K In lambda function:
[01m[K/home/kmra/ros2/easy_bot/ros_ws/src/easy_bot/hardware/easy_bot.cpp:191:3:[m[K [01;31m[Kerror: [m[K‘[01m[Kc[m[K’ was not declared in this scope
  191 |   [01;31m[KRCLCPP_INFO_THROTTLE[m[K(get_logger(), *get_clock(), 500, "%s", ss.str().c_str());
      |   [01;31m[K^~~~~~~~~~~~~~~~~~~~[m[K
In file included from [01m[K/opt/ros/humble/include/class_loader/class_loader/class_loader_core.hpp:57[m[K,
                 from [01m[K/opt/ros/humble/include/class_loader/class_loader/class_loader.hpp:55[m[K,
                 from [01m[K/opt/ros/humble/include/pluginlib/pluginlib/class_list_macros.hpp:40[m[K,
                 from [01m[K/home/kmra/ros2/easy_bot/ros_ws/src/easy_bot/hardware/easy_bot.cpp:199[m[K:
/opt/ros/humble/include/class_loader/class_loader/meta_object.hpp: In instantiation of ‘[01m[KB* class_loader::impl::MetaObject<C, B>::create() const [with C = easy_bot::EasyBotHardware; B = hardware_interface::SystemInterface][m[K’:
[01m[K/opt/ros/humble/include/class_loader/class_loader/meta_object.hpp:216:7:[m[K   required from here
[01m[K/opt/ros/humble/include/class_loader/class_loader/meta_object.hpp:218:12:[m[K [01;31m[Kerror: [m[Kinvalid new-expression of abstract class type ‘[01m[Keasy_bot::EasyBotHardware[m[K’
  218 |     return [01;31m[Knew C[m[K;
      |            [01;31m[K^~~~~[m[K
In file included from [01m[K/home/kmra/ros2/easy_bot/ros_ws/src/easy_bot/hardware/easy_bot.cpp:15[m[K:
[01m[K/home/kmra/ros2/easy_bot/ros_ws/src/easy_bot/hardware/include/easy_bot.hpp:32:7:[m[K [01;36m[Knote: [m[K  because the following virtual functions are pure within ‘[01m[Keasy_bot::EasyBotHardware[m[K’:
   32 | class [01;36m[KEasyBotHardware[m[K : public hardware_interface::SystemInterface
      |       [01;36m[K^~~~~~~~~~~~~~~[m[K
In file included from [01m[K/home/kmra/ros2/easy_bot/ros_ws/src/easy_bot/hardware/include/easy_bot.hpp:24[m[K,
                 from [01m[K/home/kmra/ros2/easy_bot/ros_ws/src/easy_bot/hardware/easy_bot.cpp:15[m[K:
[01m[K/opt/ros/humble/include/hardware_interface/hardware_interface/system_interface.hpp:126:39:[m[K [01;36m[Knote: [m[K    ‘[01m[Kvirtual std::vector<hardware_interface::StateInterface> hardware_interface::SystemInterface::export_state_interfaces()[m[K’
  126 |   virtual std::vector<StateInterface> [01;36m[Kexport_state_interfaces[m[K() = 0;
      |                                       [01;36m[K^~~~~~~~~~~~~~~~~~~~~~~[m[K
[01m[K/opt/ros/humble/include/hardware_interface/hardware_interface/system_interface.hpp:137:41:[m[K [01;36m[Knote: [m[K    ‘[01m[Kvirtual std::vector<hardware_interface::CommandInterface> hardware_interface::SystemInterface::export_command_interfaces()[m[K’
  137 |   virtual std::vector<CommandInterface> [01;36m[Kexport_command_interfaces[m[K() = 0;
      |                                         [01;36m[K^~~~~~~~~~~~~~~~~~~~~~~~~[m[K
gmake[2]: *** [CMakeFiles/easy_bot_hardware.dir/build.make:76：CMakeFiles/easy_bot_hardware.dir/hardware/easy_bot.cpp.o] 错误 1
gmake[1]: *** [CMakeFiles/Makefile2:137：CMakeFiles/easy_bot_hardware.dir/all] 错误 2
gmake: *** [Makefile:146：all] 错误 2
