[0.012s] Invoking command in '/home/kmra/ros2/easy_bot/ros_ws/build/easy_bot': CMAKE_PREFIX_PATH=/opt/ros/humble /usr/bin/cmake --build /home/kmra/ros2/easy_bot/ros_ws/build/easy_bot -- -j4 -l4
[0.041s] -- Found ament_cmake: 1.3.14 (/opt/ros/humble/share/ament_cmake/cmake)
[0.138s] -- Found rclcpp: 16.0.19 (/opt/ros/humble/share/rclcpp/cmake)
[0.160s] -- Found rosidl_generator_c: 3.1.8 (/opt/ros/humble/share/rosidl_generator_c/cmake)
[0.161s] -- Found rosidl_adapter: 3.1.8 (/opt/ros/humble/share/rosidl_adapter/cmake)
[0.166s] -- Found rosidl_generator_cpp: 3.1.8 (/opt/ros/humble/share/rosidl_generator_cpp/cmake)
[0.171s] -- Using all available rosidl_typesupport_c: rosidl_typesupport_fastrtps_c;rosidl_typesupport_introspection_c
[0.179s] -- Using all available rosidl_typesupport_cpp: rosidl_typesupport_fastrtps_cpp;rosidl_typesupport_introspection_cpp
[0.200s] -- Found rmw_implementation_cmake: 6.1.2 (/opt/ros/humble/share/rmw_implementation_cmake/cmake)
[0.202s] -- Found rmw_fastrtps_cpp: 6.2.10 (/opt/ros/humble/share/rmw_fastrtps_cpp/cmake)
[0.277s] -- Using RMW implementation 'rmw_fastrtps_cpp' as default
[0.305s] -- Found hardware_interface: 2.53.1 (/opt/ros/humble/share/hardware_interface/cmake)
[0.383s] -- Found controller_interface: 2.53.1 (/opt/ros/humble/share/controller_interface/cmake)
[0.385s] -- Found realtime_tools: 2.15.0 (/opt/ros/humble/share/realtime_tools/cmake)
[0.391s] -- Found ament_lint_auto: 0.12.15 (/opt/ros/humble/share/ament_lint_auto/cmake)
[0.435s] [31mCMake Error at CMakeLists.txt:56 (target_include_directories):
[0.435s]   Cannot specify include directories for target "easy_bot_controller" which
[0.435s]   is not built by this project.
[0.435s] 
[0.436s] [0m
[0.438s] [31mCMake Error at CMakeLists.txt:76 (install):
[0.438s]   install TARGETS given target "easy_bot_controller" which does not exist.
[0.438s] 
[0.438s] [0m
[0.440s] -- Added test 'cppcheck' to perform static code analysis on C / C++ code
[0.440s] -- Configured cppcheck include dirs: $<BUILD_INTERFACE:/home/kmra/ros2/easy_bot/ros_ws/src/easy_bot/hardware/include>
[0.440s] -- Configured cppcheck exclude dirs and/or files: 
[0.440s] -- Added test 'flake8' to check Python code syntax and style conventions
[0.441s] -- Added test 'lint_cmake' to check CMake code style
[0.441s] -- Added test 'pep257' to check Python code against some of the docstring style conventions in PEP 257
[0.442s] -- Added test 'uncrustify' to check C / C++ code style
[0.443s] -- Configured uncrustify additional arguments: 
[0.443s] -- Added test 'xmllint' to check XML markup files
[0.444s] -- Configuring incomplete, errors occurred!
[0.444s] See also "/home/kmra/ros2/easy_bot/ros_ws/build/easy_bot/CMakeFiles/CMakeOutput.log".
[0.452s] gmake: *** [Makefile:308：cmake_check_build_system] 错误 1
[0.456s] Invoked command in '/home/kmra/ros2/easy_bot/ros_ws/build/easy_bot' returned '2': CMAKE_PREFIX_PATH=/opt/ros/humble /usr/bin/cmake --build /home/kmra/ros2/easy_bot/ros_ws/build/easy_bot -- -j4 -l4
