In file included from [01m[K/opt/ros/humble/include/class_loader/class_loader/class_loader.hpp:56[m[K,
                 from [01m[K/opt/ros/humble/include/pluginlib/pluginlib/class_list_macros.hpp:40[m[K,
                 from [01m[K/home/kmra/ros2/easy_bot/ros_ws/src/easy_bot/controller/easy_bot_controller.cpp:2[m[K:
[01m[K/home/kmra/ros2/easy_bot/ros_ws/src/easy_bot/controller/easy_bot_controller.cpp:93:24:[m[K [01;31m[Kerror: [m[K‘[01m[Keasy_bot[m[K’ does not name a type
   93 | PLUGINLIB_EXPORT_CLASS([01;31m[Keasy_bot[m[K::EasyBotController, controller_interface::ControllerInterface)
      |                        [01;31m[K^~~~~~~~[m[K
[01m[K/home/kmra/ros2/easy_bot/ros_ws/src/easy_bot/controller/easy_bot_controller.cpp:[m[K In constructor ‘[01m[K{anonymous}::ProxyExec0::ProxyExec0()[m[K’:
[01m[K/home/kmra/ros2/easy_bot/ros_ws/src/easy_bot/controller/easy_bot_controller.cpp:93:1:[m[K [01;31m[Kerror: [m[K‘[01m[K_derived[m[K’ was not declared in this scope
   93 | [01;31m[KPLUGINLIB_EXPORT_CLASS[m[K(easy_bot::EasyBotController, controller_interface::ControllerInterface)
      | [01;31m[K^~~~~~~~~~~~~~~~~~~~~~[m[K
[01m[K/home/kmra/ros2/easy_bot/ros_ws/src/easy_bot/controller/easy_bot_controller.cpp:93:1:[m[K [01;31m[Kerror: [m[Kno matching function for call to ‘[01m[KregisterPlugin<<expression error>, {anonymous}::ProxyExec0::_base>(const char [28], const char [42])[m[K’
   93 | [01;31m[KPLUGINLIB_EXPORT_CLASS[m[K(easy_bot::EasyBotController, controller_interface::ControllerInterface)
      | [01;31m[K^~~~~~~~~~~~~~~~~~~~~~[m[K
In file included from [01m[K/opt/ros/humble/include/class_loader/class_loader/class_loader.hpp:55[m[K,
                 from [01m[K/opt/ros/humble/include/pluginlib/pluginlib/class_list_macros.hpp:40[m[K,
                 from [01m[K/home/kmra/ros2/easy_bot/ros_ws/src/easy_bot/controller/easy_bot_controller.cpp:2[m[K:
[01m[K/opt/ros/humble/include/class_loader/class_loader/class_loader_core.hpp:210:6:[m[K [01;36m[Knote: [m[Kcandidate: ‘[01m[Ktemplate<class Derived, class Base> void class_loader::impl::registerPlugin(const string&, const string&)[m[K’
  210 | void [01;36m[KregisterPlugin[m[K(const std::string & class_name, const std::string & base_class_name)
      |      [01;36m[K^~~~~~~~~~~~~~[m[K
[01m[K/opt/ros/humble/include/class_loader/class_loader/class_loader_core.hpp:210:6:[m[K [01;36m[Knote: [m[K  template argument deduction/substitution failed:
In file included from [01m[K/opt/ros/humble/include/class_loader/class_loader/class_loader.hpp:56[m[K,
                 from [01m[K/opt/ros/humble/include/pluginlib/pluginlib/class_list_macros.hpp:40[m[K,
                 from [01m[K/home/kmra/ros2/easy_bot/ros_ws/src/easy_bot/controller/easy_bot_controller.cpp:2[m[K:
[01m[K/home/kmra/ros2/easy_bot/ros_ws/src/easy_bot/controller/easy_bot_controller.cpp:93:1:[m[K [01;31m[Kerror: [m[Ktemplate argument 1 is invalid
   93 | [01;31m[KPLUGINLIB_EXPORT_CLASS[m[K(easy_bot::EasyBotController, controller_interface::ControllerInterface)
      | [01;31m[K^~~~~~~~~~~~~~~~~~~~~~[m[K
gmake[2]: *** [CMakeFiles/easy_bot_controller.dir/build.make:76：CMakeFiles/easy_bot_controller.dir/controller/easy_bot_controller.cpp.o] 错误 1
gmake[1]: *** [CMakeFiles/Makefile2:165：CMakeFiles/easy_bot_controller.dir/all] 错误 2
gmake: *** [Makefile:146：all] 错误 2
