[0.009s] Invoking command in '/home/kmra/ros2/easy_bot/ros_ws/build/easy_bot': CMAKE_PREFIX_PATH=${CMAKE_PREFIX_PATH}:/opt/ros/humble /usr/bin/cmake --build /home/kmra/ros2/easy_bot/ros_ws/build/easy_bot -- -j4 -l4
[0.055s] -- Found ament_cmake: 1.3.14 (/opt/ros/humble/share/ament_cmake/cmake)
[0.180s] -- Found rclcpp: 16.0.19 (/opt/ros/humble/share/rclcpp/cmake)
[0.223s] -- Found rosidl_generator_c: 3.1.8 (/opt/ros/humble/share/rosidl_generator_c/cmake)
[0.228s] -- Found rosidl_adapter: 3.1.8 (/opt/ros/humble/share/rosidl_adapter/cmake)
[0.238s] -- Found rosidl_generator_cpp: 3.1.8 (/opt/ros/humble/share/rosidl_generator_cpp/cmake)
[0.254s] -- Using all available rosidl_typesupport_c: rosidl_typesupport_fastrtps_c;rosidl_typesupport_introspection_c
[0.269s] -- Using all available rosidl_typesupport_cpp: rosidl_typesupport_fastrtps_cpp;rosidl_typesupport_introspection_cpp
[0.311s] -- Found rmw_implementation_cmake: 6.1.2 (/opt/ros/humble/share/rmw_implementation_cmake/cmake)
[0.314s] -- Found rmw_fastrtps_cpp: 6.2.10 (/opt/ros/humble/share/rmw_fastrtps_cpp/cmake)
[0.414s] -- Using RMW implementation 'rmw_fastrtps_cpp' as default
[0.483s] -- Found hardware_interface: 2.53.1 (/opt/ros/humble/share/hardware_interface/cmake)
[0.669s] -- Found ament_lint_auto: 0.12.15 (/opt/ros/humble/share/ament_lint_auto/cmake)
[0.733s] -- Added test 'cppcheck' to perform static code analysis on C / C++ code
[0.733s] -- Configured cppcheck include dirs: 
[0.733s] -- Configured cppcheck exclude dirs and/or files: 
[0.733s] -- Added test 'flake8' to check Python code syntax and style conventions
[0.733s] -- Added test 'lint_cmake' to check CMake code style
[0.733s] -- Added test 'pep257' to check Python code against some of the docstring style conventions in PEP 257
[0.735s] -- Added test 'uncrustify' to check C / C++ code style
[0.735s] -- Configured uncrustify additional arguments: 
[0.736s] -- Added test 'xmllint' to check XML markup files
[0.739s] -- Configuring done
[0.756s] -- Generating done
[0.760s] -- Build files have been written to: /home/kmra/ros2/easy_bot/ros_ws/build/easy_bot
[0.789s] [ 50%] [32mBuilding CXX object CMakeFiles/easy_bot_hardware.dir/hardware/easy_bot.cpp.o[0m
[1.527s] In file included from [01m[K/home/kmra/ros2/easy_bot/ros_ws/src/easy_bot/hardware/easy_bot.cpp:15[m[K:
[1.527s] [01m[K/home/kmra/ros2/easy_bot/ros_ws/src/easy_bot/hardware/include/easy_bot.hpp:38:31:[m[K [01;31m[Kerror: [m[K‘[01m[KHardwareComponentInterfaceParams[m[K’ in namespace ‘[01m[Khardware_interface[m[K’ does not name a type
[1.527s]    38 |     const hardware_interface::[01;31m[KHardwareComponentInterfaceParams[m[K & params) override;
[1.527s]       |                               [01;31m[K^~~~~~~~~~~~~~~~~~~~~~~~~~~~~~~~[m[K
[1.528s] [01m[K/home/kmra/ros2/easy_bot/ros_ws/src/easy_bot/hardware/include/easy_bot.hpp:37:38:[m[K [01;31m[Kerror: [m[K‘[01m[Khardware_interface::CallbackReturn easy_bot::EasyBotHardware::on_init(const int&)[m[K’ marked ‘[01m[Koverride[m[K’, but does not override
[1.528s]    37 |   hardware_interface::CallbackReturn [01;31m[Kon_init[m[K(
[1.528s]       |                                      [01;31m[K^~~~~~~[m[K
[2.745s] [01m[K/home/kmra/ros2/easy_bot/ros_ws/src/easy_bot/hardware/easy_bot.cpp:32:29:[m[K [01;31m[Kerror: [m[K‘[01m[KHardwareComponentInterfaceParams[m[K’ in namespace ‘[01m[Khardware_interface[m[K’ does not name a type
[2.745s]    32 |   const hardware_interface::[01;31m[KHardwareComponentInterfaceParams[m[K & params)
[2.745s]       |                             [01;31m[K^~~~~~~~~~~~~~~~~~~~~~~~~~~~~~~~[m[K
[2.745s] [01m[K/home/kmra/ros2/easy_bot/ros_ws/src/easy_bot/hardware/easy_bot.cpp:[m[K In member function ‘[01m[Khardware_interface::CallbackReturn easy_bot::EasyBotHardware::on_init(const int&)[m[K’:
[2.745s] [01m[K/home/kmra/ros2/easy_bot/ros_ws/src/easy_bot/hardware/easy_bot.cpp:35:50:[m[K [01;31m[Kerror: [m[Kcannot convert ‘[01m[Kconst int[m[K’ to ‘[01m[Kconst hardware_interface::HardwareInfo&[m[K’
[2.745s]    35 |     hardware_interface::SystemInterface::on_init([01;31m[Kparams[m[K) !=
[2.745s]       |                                                  [01;31m[K^~~~~~[m[K
[2.745s]       |                                                  [01;31m[K|[m[K
[2.745s]       |                                                  [01;31m[Kconst int[m[K
[2.745s] In file included from [01m[K/home/kmra/ros2/easy_bot/ros_ws/src/easy_bot/hardware/include/easy_bot.hpp:24[m[K,
[2.745s]                  from [01m[K/home/kmra/ros2/easy_bot/ros_ws/src/easy_bot/hardware/easy_bot.cpp:15[m[K:
[2.745s] [01m[K/opt/ros/humble/include/hardware_interface/hardware_interface/system_interface.hpp:111:55:[m[K [01;36m[Knote: [m[K  initializing argument 1 of ‘[01m[Kvirtual rclcpp_lifecycle::node_interfaces::LifecycleNodeInterface::CallbackReturn hardware_interface::SystemInterface::on_init(const hardware_interface::HardwareInfo&)[m[K’
[2.745s]   111 |   virtual CallbackReturn on_init([01;36m[Kconst HardwareInfo & hardware_info[m[K)
[2.745s]       |                                  [01;36m[K~~~~~~~~~~~~~~~~~~~~~^~~~~~~~~~~~~[m[K
[2.747s] In file included from [01m[K/opt/ros/humble/include/rclcpp/rclcpp/client.hpp:40[m[K,
[2.747s]                  from [01m[K/opt/ros/humble/include/rclcpp/rclcpp/callback_group.hpp:24[m[K,
[2.747s]                  from [01m[K/opt/ros/humble/include/rclcpp/rclcpp/any_executable.hpp:20[m[K,
[2.747s]                  from [01m[K/opt/ros/humble/include/rclcpp/rclcpp/memory_strategy.hpp:25[m[K,
[2.747s]                  from [01m[K/opt/ros/humble/include/rclcpp/rclcpp/memory_strategies.hpp:18[m[K,
[2.747s]                  from [01m[K/opt/ros/humble/include/rclcpp/rclcpp/executor_options.hpp:20[m[K,
[2.747s]                  from [01m[K/opt/ros/humble/include/rclcpp/rclcpp/executor.hpp:37[m[K,
[2.747s]                  from [01m[K/opt/ros/humble/include/rclcpp/rclcpp/executors/multi_threaded_executor.hpp:25[m[K,
[2.747s]                  from [01m[K/opt/ros/humble/include/rclcpp/rclcpp/executors.hpp:21[m[K,
[2.747s]                  from [01m[K/opt/ros/humble/include/rclcpp/rclcpp/rclcpp.hpp:155[m[K,
[2.747s]                  from [01m[K/home/kmra/ros2/easy_bot/ros_ws/src/easy_bot/hardware/easy_bot.cpp:27[m[K:
[2.747s] [01m[K/home/kmra/ros2/easy_bot/ros_ws/src/easy_bot/hardware/easy_bot.cpp:45:15:[m[K [01;31m[Kerror: [m[K‘[01m[Kget_logger[m[K’ was not declared in this scope; did you mean ‘[01m[Krclcpp::get_logger[m[K’?
[2.747s]    45 |   RCLCPP_INFO([01;31m[Kget_logger[m[K(), "Robot hardware_component update_rate is %dHz", info_.rw_rate);
[2.747s]       |               [01;31m[K^~~~~~~~~~[m[K
[2.748s] In file included from [01m[K/opt/ros/humble/include/rclcpp/rclcpp/logging.hpp:23[m[K,
[2.748s]                  from [01m[K/opt/ros/humble/include/rclcpp/rclcpp/client.hpp:40[m[K,
[2.748s]                  from [01m[K/opt/ros/humble/include/rclcpp/rclcpp/callback_group.hpp:24[m[K,
[2.748s]                  from [01m[K/opt/ros/humble/include/rclcpp/rclcpp/any_executable.hpp:20[m[K,
[2.748s]                  from [01m[K/opt/ros/humble/include/rclcpp/rclcpp/memory_strategy.hpp:25[m[K,
[2.748s]                  from [01m[K/opt/ros/humble/include/rclcpp/rclcpp/memory_strategies.hpp:18[m[K,
[2.748s]                  from [01m[K/opt/ros/humble/include/rclcpp/rclcpp/executor_options.hpp:20[m[K,
[2.748s]                  from [01m[K/opt/ros/humble/include/rclcpp/rclcpp/executor.hpp:37[m[K,
[2.748s]                  from [01m[K/opt/ros/humble/include/rclcpp/rclcpp/executors/multi_threaded_executor.hpp:25[m[K,
[2.748s]                  from [01m[K/opt/ros/humble/include/rclcpp/rclcpp/executors.hpp:21[m[K,
[2.748s]                  from [01m[K/opt/ros/humble/include/rclcpp/rclcpp/rclcpp.hpp:155[m[K,
[2.748s]                  from [01m[K/home/kmra/ros2/easy_bot/ros_ws/src/easy_bot/hardware/easy_bot.cpp:27[m[K:
[2.748s] [01m[K/opt/ros/humble/include/rclcpp/rclcpp/logger.hpp:106:17:[m[K [01;36m[Knote: [m[K‘[01m[Krclcpp::get_logger[m[K’ declared here
[2.748s]   106 |   friend Logger [01;36m[Krclcpp[m[K::get_logger(const std::string & name);
[2.748s]       |                 [01;36m[K^~~~~~[m[K
[2.748s] In file included from [01m[K/opt/ros/humble/include/rclcpp/rclcpp/client.hpp:40[m[K,
[2.749s]                  from [01m[K/opt/ros/humble/include/rclcpp/rclcpp/callback_group.hpp:24[m[K,
[2.749s]                  from [01m[K/opt/ros/humble/include/rclcpp/rclcpp/any_executable.hpp:20[m[K,
[2.749s]                  from [01m[K/opt/ros/humble/include/rclcpp/rclcpp/memory_strategy.hpp:25[m[K,
[2.749s]                  from [01m[K/opt/ros/humble/include/rclcpp/rclcpp/memory_strategies.hpp:18[m[K,
[2.749s]                  from [01m[K/opt/ros/humble/include/rclcpp/rclcpp/executor_options.hpp:20[m[K,
[2.749s]                  from [01m[K/opt/ros/humble/include/rclcpp/rclcpp/executor.hpp:37[m[K,
[2.749s]                  from [01m[K/opt/ros/humble/include/rclcpp/rclcpp/executors/multi_threaded_executor.hpp:25[m[K,
[2.749s]                  from [01m[K/opt/ros/humble/include/rclcpp/rclcpp/executors.hpp:21[m[K,
[2.749s]                  from [01m[K/opt/ros/humble/include/rclcpp/rclcpp/rclcpp.hpp:155[m[K,
[2.749s]                  from [01m[K/home/kmra/ros2/easy_bot/ros_ws/src/easy_bot/hardware/easy_bot.cpp:27[m[K:
[2.749s] [01m[K/home/kmra/ros2/easy_bot/ros_ws/src/easy_bot/hardware/easy_bot.cpp:45:3:[m[K [01;31m[Kerror: [m[Ktemplate argument 1 is invalid
[2.749s]    45 |   [01;31m[KRCLCPP_INFO[m[K(get_logger(), "Robot hardware_component update_rate is %dHz", info_.rw_rate);
[2.749s]       |   [01;31m[K^~~~~~~~~~~[m[K
[2.749s] In file included from [01m[K/opt/ros/humble/include/rclcpp/rclcpp/logging.hpp:24[m[K,
[2.749s]                  from [01m[K/opt/ros/humble/include/rclcpp/rclcpp/client.hpp:40[m[K,
[2.749s]                  from [01m[K/opt/ros/humble/include/rclcpp/rclcpp/callback_group.hpp:24[m[K,
[2.749s]                  from [01m[K/opt/ros/humble/include/rclcpp/rclcpp/any_executable.hpp:20[m[K,
[2.749s]                  from [01m[K/opt/ros/humble/include/rclcpp/rclcpp/memory_strategy.hpp:25[m[K,
[2.749s]                  from [01m[K/opt/ros/humble/include/rclcpp/rclcpp/memory_strategies.hpp:18[m[K,
[2.749s]                  from [01m[K/opt/ros/humble/include/rclcpp/rclcpp/executor_options.hpp:20[m[K,
[2.750s]                  from [01m[K/opt/ros/humble/include/rclcpp/rclcpp/executor.hpp:37[m[K,
[2.750s]                  from [01m[K/opt/ros/humble/include/rclcpp/rclcpp/executors/multi_threaded_executor.hpp:25[m[K,
[2.750s]                  from [01m[K/opt/ros/humble/include/rclcpp/rclcpp/executors.hpp:21[m[K,
[2.750s]                  from [01m[K/opt/ros/humble/include/rclcpp/rclcpp/rclcpp.hpp:155[m[K,
[2.750s]                  from [01m[K/home/kmra/ros2/easy_bot/ros_ws/src/easy_bot/hardware/easy_bot.cpp:27[m[K:
[2.750s] [01m[K/home/kmra/ros2/easy_bot/ros_ws/src/easy_bot/hardware/easy_bot.cpp:45:83:[m[K [01;31m[Kerror: [m[K‘[01m[Kstruct hardware_interface::HardwareInfo[m[K’ has no member named ‘[01m[Krw_rate[m[K’
[2.750s]    45 |   RCLCPP_INFO(get_logger(), "Robot hardware_component update_rate is %dHz", info_.[01;31m[Krw_rate[m[K);
[2.750s]       |                                                                                   [01;31m[K^~~~~~~[m[K
[2.750s] In file included from [01m[K/opt/ros/humble/include/rclcpp/rclcpp/client.hpp:40[m[K,
[2.750s]                  from [01m[K/opt/ros/humble/include/rclcpp/rclcpp/callback_group.hpp:24[m[K,
[2.750s]                  from [01m[K/opt/ros/humble/include/rclcpp/rclcpp/any_executable.hpp:20[m[K,
[2.750s]                  from [01m[K/opt/ros/humble/include/rclcpp/rclcpp/memory_strategy.hpp:25[m[K,
[2.750s]                  from [01m[K/opt/ros/humble/include/rclcpp/rclcpp/memory_strategies.hpp:18[m[K,
[2.750s]                  from [01m[K/opt/ros/humble/include/rclcpp/rclcpp/executor_options.hpp:20[m[K,
[2.750s]                  from [01m[K/opt/ros/humble/include/rclcpp/rclcpp/executor.hpp:37[m[K,
[2.750s]                  from [01m[K/opt/ros/humble/include/rclcpp/rclcpp/executors/multi_threaded_executor.hpp:25[m[K,
[2.750s]                  from [01m[K/opt/ros/humble/include/rclcpp/rclcpp/executors.hpp:21[m[K,
[2.751s]                  from [01m[K/opt/ros/humble/include/rclcpp/rclcpp/rclcpp.hpp:155[m[K,
[2.751s]                  from [01m[K/home/kmra/ros2/easy_bot/ros_ws/src/easy_bot/hardware/easy_bot.cpp:27[m[K:
[2.751s] [01m[K/home/kmra/ros2/easy_bot/ros_ws/src/easy_bot/hardware/easy_bot.cpp:54:9:[m[K [01;31m[Kerror: [m[K‘[01m[Kget_logger[m[K’ was not declared in this scope; did you mean ‘[01m[Krclcpp::get_logger[m[K’?
[2.751s]    54 |         [01;31m[Kget_logger[m[K(), "Joint '%s' has %zu command interfaces found. 1 expected.",
[2.751s]       |         [01;31m[K^~~~~~~~~~[m[K
[2.751s] In file included from [01m[K/opt/ros/humble/include/rclcpp/rclcpp/logging.hpp:23[m[K,
[2.751s]                  from [01m[K/opt/ros/humble/include/rclcpp/rclcpp/client.hpp:40[m[K,
[2.751s]                  from [01m[K/opt/ros/humble/include/rclcpp/rclcpp/callback_group.hpp:24[m[K,
[2.751s]                  from [01m[K/opt/ros/humble/include/rclcpp/rclcpp/any_executable.hpp:20[m[K,
[2.751s]                  from [01m[K/opt/ros/humble/include/rclcpp/rclcpp/memory_strategy.hpp:25[m[K,
[2.751s]                  from [01m[K/opt/ros/humble/include/rclcpp/rclcpp/memory_strategies.hpp:18[m[K,
[2.751s]                  from [01m[K/opt/ros/humble/include/rclcpp/rclcpp/executor_options.hpp:20[m[K,
[2.751s]                  from [01m[K/opt/ros/humble/include/rclcpp/rclcpp/executor.hpp:37[m[K,
[2.751s]                  from [01m[K/opt/ros/humble/include/rclcpp/rclcpp/executors/multi_threaded_executor.hpp:25[m[K,
[2.751s]                  from [01m[K/opt/ros/humble/include/rclcpp/rclcpp/executors.hpp:21[m[K,
[2.751s]                  from [01m[K/opt/ros/humble/include/rclcpp/rclcpp/rclcpp.hpp:155[m[K,
[2.751s]                  from [01m[K/home/kmra/ros2/easy_bot/ros_ws/src/easy_bot/hardware/easy_bot.cpp:27[m[K:
[2.751s] [01m[K/opt/ros/humble/include/rclcpp/rclcpp/logger.hpp:106:17:[m[K [01;36m[Knote: [m[K‘[01m[Krclcpp::get_logger[m[K’ declared here
[2.751s]   106 |   friend Logger [01;36m[Krclcpp[m[K::get_logger(const std::string & name);
[2.751s]       |                 [01;36m[K^~~~~~[m[K
[2.751s] In file included from [01m[K/opt/ros/humble/include/rclcpp/rclcpp/client.hpp:40[m[K,
[2.751s]                  from [01m[K/opt/ros/humble/include/rclcpp/rclcpp/callback_group.hpp:24[m[K,
[2.751s]                  from [01m[K/opt/ros/humble/include/rclcpp/rclcpp/any_executable.hpp:20[m[K,
[2.751s]                  from [01m[K/opt/ros/humble/include/rclcpp/rclcpp/memory_strategy.hpp:25[m[K,
[2.751s]                  from [01m[K/opt/ros/humble/include/rclcpp/rclcpp/memory_strategies.hpp:18[m[K,
[2.751s]                  from [01m[K/opt/ros/humble/include/rclcpp/rclcpp/executor_options.hpp:20[m[K,
[2.751s]                  from [01m[K/opt/ros/humble/include/rclcpp/rclcpp/executor.hpp:37[m[K,
[2.752s]                  from [01m[K/opt/ros/humble/include/rclcpp/rclcpp/executors/multi_threaded_executor.hpp:25[m[K,
[2.752s]                  from [01m[K/opt/ros/humble/include/rclcpp/rclcpp/executors.hpp:21[m[K,
[2.752s]                  from [01m[K/opt/ros/humble/include/rclcpp/rclcpp/rclcpp.hpp:155[m[K,
[2.752s]                  from [01m[K/home/kmra/ros2/easy_bot/ros_ws/src/easy_bot/hardware/easy_bot.cpp:27[m[K:
[2.752s] [01m[K/home/kmra/ros2/easy_bot/ros_ws/src/easy_bot/hardware/easy_bot.cpp:53:7:[m[K [01;31m[Kerror: [m[Ktemplate argument 1 is invalid
[2.752s]    53 |       [01;31m[KRCLCPP_FATAL[m[K(
[2.752s]       |       [01;31m[K^~~~~~~~~~~~[m[K
[2.752s] [01m[K/home/kmra/ros2/easy_bot/ros_ws/src/easy_bot/hardware/easy_bot.cpp:62:9:[m[K [01;31m[Kerror: [m[K‘[01m[Kget_logger[m[K’ was not declared in this scope; did you mean ‘[01m[Krclcpp::get_logger[m[K’?
[2.752s]    62 |         [01;31m[Kget_logger[m[K(), "Joint '%s' have %s command interfaces found. '%s' expected.",
[2.752s]       |         [01;31m[K^~~~~~~~~~[m[K
[2.752s] In file included from [01m[K/opt/ros/humble/include/rclcpp/rclcpp/logging.hpp:23[m[K,
[2.752s]                  from [01m[K/opt/ros/humble/include/rclcpp/rclcpp/client.hpp:40[m[K,
[2.752s]                  from [01m[K/opt/ros/humble/include/rclcpp/rclcpp/callback_group.hpp:24[m[K,
[2.752s]                  from [01m[K/opt/ros/humble/include/rclcpp/rclcpp/any_executable.hpp:20[m[K,
[2.752s]                  from [01m[K/opt/ros/humble/include/rclcpp/rclcpp/memory_strategy.hpp:25[m[K,
[2.752s]                  from [01m[K/opt/ros/humble/include/rclcpp/rclcpp/memory_strategies.hpp:18[m[K,
[2.752s]                  from [01m[K/opt/ros/humble/include/rclcpp/rclcpp/executor_options.hpp:20[m[K,
[2.752s]                  from [01m[K/opt/ros/humble/include/rclcpp/rclcpp/executor.hpp:37[m[K,
[2.752s]                  from [01m[K/opt/ros/humble/include/rclcpp/rclcpp/executors/multi_threaded_executor.hpp:25[m[K,
[2.752s]                  from [01m[K/opt/ros/humble/include/rclcpp/rclcpp/executors.hpp:21[m[K,
[2.752s]                  from [01m[K/opt/ros/humble/include/rclcpp/rclcpp/rclcpp.hpp:155[m[K,
[2.752s]                  from [01m[K/home/kmra/ros2/easy_bot/ros_ws/src/easy_bot/hardware/easy_bot.cpp:27[m[K:
[2.752s] [01m[K/opt/ros/humble/include/rclcpp/rclcpp/logger.hpp:106:17:[m[K [01;36m[Knote: [m[K‘[01m[Krclcpp::get_logger[m[K’ declared here
[2.752s]   106 |   friend Logger [01;36m[Krclcpp[m[K::get_logger(const std::string & name);
[2.752s]       |                 [01;36m[K^~~~~~[m[K
[2.752s] In file included from [01m[K/opt/ros/humble/include/rclcpp/rclcpp/client.hpp:40[m[K,
[2.752s]                  from [01m[K/opt/ros/humble/include/rclcpp/rclcpp/callback_group.hpp:24[m[K,
[2.752s]                  from [01m[K/opt/ros/humble/include/rclcpp/rclcpp/any_executable.hpp:20[m[K,
[2.753s]                  from [01m[K/opt/ros/humble/include/rclcpp/rclcpp/memory_strategy.hpp:25[m[K,
[2.753s]                  from [01m[K/opt/ros/humble/include/rclcpp/rclcpp/memory_strategies.hpp:18[m[K,
[2.753s]                  from [01m[K/opt/ros/humble/include/rclcpp/rclcpp/executor_options.hpp:20[m[K,
[2.753s]                  from [01m[K/opt/ros/humble/include/rclcpp/rclcpp/executor.hpp:37[m[K,
[2.753s]                  from [01m[K/opt/ros/humble/include/rclcpp/rclcpp/executors/multi_threaded_executor.hpp:25[m[K,
[2.753s]                  from [01m[K/opt/ros/humble/include/rclcpp/rclcpp/executors.hpp:21[m[K,
[2.753s]                  from [01m[K/opt/ros/humble/include/rclcpp/rclcpp/rclcpp.hpp:155[m[K,
[2.753s]                  from [01m[K/home/kmra/ros2/easy_bot/ros_ws/src/easy_bot/hardware/easy_bot.cpp:27[m[K:
[2.753s] [01m[K/home/kmra/ros2/easy_bot/ros_ws/src/easy_bot/hardware/easy_bot.cpp:61:7:[m[K [01;31m[Kerror: [m[Ktemplate argument 1 is invalid
[2.753s]    61 |       [01;31m[KRCLCPP_FATAL[m[K(
[2.753s]       |       [01;31m[K^~~~~~~~~~~~[m[K
[2.753s] [01m[K/home/kmra/ros2/easy_bot/ros_ws/src/easy_bot/hardware/easy_bot.cpp:71:9:[m[K [01;31m[Kerror: [m[K‘[01m[Kget_logger[m[K’ was not declared in this scope; did you mean ‘[01m[Krclcpp::get_logger[m[K’?
[2.753s]    71 |         [01;31m[Kget_logger[m[K(), "Joint '%s' has %zu state interface. 1 expected.", joint.name.c_str(),
[2.753s]       |         [01;31m[K^~~~~~~~~~[m[K
[2.753s] In file included from [01m[K/opt/ros/humble/include/rclcpp/rclcpp/logging.hpp:23[m[K,
[2.753s]                  from [01m[K/opt/ros/humble/include/rclcpp/rclcpp/client.hpp:40[m[K,
[2.753s]                  from [01m[K/opt/ros/humble/include/rclcpp/rclcpp/callback_group.hpp:24[m[K,
[2.753s]                  from [01m[K/opt/ros/humble/include/rclcpp/rclcpp/any_executable.hpp:20[m[K,
[2.753s]                  from [01m[K/opt/ros/humble/include/rclcpp/rclcpp/memory_strategy.hpp:25[m[K,
[2.753s]                  from [01m[K/opt/ros/humble/include/rclcpp/rclcpp/memory_strategies.hpp:18[m[K,
[2.753s]                  from [01m[K/opt/ros/humble/include/rclcpp/rclcpp/executor_options.hpp:20[m[K,
[2.753s]                  from [01m[K/opt/ros/humble/include/rclcpp/rclcpp/executor.hpp:37[m[K,
[2.753s]                  from [01m[K/opt/ros/humble/include/rclcpp/rclcpp/executors/multi_threaded_executor.hpp:25[m[K,
[2.753s]                  from [01m[K/opt/ros/humble/include/rclcpp/rclcpp/executors.hpp:21[m[K,
[2.753s]                  from [01m[K/opt/ros/humble/include/rclcpp/rclcpp/rclcpp.hpp:155[m[K,
[2.753s]                  from [01m[K/home/kmra/ros2/easy_bot/ros_ws/src/easy_bot/hardware/easy_bot.cpp:27[m[K:
[2.753s] [01m[K/opt/ros/humble/include/rclcpp/rclcpp/logger.hpp:106:17:[m[K [01;36m[Knote: [m[K‘[01m[Krclcpp::get_logger[m[K’ declared here
[2.753s]   106 |   friend Logger [01;36m[Krclcpp[m[K::get_logger(const std::string & name);
[2.753s]       |                 [01;36m[K^~~~~~[m[K
[2.753s] In file included from [01m[K/opt/ros/humble/include/rclcpp/rclcpp/client.hpp:40[m[K,
[2.754s]                  from [01m[K/opt/ros/humble/include/rclcpp/rclcpp/callback_group.hpp:24[m[K,
[2.754s]                  from [01m[K/opt/ros/humble/include/rclcpp/rclcpp/any_executable.hpp:20[m[K,
[2.754s]                  from [01m[K/opt/ros/humble/include/rclcpp/rclcpp/memory_strategy.hpp:25[m[K,
[2.754s]                  from [01m[K/opt/ros/humble/include/rclcpp/rclcpp/memory_strategies.hpp:18[m[K,
[2.754s]                  from [01m[K/opt/ros/humble/include/rclcpp/rclcpp/executor_options.hpp:20[m[K,
[2.754s]                  from [01m[K/opt/ros/humble/include/rclcpp/rclcpp/executor.hpp:37[m[K,
[2.754s]                  from [01m[K/opt/ros/humble/include/rclcpp/rclcpp/executors/multi_threaded_executor.hpp:25[m[K,
[2.754s]                  from [01m[K/opt/ros/humble/include/rclcpp/rclcpp/executors.hpp:21[m[K,
[2.754s]                  from [01m[K/opt/ros/humble/include/rclcpp/rclcpp/rclcpp.hpp:155[m[K,
[2.754s]                  from [01m[K/home/kmra/ros2/easy_bot/ros_ws/src/easy_bot/hardware/easy_bot.cpp:27[m[K:
[2.754s] [01m[K/home/kmra/ros2/easy_bot/ros_ws/src/easy_bot/hardware/easy_bot.cpp:70:7:[m[K [01;31m[Kerror: [m[Ktemplate argument 1 is invalid
[2.754s]    70 |       [01;31m[KRCLCPP_FATAL[m[K(
[2.754s]       |       [01;31m[K^~~~~~~~~~~~[m[K
[2.754s] [01m[K/home/kmra/ros2/easy_bot/ros_ws/src/easy_bot/hardware/easy_bot.cpp:79:9:[m[K [01;31m[Kerror: [m[K‘[01m[Kget_logger[m[K’ was not declared in this scope; did you mean ‘[01m[Krclcpp::get_logger[m[K’?
[2.754s]    79 |         [01;31m[Kget_logger[m[K(), "Joint '%s' have %s state interface. '%s' expected.", joint.name.c_str(),
[2.754s]       |         [01;31m[K^~~~~~~~~~[m[K
[2.754s] In file included from [01m[K/opt/ros/humble/include/rclcpp/rclcpp/logging.hpp:23[m[K,
[2.754s]                  from [01m[K/opt/ros/humble/include/rclcpp/rclcpp/client.hpp:40[m[K,
[2.754s]                  from [01m[K/opt/ros/humble/include/rclcpp/rclcpp/callback_group.hpp:24[m[K,
[2.754s]                  from [01m[K/opt/ros/humble/include/rclcpp/rclcpp/any_executable.hpp:20[m[K,
[2.754s]                  from [01m[K/opt/ros/humble/include/rclcpp/rclcpp/memory_strategy.hpp:25[m[K,
[2.754s]                  from [01m[K/opt/ros/humble/include/rclcpp/rclcpp/memory_strategies.hpp:18[m[K,
[2.755s]                  from [01m[K/opt/ros/humble/include/rclcpp/rclcpp/executor_options.hpp:20[m[K,
[2.755s]                  from [01m[K/opt/ros/humble/include/rclcpp/rclcpp/executor.hpp:37[m[K,
[2.755s]                  from [01m[K/opt/ros/humble/include/rclcpp/rclcpp/executors/multi_threaded_executor.hpp:25[m[K,
[2.755s]                  from [01m[K/opt/ros/humble/include/rclcpp/rclcpp/executors.hpp:21[m[K,
[2.755s]                  from [01m[K/opt/ros/humble/include/rclcpp/rclcpp/rclcpp.hpp:155[m[K,
[2.755s]                  from [01m[K/home/kmra/ros2/easy_bot/ros_ws/src/easy_bot/hardware/easy_bot.cpp:27[m[K:
[2.755s] [01m[K/opt/ros/humble/include/rclcpp/rclcpp/logger.hpp:106:17:[m[K [01;36m[Knote: [m[K‘[01m[Krclcpp::get_logger[m[K’ declared here
[2.755s]   106 |   friend Logger [01;36m[Krclcpp[m[K::get_logger(const std::string & name);
[2.755s]       |                 [01;36m[K^~~~~~[m[K
[2.755s] In file included from [01m[K/opt/ros/humble/include/rclcpp/rclcpp/client.hpp:40[m[K,
[2.755s]                  from [01m[K/opt/ros/humble/include/rclcpp/rclcpp/callback_group.hpp:24[m[K,
[2.755s]                  from [01m[K/opt/ros/humble/include/rclcpp/rclcpp/any_executable.hpp:20[m[K,
[2.755s]                  from [01m[K/opt/ros/humble/include/rclcpp/rclcpp/memory_strategy.hpp:25[m[K,
[2.755s]                  from [01m[K/opt/ros/humble/include/rclcpp/rclcpp/memory_strategies.hpp:18[m[K,
[2.755s]                  from [01m[K/opt/ros/humble/include/rclcpp/rclcpp/executor_options.hpp:20[m[K,
[2.755s]                  from [01m[K/opt/ros/humble/include/rclcpp/rclcpp/executor.hpp:37[m[K,
[2.755s]                  from [01m[K/opt/ros/humble/include/rclcpp/rclcpp/executors/multi_threaded_executor.hpp:25[m[K,
[2.755s]                  from [01m[K/opt/ros/humble/include/rclcpp/rclcpp/executors.hpp:21[m[K,
[2.755s]                  from [01m[K/opt/ros/humble/include/rclcpp/rclcpp/rclcpp.hpp:155[m[K,
[2.755s]                  from [01m[K/home/kmra/ros2/easy_bot/ros_ws/src/easy_bot/hardware/easy_bot.cpp:27[m[K:
[2.755s] [01m[K/home/kmra/ros2/easy_bot/ros_ws/src/easy_bot/hardware/easy_bot.cpp:78:7:[m[K [01;31m[Kerror: [m[Ktemplate argument 1 is invalid
[2.755s]    78 |       [01;31m[KRCLCPP_FATAL[m[K(
[2.755s]       |       [01;31m[K^~~~~~~~~~~~[m[K
[2.758s] [01m[K/home/kmra/ros2/easy_bot/ros_ws/src/easy_bot/hardware/easy_bot.cpp:[m[K In member function ‘[01m[Kvirtual hardware_interface::CallbackReturn easy_bot::EasyBotHardware::on_configure(const rclcpp_lifecycle::State&)[m[K’:
[2.758s] [01m[K/home/kmra/ros2/easy_bot/ros_ws/src/easy_bot/hardware/easy_bot.cpp:92:15:[m[K [01;31m[Kerror: [m[K‘[01m[Kget_logger[m[K’ was not declared in this scope; did you mean ‘[01m[Krclcpp::get_logger[m[K’?
[2.758s]    92 |   RCLCPP_INFO([01;31m[Kget_logger[m[K(), "Configuring ...please wait...");
[2.758s]       |               [01;31m[K^~~~~~~~~~[m[K
[2.758s] In file included from [01m[K/opt/ros/humble/include/rclcpp/rclcpp/logging.hpp:23[m[K,
[2.758s]                  from [01m[K/opt/ros/humble/include/rclcpp/rclcpp/client.hpp:40[m[K,
[2.758s]                  from [01m[K/opt/ros/humble/include/rclcpp/rclcpp/callback_group.hpp:24[m[K,
[2.758s]                  from [01m[K/opt/ros/humble/include/rclcpp/rclcpp/any_executable.hpp:20[m[K,
[2.758s]                  from [01m[K/opt/ros/humble/include/rclcpp/rclcpp/memory_strategy.hpp:25[m[K,
[2.758s]                  from [01m[K/opt/ros/humble/include/rclcpp/rclcpp/memory_strategies.hpp:18[m[K,
[2.758s]                  from [01m[K/opt/ros/humble/include/rclcpp/rclcpp/executor_options.hpp:20[m[K,
[2.758s]                  from [01m[K/opt/ros/humble/include/rclcpp/rclcpp/executor.hpp:37[m[K,
[2.758s]                  from [01m[K/opt/ros/humble/include/rclcpp/rclcpp/executors/multi_threaded_executor.hpp:25[m[K,
[2.758s]                  from [01m[K/opt/ros/humble/include/rclcpp/rclcpp/executors.hpp:21[m[K,
[2.758s]                  from [01m[K/opt/ros/humble/include/rclcpp/rclcpp/rclcpp.hpp:155[m[K,
[2.758s]                  from [01m[K/home/kmra/ros2/easy_bot/ros_ws/src/easy_bot/hardware/easy_bot.cpp:27[m[K:
[2.758s] [01m[K/opt/ros/humble/include/rclcpp/rclcpp/logger.hpp:106:17:[m[K [01;36m[Knote: [m[K‘[01m[Krclcpp::get_logger[m[K’ declared here
[2.758s]   106 |   friend Logger [01;36m[Krclcpp[m[K::get_logger(const std::string & name);
[2.758s]       |                 [01;36m[K^~~~~~[m[K
[2.758s] In file included from [01m[K/opt/ros/humble/include/rclcpp/rclcpp/client.hpp:40[m[K,
[2.758s]                  from [01m[K/opt/ros/humble/include/rclcpp/rclcpp/callback_group.hpp:24[m[K,
[2.758s]                  from [01m[K/opt/ros/humble/include/rclcpp/rclcpp/any_executable.hpp:20[m[K,
[2.758s]                  from [01m[K/opt/ros/humble/include/rclcpp/rclcpp/memory_strategy.hpp:25[m[K,
[2.758s]                  from [01m[K/opt/ros/humble/include/rclcpp/rclcpp/memory_strategies.hpp:18[m[K,
[2.758s]                  from [01m[K/opt/ros/humble/include/rclcpp/rclcpp/executor_options.hpp:20[m[K,
[2.758s]                  from [01m[K/opt/ros/humble/include/rclcpp/rclcpp/executor.hpp:37[m[K,
[2.759s]                  from [01m[K/opt/ros/humble/include/rclcpp/rclcpp/executors/multi_threaded_executor.hpp:25[m[K,
[2.759s]                  from [01m[K/opt/ros/humble/include/rclcpp/rclcpp/executors.hpp:21[m[K,
[2.759s]                  from [01m[K/opt/ros/humble/include/rclcpp/rclcpp/rclcpp.hpp:155[m[K,
[2.759s]                  from [01m[K/home/kmra/ros2/easy_bot/ros_ws/src/easy_bot/hardware/easy_bot.cpp:27[m[K:
[2.759s] [01m[K/home/kmra/ros2/easy_bot/ros_ws/src/easy_bot/hardware/easy_bot.cpp:92:3:[m[K [01;31m[Kerror: [m[Ktemplate argument 1 is invalid
[2.759s]    92 |   [01;31m[KRCLCPP_INFO[m[K(get_logger(), "Configuring ...please wait...");
[2.759s]       |   [01;31m[K^~~~~~~~~~~[m[K
[2.759s] [01m[K/home/kmra/ros2/easy_bot/ros_ws/src/easy_bot/hardware/easy_bot.cpp:97:17:[m[K [01;31m[Kerror: [m[K‘[01m[Kget_logger[m[K’ was not declared in this scope; did you mean ‘[01m[Krclcpp::get_logger[m[K’?
[2.759s]    97 |     RCLCPP_INFO([01;31m[Kget_logger[m[K(), "%.1f seconds left...", hw_start_sec_ - i);
[2.759s]       |                 [01;31m[K^~~~~~~~~~[m[K
[2.759s] In file included from [01m[K/opt/ros/humble/include/rclcpp/rclcpp/logging.hpp:23[m[K,
[2.759s]                  from [01m[K/opt/ros/humble/include/rclcpp/rclcpp/client.hpp:40[m[K,
[2.759s]                  from [01m[K/opt/ros/humble/include/rclcpp/rclcpp/callback_group.hpp:24[m[K,
[2.759s]                  from [01m[K/opt/ros/humble/include/rclcpp/rclcpp/any_executable.hpp:20[m[K,
[2.759s]                  from [01m[K/opt/ros/humble/include/rclcpp/rclcpp/memory_strategy.hpp:25[m[K,
[2.759s]                  from [01m[K/opt/ros/humble/include/rclcpp/rclcpp/memory_strategies.hpp:18[m[K,
[2.759s]                  from [01m[K/opt/ros/humble/include/rclcpp/rclcpp/executor_options.hpp:20[m[K,
[2.759s]                  from [01m[K/opt/ros/humble/include/rclcpp/rclcpp/executor.hpp:37[m[K,
[2.759s]                  from [01m[K/opt/ros/humble/include/rclcpp/rclcpp/executors/multi_threaded_executor.hpp:25[m[K,
[2.759s]                  from [01m[K/opt/ros/humble/include/rclcpp/rclcpp/executors.hpp:21[m[K,
[2.759s]                  from [01m[K/opt/ros/humble/include/rclcpp/rclcpp/rclcpp.hpp:155[m[K,
[2.759s]                  from [01m[K/home/kmra/ros2/easy_bot/ros_ws/src/easy_bot/hardware/easy_bot.cpp:27[m[K:
[2.759s] [01m[K/opt/ros/humble/include/rclcpp/rclcpp/logger.hpp:106:17:[m[K [01;36m[Knote: [m[K‘[01m[Krclcpp::get_logger[m[K’ declared here
[2.759s]   106 |   friend Logger [01;36m[Krclcpp[m[K::get_logger(const std::string & name);
[2.759s]       |                 [01;36m[K^~~~~~[m[K
[2.759s] In file included from [01m[K/opt/ros/humble/include/rclcpp/rclcpp/client.hpp:40[m[K,
[2.759s]                  from [01m[K/opt/ros/humble/include/rclcpp/rclcpp/callback_group.hpp:24[m[K,
[2.759s]                  from [01m[K/opt/ros/humble/include/rclcpp/rclcpp/any_executable.hpp:20[m[K,
[2.759s]                  from [01m[K/opt/ros/humble/include/rclcpp/rclcpp/memory_strategy.hpp:25[m[K,
[2.759s]                  from [01m[K/opt/ros/humble/include/rclcpp/rclcpp/memory_strategies.hpp:18[m[K,
[2.759s]                  from [01m[K/opt/ros/humble/include/rclcpp/rclcpp/executor_options.hpp:20[m[K,
[2.759s]                  from [01m[K/opt/ros/humble/include/rclcpp/rclcpp/executor.hpp:37[m[K,
[2.759s]                  from [01m[K/opt/ros/humble/include/rclcpp/rclcpp/executors/multi_threaded_executor.hpp:25[m[K,
[2.759s]                  from [01m[K/opt/ros/humble/include/rclcpp/rclcpp/executors.hpp:21[m[K,
[2.760s]                  from [01m[K/opt/ros/humble/include/rclcpp/rclcpp/rclcpp.hpp:155[m[K,
[2.760s]                  from [01m[K/home/kmra/ros2/easy_bot/ros_ws/src/easy_bot/hardware/easy_bot.cpp:27[m[K:
[2.760s] [01m[K/home/kmra/ros2/easy_bot/ros_ws/src/easy_bot/hardware/easy_bot.cpp:97:5:[m[K [01;31m[Kerror: [m[Ktemplate argument 1 is invalid
[2.760s]    97 |     [01;31m[KRCLCPP_INFO[m[K(get_logger(), "%.1f seconds left...", hw_start_sec_ - i);
[2.760s]       |     [01;31m[K^~~~~~~~~~~[m[K
[2.760s] [01m[K/home/kmra/ros2/easy_bot/ros_ws/src/easy_bot/hardware/easy_bot.cpp:102:37:[m[K [01;31m[Kerror: [m[K‘[01m[Kjoint_state_interfaces_[m[K’ was not declared in this scope; did you mean ‘[01m[Kexport_state_interfaces[m[K’?
[2.760s]   102 |   for (const auto & [name, descr] : [01;31m[Kjoint_state_interfaces_[m[K)
[2.760s]       |                                     [01;31m[K^~~~~~~~~~~~~~~~~~~~~~~[m[K
[2.760s]       |                                     [32m[Kexport_state_interfaces[m[K
[2.764s] [01m[K/home/kmra/ros2/easy_bot/ros_ws/src/easy_bot/hardware/easy_bot.cpp:106:37:[m[K [01;31m[Kerror: [m[K‘[01m[Kjoint_command_interfaces_[m[K’ was not declared in this scope; did you mean ‘[01m[Kexport_command_interfaces[m[K’?
[2.764s]   106 |   for (const auto & [name, descr] : [01;31m[Kjoint_command_interfaces_[m[K)
[2.764s]       |                                     [01;31m[K^~~~~~~~~~~~~~~~~~~~~~~~~[m[K
[2.764s]       |                                     [32m[Kexport_command_interfaces[m[K
[2.768s] [01m[K/home/kmra/ros2/easy_bot/ros_ws/src/easy_bot/hardware/easy_bot.cpp:108:5:[m[K [01;31m[Kerror: [m[K‘[01m[Kset_command[m[K’ was not declared in this scope
[2.768s]   108 |     [01;31m[Kset_command[m[K(name, 0.0);
[2.768s]       |     [01;31m[K^~~~~~~~~~~[m[K
[2.768s] In file included from [01m[K/opt/ros/humble/include/rclcpp/rclcpp/client.hpp:40[m[K,
[2.768s]                  from [01m[K/opt/ros/humble/include/rclcpp/rclcpp/callback_group.hpp:24[m[K,
[2.768s]                  from [01m[K/opt/ros/humble/include/rclcpp/rclcpp/any_executable.hpp:20[m[K,
[2.768s]                  from [01m[K/opt/ros/humble/include/rclcpp/rclcpp/memory_strategy.hpp:25[m[K,
[2.768s]                  from [01m[K/opt/ros/humble/include/rclcpp/rclcpp/memory_strategies.hpp:18[m[K,
[2.768s]                  from [01m[K/opt/ros/humble/include/rclcpp/rclcpp/executor_options.hpp:20[m[K,
[2.768s]                  from [01m[K/opt/ros/humble/include/rclcpp/rclcpp/executor.hpp:37[m[K,
[2.768s]                  from [01m[K/opt/ros/humble/include/rclcpp/rclcpp/executors/multi_threaded_executor.hpp:25[m[K,
[2.768s]                  from [01m[K/opt/ros/humble/include/rclcpp/rclcpp/executors.hpp:21[m[K,
[2.768s]                  from [01m[K/opt/ros/humble/include/rclcpp/rclcpp/rclcpp.hpp:155[m[K,
[2.768s]                  from [01m[K/home/kmra/ros2/easy_bot/ros_ws/src/easy_bot/hardware/easy_bot.cpp:27[m[K:
[2.768s] [01m[K/home/kmra/ros2/easy_bot/ros_ws/src/easy_bot/hardware/easy_bot.cpp:110:15:[m[K [01;31m[Kerror: [m[K‘[01m[Kget_logger[m[K’ was not declared in this scope; did you mean ‘[01m[Krclcpp::get_logger[m[K’?
[2.768s]   110 |   RCLCPP_INFO([01;31m[Kget_logger[m[K(), "Successfully configured!");
[2.768s]       |               [01;31m[K^~~~~~~~~~[m[K
[2.768s] In file included from [01m[K/opt/ros/humble/include/rclcpp/rclcpp/logging.hpp:23[m[K,
[2.768s]                  from [01m[K/opt/ros/humble/include/rclcpp/rclcpp/client.hpp:40[m[K,
[2.769s]                  from [01m[K/opt/ros/humble/include/rclcpp/rclcpp/callback_group.hpp:24[m[K,
[2.769s]                  from [01m[K/opt/ros/humble/include/rclcpp/rclcpp/any_executable.hpp:20[m[K,
[2.769s]                  from [01m[K/opt/ros/humble/include/rclcpp/rclcpp/memory_strategy.hpp:25[m[K,
[2.769s]                  from [01m[K/opt/ros/humble/include/rclcpp/rclcpp/memory_strategies.hpp:18[m[K,
[2.769s]                  from [01m[K/opt/ros/humble/include/rclcpp/rclcpp/executor_options.hpp:20[m[K,
[2.769s]                  from [01m[K/opt/ros/humble/include/rclcpp/rclcpp/executor.hpp:37[m[K,
[2.769s]                  from [01m[K/opt/ros/humble/include/rclcpp/rclcpp/executors/multi_threaded_executor.hpp:25[m[K,
[2.769s]                  from [01m[K/opt/ros/humble/include/rclcpp/rclcpp/executors.hpp:21[m[K,
[2.769s]                  from [01m[K/opt/ros/humble/include/rclcpp/rclcpp/rclcpp.hpp:155[m[K,
[2.769s]                  from [01m[K/home/kmra/ros2/easy_bot/ros_ws/src/easy_bot/hardware/easy_bot.cpp:27[m[K:
[2.769s] [01m[K/opt/ros/humble/include/rclcpp/rclcpp/logger.hpp:106:17:[m[K [01;36m[Knote: [m[K‘[01m[Krclcpp::get_logger[m[K’ declared here
[2.769s]   106 |   friend Logger [01;36m[Krclcpp[m[K::get_logger(const std::string & name);
[2.769s]       |                 [01;36m[K^~~~~~[m[K
[2.769s] In file included from [01m[K/opt/ros/humble/include/rclcpp/rclcpp/client.hpp:40[m[K,
[2.769s]                  from [01m[K/opt/ros/humble/include/rclcpp/rclcpp/callback_group.hpp:24[m[K,
[2.769s]                  from [01m[K/opt/ros/humble/include/rclcpp/rclcpp/any_executable.hpp:20[m[K,
[2.769s]                  from [01m[K/opt/ros/humble/include/rclcpp/rclcpp/memory_strategy.hpp:25[m[K,
[2.769s]                  from [01m[K/opt/ros/humble/include/rclcpp/rclcpp/memory_strategies.hpp:18[m[K,
[2.769s]                  from [01m[K/opt/ros/humble/include/rclcpp/rclcpp/executor_options.hpp:20[m[K,
[2.769s]                  from [01m[K/opt/ros/humble/include/rclcpp/rclcpp/executor.hpp:37[m[K,
[2.769s]                  from [01m[K/opt/ros/humble/include/rclcpp/rclcpp/executors/multi_threaded_executor.hpp:25[m[K,
[2.770s]                  from [01m[K/opt/ros/humble/include/rclcpp/rclcpp/executors.hpp:21[m[K,
[2.770s]                  from [01m[K/opt/ros/humble/include/rclcpp/rclcpp/rclcpp.hpp:155[m[K,
[2.770s]                  from [01m[K/home/kmra/ros2/easy_bot/ros_ws/src/easy_bot/hardware/easy_bot.cpp:27[m[K:
[2.770s] [01m[K/home/kmra/ros2/easy_bot/ros_ws/src/easy_bot/hardware/easy_bot.cpp:110:3:[m[K [01;31m[Kerror: [m[Ktemplate argument 1 is invalid
[2.770s]   110 |   [01;31m[KRCLCPP_INFO[m[K(get_logger(), "Successfully configured!");
[2.770s]       |   [01;31m[K^~~~~~~~~~~[m[K
[2.770s] [01m[K/home/kmra/ros2/easy_bot/ros_ws/src/easy_bot/hardware/easy_bot.cpp:[m[K In member function ‘[01m[Kvirtual hardware_interface::CallbackReturn easy_bot::EasyBotHardware::on_activate(const rclcpp_lifecycle::State&)[m[K’:
[2.770s] [01m[K/home/kmra/ros2/easy_bot/ros_ws/src/easy_bot/hardware/easy_bot.cpp:119:15:[m[K [01;31m[Kerror: [m[K‘[01m[Kget_logger[m[K’ was not declared in this scope; did you mean ‘[01m[Krclcpp::get_logger[m[K’?
[2.770s]   119 |   RCLCPP_INFO([01;31m[Kget_logger[m[K(), "Activating ...please wait...");
[2.770s]       |               [01;31m[K^~~~~~~~~~[m[K
[2.770s] In file included from [01m[K/opt/ros/humble/include/rclcpp/rclcpp/logging.hpp:23[m[K,
[2.770s]                  from [01m[K/opt/ros/humble/include/rclcpp/rclcpp/client.hpp:40[m[K,
[2.770s]                  from [01m[K/opt/ros/humble/include/rclcpp/rclcpp/callback_group.hpp:24[m[K,
[2.770s]                  from [01m[K/opt/ros/humble/include/rclcpp/rclcpp/any_executable.hpp:20[m[K,
[2.770s]                  from [01m[K/opt/ros/humble/include/rclcpp/rclcpp/memory_strategy.hpp:25[m[K,
[2.770s]                  from [01m[K/opt/ros/humble/include/rclcpp/rclcpp/memory_strategies.hpp:18[m[K,
[2.770s]                  from [01m[K/opt/ros/humble/include/rclcpp/rclcpp/executor_options.hpp:20[m[K,
[2.770s]                  from [01m[K/opt/ros/humble/include/rclcpp/rclcpp/executor.hpp:37[m[K,
[2.770s]                  from [01m[K/opt/ros/humble/include/rclcpp/rclcpp/executors/multi_threaded_executor.hpp:25[m[K,
[2.770s]                  from [01m[K/opt/ros/humble/include/rclcpp/rclcpp/executors.hpp:21[m[K,
[2.770s]                  from [01m[K/opt/ros/humble/include/rclcpp/rclcpp/rclcpp.hpp:155[m[K,
[2.770s]                  from [01m[K/home/kmra/ros2/easy_bot/ros_ws/src/easy_bot/hardware/easy_bot.cpp:27[m[K:
[2.770s] [01m[K/opt/ros/humble/include/rclcpp/rclcpp/logger.hpp:106:17:[m[K [01;36m[Knote: [m[K‘[01m[Krclcpp::get_logger[m[K’ declared here
[2.770s]   106 |   friend Logger [01;36m[Krclcpp[m[K::get_logger(const std::string & name);
[2.770s]       |                 [01;36m[K^~~~~~[m[K
[2.770s] In file included from [01m[K/opt/ros/humble/include/rclcpp/rclcpp/client.hpp:40[m[K,
[2.770s]                  from [01m[K/opt/ros/humble/include/rclcpp/rclcpp/callback_group.hpp:24[m[K,
[2.770s]                  from [01m[K/opt/ros/humble/include/rclcpp/rclcpp/any_executable.hpp:20[m[K,
[2.770s]                  from [01m[K/opt/ros/humble/include/rclcpp/rclcpp/memory_strategy.hpp:25[m[K,
[2.771s]                  from [01m[K/opt/ros/humble/include/rclcpp/rclcpp/memory_strategies.hpp:18[m[K,
[2.771s]                  from [01m[K/opt/ros/humble/include/rclcpp/rclcpp/executor_options.hpp:20[m[K,
[2.771s]                  from [01m[K/opt/ros/humble/include/rclcpp/rclcpp/executor.hpp:37[m[K,
[2.771s]                  from [01m[K/opt/ros/humble/include/rclcpp/rclcpp/executors/multi_threaded_executor.hpp:25[m[K,
[2.771s]                  from [01m[K/opt/ros/humble/include/rclcpp/rclcpp/executors.hpp:21[m[K,
[2.771s]                  from [01m[K/opt/ros/humble/include/rclcpp/rclcpp/rclcpp.hpp:155[m[K,
[2.771s]                  from [01m[K/home/kmra/ros2/easy_bot/ros_ws/src/easy_bot/hardware/easy_bot.cpp:27[m[K:
[2.771s] [01m[K/home/kmra/ros2/easy_bot/ros_ws/src/easy_bot/hardware/easy_bot.cpp:119:3:[m[K [01;31m[Kerror: [m[Ktemplate argument 1 is invalid
[2.771s]   119 |   [01;31m[KRCLCPP_INFO[m[K(get_logger(), "Activating ...please wait...");
[2.771s]       |   [01;31m[K^~~~~~~~~~~[m[K
[2.771s] [01m[K/home/kmra/ros2/easy_bot/ros_ws/src/easy_bot/hardware/easy_bot.cpp:124:17:[m[K [01;31m[Kerror: [m[K‘[01m[Kget_logger[m[K’ was not declared in this scope; did you mean ‘[01m[Krclcpp::get_logger[m[K’?
[2.771s]   124 |     RCLCPP_INFO([01;31m[Kget_logger[m[K(), "%.1f seconds left...", hw_start_sec_ - i);
[2.771s]       |                 [01;31m[K^~~~~~~~~~[m[K
[2.771s] In file included from [01m[K/opt/ros/humble/include/rclcpp/rclcpp/logging.hpp:23[m[K,
[2.771s]                  from [01m[K/opt/ros/humble/include/rclcpp/rclcpp/client.hpp:40[m[K,
[2.771s]                  from [01m[K/opt/ros/humble/include/rclcpp/rclcpp/callback_group.hpp:24[m[K,
[2.771s]                  from [01m[K/opt/ros/humble/include/rclcpp/rclcpp/any_executable.hpp:20[m[K,
[2.771s]                  from [01m[K/opt/ros/humble/include/rclcpp/rclcpp/memory_strategy.hpp:25[m[K,
[2.771s]                  from [01m[K/opt/ros/humble/include/rclcpp/rclcpp/memory_strategies.hpp:18[m[K,
[2.771s]                  from [01m[K/opt/ros/humble/include/rclcpp/rclcpp/executor_options.hpp:20[m[K,
[2.771s]                  from [01m[K/opt/ros/humble/include/rclcpp/rclcpp/executor.hpp:37[m[K,
[2.771s]                  from [01m[K/opt/ros/humble/include/rclcpp/rclcpp/executors/multi_threaded_executor.hpp:25[m[K,
[2.771s]                  from [01m[K/opt/ros/humble/include/rclcpp/rclcpp/executors.hpp:21[m[K,
[2.771s]                  from [01m[K/opt/ros/humble/include/rclcpp/rclcpp/rclcpp.hpp:155[m[K,
[2.771s]                  from [01m[K/home/kmra/ros2/easy_bot/ros_ws/src/easy_bot/hardware/easy_bot.cpp:27[m[K:
[2.771s] [01m[K/opt/ros/humble/include/rclcpp/rclcpp/logger.hpp:106:17:[m[K [01;36m[Knote: [m[K‘[01m[Krclcpp::get_logger[m[K’ declared here
[2.771s]   106 |   friend Logger [01;36m[Krclcpp[m[K::get_logger(const std::string & name);
[2.771s]       |                 [01;36m[K^~~~~~[m[K
[2.771s] In file included from [01m[K/opt/ros/humble/include/rclcpp/rclcpp/client.hpp:40[m[K,
[2.771s]                  from [01m[K/opt/ros/humble/include/rclcpp/rclcpp/callback_group.hpp:24[m[K,
[2.771s]                  from [01m[K/opt/ros/humble/include/rclcpp/rclcpp/any_executable.hpp:20[m[K,
[2.771s]                  from [01m[K/opt/ros/humble/include/rclcpp/rclcpp/memory_strategy.hpp:25[m[K,
[2.772s]                  from [01m[K/opt/ros/humble/include/rclcpp/rclcpp/memory_strategies.hpp:18[m[K,
[2.772s]                  from [01m[K/opt/ros/humble/include/rclcpp/rclcpp/executor_options.hpp:20[m[K,
[2.772s]                  from [01m[K/opt/ros/humble/include/rclcpp/rclcpp/executor.hpp:37[m[K,
[2.772s]                  from [01m[K/opt/ros/humble/include/rclcpp/rclcpp/executors/multi_threaded_executor.hpp:25[m[K,
[2.772s]                  from [01m[K/opt/ros/humble/include/rclcpp/rclcpp/executors.hpp:21[m[K,
[2.772s]                  from [01m[K/opt/ros/humble/include/rclcpp/rclcpp/rclcpp.hpp:155[m[K,
[2.772s]                  from [01m[K/home/kmra/ros2/easy_bot/ros_ws/src/easy_bot/hardware/easy_bot.cpp:27[m[K:
[2.772s] [01m[K/home/kmra/ros2/easy_bot/ros_ws/src/easy_bot/hardware/easy_bot.cpp:124:5:[m[K [01;31m[Kerror: [m[Ktemplate argument 1 is invalid
[2.772s]   124 |     [01;31m[KRCLCPP_INFO[m[K(get_logger(), "%.1f seconds left...", hw_start_sec_ - i);
[2.772s]       |     [01;31m[K^~~~~~~~~~~[m[K
[2.778s] [01m[K/home/kmra/ros2/easy_bot/ros_ws/src/easy_bot/hardware/easy_bot.cpp:129:37:[m[K [01;31m[Kerror: [m[K‘[01m[Kjoint_state_interfaces_[m[K’ was not declared in this scope; did you mean ‘[01m[Kexport_state_interfaces[m[K’?
[2.778s]   129 |   for (const auto & [name, descr] : [01;31m[Kjoint_state_interfaces_[m[K)
[2.778s]       |                                     [01;31m[K^~~~~~~~~~~~~~~~~~~~~~~[m[K
[2.778s]       |                                     [32m[Kexport_state_interfaces[m[K
[2.779s] [01m[K/home/kmra/ros2/easy_bot/ros_ws/src/easy_bot/hardware/easy_bot.cpp:131:5:[m[K [01;31m[Kerror: [m[K‘[01m[Kset_command[m[K’ was not declared in this scope
[2.779s]   131 |     [01;31m[Kset_command[m[K(name, get_state(name));
[2.779s]       |     [01;31m[K^~~~~~~~~~~[m[K
[2.779s] In file included from [01m[K/opt/ros/humble/include/rclcpp/rclcpp/client.hpp:40[m[K,
[2.780s]                  from [01m[K/opt/ros/humble/include/rclcpp/rclcpp/callback_group.hpp:24[m[K,
[2.780s]                  from [01m[K/opt/ros/humble/include/rclcpp/rclcpp/any_executable.hpp:20[m[K,
[2.780s]                  from [01m[K/opt/ros/humble/include/rclcpp/rclcpp/memory_strategy.hpp:25[m[K,
[2.780s]                  from [01m[K/opt/ros/humble/include/rclcpp/rclcpp/memory_strategies.hpp:18[m[K,
[2.780s]                  from [01m[K/opt/ros/humble/include/rclcpp/rclcpp/executor_options.hpp:20[m[K,
[2.780s]                  from [01m[K/opt/ros/humble/include/rclcpp/rclcpp/executor.hpp:37[m[K,
[2.780s]                  from [01m[K/opt/ros/humble/include/rclcpp/rclcpp/executors/multi_threaded_executor.hpp:25[m[K,
[2.780s]                  from [01m[K/opt/ros/humble/include/rclcpp/rclcpp/executors.hpp:21[m[K,
[2.780s]                  from [01m[K/opt/ros/humble/include/rclcpp/rclcpp/rclcpp.hpp:155[m[K,
[2.780s]                  from [01m[K/home/kmra/ros2/easy_bot/ros_ws/src/easy_bot/hardware/easy_bot.cpp:27[m[K:
[2.780s] [01m[K/home/kmra/ros2/easy_bot/ros_ws/src/easy_bot/hardware/easy_bot.cpp:134:15:[m[K [01;31m[Kerror: [m[K‘[01m[Kget_logger[m[K’ was not declared in this scope; did you mean ‘[01m[Krclcpp::get_logger[m[K’?
[2.780s]   134 |   RCLCPP_INFO([01;31m[Kget_logger[m[K(), "Successfully activated!");
[2.780s]       |               [01;31m[K^~~~~~~~~~[m[K
[2.780s] In file included from [01m[K/opt/ros/humble/include/rclcpp/rclcpp/logging.hpp:23[m[K,
[2.780s]                  from [01m[K/opt/ros/humble/include/rclcpp/rclcpp/client.hpp:40[m[K,
[2.780s]                  from [01m[K/opt/ros/humble/include/rclcpp/rclcpp/callback_group.hpp:24[m[K,
[2.780s]                  from [01m[K/opt/ros/humble/include/rclcpp/rclcpp/any_executable.hpp:20[m[K,
[2.780s]                  from [01m[K/opt/ros/humble/include/rclcpp/rclcpp/memory_strategy.hpp:25[m[K,
[2.780s]                  from [01m[K/opt/ros/humble/include/rclcpp/rclcpp/memory_strategies.hpp:18[m[K,
[2.780s]                  from [01m[K/opt/ros/humble/include/rclcpp/rclcpp/executor_options.hpp:20[m[K,
[2.780s]                  from [01m[K/opt/ros/humble/include/rclcpp/rclcpp/executor.hpp:37[m[K,
[2.781s]                  from [01m[K/opt/ros/humble/include/rclcpp/rclcpp/executors/multi_threaded_executor.hpp:25[m[K,
[2.781s]                  from [01m[K/opt/ros/humble/include/rclcpp/rclcpp/executors.hpp:21[m[K,
[2.781s]                  from [01m[K/opt/ros/humble/include/rclcpp/rclcpp/rclcpp.hpp:155[m[K,
[2.781s]                  from [01m[K/home/kmra/ros2/easy_bot/ros_ws/src/easy_bot/hardware/easy_bot.cpp:27[m[K:
[2.781s] [01m[K/opt/ros/humble/include/rclcpp/rclcpp/logger.hpp:106:17:[m[K [01;36m[Knote: [m[K‘[01m[Krclcpp::get_logger[m[K’ declared here
[2.781s]   106 |   friend Logger [01;36m[Krclcpp[m[K::get_logger(const std::string & name);
[2.781s]       |                 [01;36m[K^~~~~~[m[K
[2.781s] In file included from [01m[K/opt/ros/humble/include/rclcpp/rclcpp/client.hpp:40[m[K,
[2.781s]                  from [01m[K/opt/ros/humble/include/rclcpp/rclcpp/callback_group.hpp:24[m[K,
[2.781s]                  from [01m[K/opt/ros/humble/include/rclcpp/rclcpp/any_executable.hpp:20[m[K,
[2.781s]                  from [01m[K/opt/ros/humble/include/rclcpp/rclcpp/memory_strategy.hpp:25[m[K,
[2.781s]                  from [01m[K/opt/ros/humble/include/rclcpp/rclcpp/memory_strategies.hpp:18[m[K,
[2.781s]                  from [01m[K/opt/ros/humble/include/rclcpp/rclcpp/executor_options.hpp:20[m[K,
[2.781s]                  from [01m[K/opt/ros/humble/include/rclcpp/rclcpp/executor.hpp:37[m[K,
[2.781s]                  from [01m[K/opt/ros/humble/include/rclcpp/rclcpp/executors/multi_threaded_executor.hpp:25[m[K,
[2.781s]                  from [01m[K/opt/ros/humble/include/rclcpp/rclcpp/executors.hpp:21[m[K,
[2.781s]                  from [01m[K/opt/ros/humble/include/rclcpp/rclcpp/rclcpp.hpp:155[m[K,
[2.781s]                  from [01m[K/home/kmra/ros2/easy_bot/ros_ws/src/easy_bot/hardware/easy_bot.cpp:27[m[K:
[2.781s] [01m[K/home/kmra/ros2/easy_bot/ros_ws/src/easy_bot/hardware/easy_bot.cpp:134:3:[m[K [01;31m[Kerror: [m[Ktemplate argument 1 is invalid
[2.781s]   134 |   [01;31m[KRCLCPP_INFO[m[K(get_logger(), "Successfully activated!");
[2.781s]       |   [01;31m[K^~~~~~~~~~~[m[K
[2.781s] [01m[K/home/kmra/ros2/easy_bot/ros_ws/src/easy_bot/hardware/easy_bot.cpp:[m[K In member function ‘[01m[Kvirtual hardware_interface::CallbackReturn easy_bot::EasyBotHardware::on_deactivate(const rclcpp_lifecycle::State&)[m[K’:
[2.781s] [01m[K/home/kmra/ros2/easy_bot/ros_ws/src/easy_bot/hardware/easy_bot.cpp:143:15:[m[K [01;31m[Kerror: [m[K‘[01m[Kget_logger[m[K’ was not declared in this scope; did you mean ‘[01m[Krclcpp::get_logger[m[K’?
[2.781s]   143 |   RCLCPP_INFO([01;31m[Kget_logger[m[K(), "Deactivating ...please wait...");
[2.781s]       |               [01;31m[K^~~~~~~~~~[m[K
[2.781s] In file included from [01m[K/opt/ros/humble/include/rclcpp/rclcpp/logging.hpp:23[m[K,
[2.781s]                  from [01m[K/opt/ros/humble/include/rclcpp/rclcpp/client.hpp:40[m[K,
[2.782s]                  from [01m[K/opt/ros/humble/include/rclcpp/rclcpp/callback_group.hpp:24[m[K,
[2.782s]                  from [01m[K/opt/ros/humble/include/rclcpp/rclcpp/any_executable.hpp:20[m[K,
[2.782s]                  from [01m[K/opt/ros/humble/include/rclcpp/rclcpp/memory_strategy.hpp:25[m[K,
[2.782s]                  from [01m[K/opt/ros/humble/include/rclcpp/rclcpp/memory_strategies.hpp:18[m[K,
[2.782s]                  from [01m[K/opt/ros/humble/include/rclcpp/rclcpp/executor_options.hpp:20[m[K,
[2.782s]                  from [01m[K/opt/ros/humble/include/rclcpp/rclcpp/executor.hpp:37[m[K,
[2.782s]                  from [01m[K/opt/ros/humble/include/rclcpp/rclcpp/executors/multi_threaded_executor.hpp:25[m[K,
[2.782s]                  from [01m[K/opt/ros/humble/include/rclcpp/rclcpp/executors.hpp:21[m[K,
[2.782s]                  from [01m[K/opt/ros/humble/include/rclcpp/rclcpp/rclcpp.hpp:155[m[K,
[2.782s]                  from [01m[K/home/kmra/ros2/easy_bot/ros_ws/src/easy_bot/hardware/easy_bot.cpp:27[m[K:
[2.782s] [01m[K/opt/ros/humble/include/rclcpp/rclcpp/logger.hpp:106:17:[m[K [01;36m[Knote: [m[K‘[01m[Krclcpp::get_logger[m[K’ declared here
[2.782s]   106 |   friend Logger [01;36m[Krclcpp[m[K::get_logger(const std::string & name);
[2.782s]       |                 [01;36m[K^~~~~~[m[K
[2.782s] In file included from [01m[K/opt/ros/humble/include/rclcpp/rclcpp/client.hpp:40[m[K,
[2.782s]                  from [01m[K/opt/ros/humble/include/rclcpp/rclcpp/callback_group.hpp:24[m[K,
[2.782s]                  from [01m[K/opt/ros/humble/include/rclcpp/rclcpp/any_executable.hpp:20[m[K,
[2.782s]                  from [01m[K/opt/ros/humble/include/rclcpp/rclcpp/memory_strategy.hpp:25[m[K,
[2.782s]                  from [01m[K/opt/ros/humble/include/rclcpp/rclcpp/memory_strategies.hpp:18[m[K,
[2.782s]                  from [01m[K/opt/ros/humble/include/rclcpp/rclcpp/executor_options.hpp:20[m[K,
[2.782s]                  from [01m[K/opt/ros/humble/include/rclcpp/rclcpp/executor.hpp:37[m[K,
[2.782s]                  from [01m[K/opt/ros/humble/include/rclcpp/rclcpp/executors/multi_threaded_executor.hpp:25[m[K,
[2.782s]                  from [01m[K/opt/ros/humble/include/rclcpp/rclcpp/executors.hpp:21[m[K,
[2.782s]                  from [01m[K/opt/ros/humble/include/rclcpp/rclcpp/rclcpp.hpp:155[m[K,
[2.782s]                  from [01m[K/home/kmra/ros2/easy_bot/ros_ws/src/easy_bot/hardware/easy_bot.cpp:27[m[K:
[2.782s] [01m[K/home/kmra/ros2/easy_bot/ros_ws/src/easy_bot/hardware/easy_bot.cpp:143:3:[m[K [01;31m[Kerror: [m[Ktemplate argument 1 is invalid
[2.782s]   143 |   [01;31m[KRCLCPP_INFO[m[K(get_logger(), "Deactivating ...please wait...");
[2.783s]       |   [01;31m[K^~~~~~~~~~~[m[K
[2.783s] [01m[K/home/kmra/ros2/easy_bot/ros_ws/src/easy_bot/hardware/easy_bot.cpp:148:17:[m[K [01;31m[Kerror: [m[K‘[01m[Kget_logger[m[K’ was not declared in this scope; did you mean ‘[01m[Krclcpp::get_logger[m[K’?
[2.783s]   148 |     RCLCPP_INFO([01;31m[Kget_logger[m[K(), "%.1f seconds left...", hw_stop_sec_ - i);
[2.783s]       |                 [01;31m[K^~~~~~~~~~[m[K
[2.783s] In file included from [01m[K/opt/ros/humble/include/rclcpp/rclcpp/logging.hpp:23[m[K,
[2.783s]                  from [01m[K/opt/ros/humble/include/rclcpp/rclcpp/client.hpp:40[m[K,
[2.783s]                  from [01m[K/opt/ros/humble/include/rclcpp/rclcpp/callback_group.hpp:24[m[K,
[2.783s]                  from [01m[K/opt/ros/humble/include/rclcpp/rclcpp/any_executable.hpp:20[m[K,
[2.783s]                  from [01m[K/opt/ros/humble/include/rclcpp/rclcpp/memory_strategy.hpp:25[m[K,
[2.783s]                  from [01m[K/opt/ros/humble/include/rclcpp/rclcpp/memory_strategies.hpp:18[m[K,
[2.783s]                  from [01m[K/opt/ros/humble/include/rclcpp/rclcpp/executor_options.hpp:20[m[K,
[2.783s]                  from [01m[K/opt/ros/humble/include/rclcpp/rclcpp/executor.hpp:37[m[K,
[2.783s]                  from [01m[K/opt/ros/humble/include/rclcpp/rclcpp/executors/multi_threaded_executor.hpp:25[m[K,
[2.783s]                  from [01m[K/opt/ros/humble/include/rclcpp/rclcpp/executors.hpp:21[m[K,
[2.783s]                  from [01m[K/opt/ros/humble/include/rclcpp/rclcpp/rclcpp.hpp:155[m[K,
[2.783s]                  from [01m[K/home/kmra/ros2/easy_bot/ros_ws/src/easy_bot/hardware/easy_bot.cpp:27[m[K:
[2.783s] [01m[K/opt/ros/humble/include/rclcpp/rclcpp/logger.hpp:106:17:[m[K [01;36m[Knote: [m[K‘[01m[Krclcpp::get_logger[m[K’ declared here
[2.783s]   106 |   friend Logger [01;36m[Krclcpp[m[K::get_logger(const std::string & name);
[2.783s]       |                 [01;36m[K^~~~~~[m[K
[2.783s] In file included from [01m[K/opt/ros/humble/include/rclcpp/rclcpp/client.hpp:40[m[K,
[2.783s]                  from [01m[K/opt/ros/humble/include/rclcpp/rclcpp/callback_group.hpp:24[m[K,
[2.783s]                  from [01m[K/opt/ros/humble/include/rclcpp/rclcpp/any_executable.hpp:20[m[K,
[2.783s]                  from [01m[K/opt/ros/humble/include/rclcpp/rclcpp/memory_strategy.hpp:25[m[K,
[2.783s]                  from [01m[K/opt/ros/humble/include/rclcpp/rclcpp/memory_strategies.hpp:18[m[K,
[2.783s]                  from [01m[K/opt/ros/humble/include/rclcpp/rclcpp/executor_options.hpp:20[m[K,
[2.783s]                  from [01m[K/opt/ros/humble/include/rclcpp/rclcpp/executor.hpp:37[m[K,
[2.783s]                  from [01m[K/opt/ros/humble/include/rclcpp/rclcpp/executors/multi_threaded_executor.hpp:25[m[K,
[2.783s]                  from [01m[K/opt/ros/humble/include/rclcpp/rclcpp/executors.hpp:21[m[K,
[2.783s]                  from [01m[K/opt/ros/humble/include/rclcpp/rclcpp/rclcpp.hpp:155[m[K,
[2.783s]                  from [01m[K/home/kmra/ros2/easy_bot/ros_ws/src/easy_bot/hardware/easy_bot.cpp:27[m[K:
[2.783s] [01m[K/home/kmra/ros2/easy_bot/ros_ws/src/easy_bot/hardware/easy_bot.cpp:148:5:[m[K [01;31m[Kerror: [m[Ktemplate argument 1 is invalid
[2.783s]   148 |     [01;31m[KRCLCPP_INFO[m[K(get_logger(), "%.1f seconds left...", hw_stop_sec_ - i);
[2.783s]       |     [01;31m[K^~~~~~~~~~~[m[K
[2.784s] [01m[K/home/kmra/ros2/easy_bot/ros_ws/src/easy_bot/hardware/easy_bot.cpp:151:15:[m[K [01;31m[Kerror: [m[K‘[01m[Kget_logger[m[K’ was not declared in this scope; did you mean ‘[01m[Krclcpp::get_logger[m[K’?
[2.784s]   151 |   RCLCPP_INFO([01;31m[Kget_logger[m[K(), "Successfully deactivated!");
[2.784s]       |               [01;31m[K^~~~~~~~~~[m[K
[2.784s] In file included from [01m[K/opt/ros/humble/include/rclcpp/rclcpp/logging.hpp:23[m[K,
[2.784s]                  from [01m[K/opt/ros/humble/include/rclcpp/rclcpp/client.hpp:40[m[K,
[2.784s]                  from [01m[K/opt/ros/humble/include/rclcpp/rclcpp/callback_group.hpp:24[m[K,
[2.784s]                  from [01m[K/opt/ros/humble/include/rclcpp/rclcpp/any_executable.hpp:20[m[K,
[2.784s]                  from [01m[K/opt/ros/humble/include/rclcpp/rclcpp/memory_strategy.hpp:25[m[K,
[2.784s]                  from [01m[K/opt/ros/humble/include/rclcpp/rclcpp/memory_strategies.hpp:18[m[K,
[2.784s]                  from [01m[K/opt/ros/humble/include/rclcpp/rclcpp/executor_options.hpp:20[m[K,
[2.784s]                  from [01m[K/opt/ros/humble/include/rclcpp/rclcpp/executor.hpp:37[m[K,
[2.784s]                  from [01m[K/opt/ros/humble/include/rclcpp/rclcpp/executors/multi_threaded_executor.hpp:25[m[K,
[2.784s]                  from [01m[K/opt/ros/humble/include/rclcpp/rclcpp/executors.hpp:21[m[K,
[2.784s]                  from [01m[K/opt/ros/humble/include/rclcpp/rclcpp/rclcpp.hpp:155[m[K,
[2.784s]                  from [01m[K/home/kmra/ros2/easy_bot/ros_ws/src/easy_bot/hardware/easy_bot.cpp:27[m[K:
[2.784s] [01m[K/opt/ros/humble/include/rclcpp/rclcpp/logger.hpp:106:17:[m[K [01;36m[Knote: [m[K‘[01m[Krclcpp::get_logger[m[K’ declared here
[2.784s]   106 |   friend Logger [01;36m[Krclcpp[m[K::get_logger(const std::string & name);
[2.784s]       |                 [01;36m[K^~~~~~[m[K
[2.784s] In file included from [01m[K/opt/ros/humble/include/rclcpp/rclcpp/client.hpp:40[m[K,
[2.784s]                  from [01m[K/opt/ros/humble/include/rclcpp/rclcpp/callback_group.hpp:24[m[K,
[2.784s]                  from [01m[K/opt/ros/humble/include/rclcpp/rclcpp/any_executable.hpp:20[m[K,
[2.784s]                  from [01m[K/opt/ros/humble/include/rclcpp/rclcpp/memory_strategy.hpp:25[m[K,
[2.784s]                  from [01m[K/opt/ros/humble/include/rclcpp/rclcpp/memory_strategies.hpp:18[m[K,
[2.784s]                  from [01m[K/opt/ros/humble/include/rclcpp/rclcpp/executor_options.hpp:20[m[K,
[2.784s]                  from [01m[K/opt/ros/humble/include/rclcpp/rclcpp/executor.hpp:37[m[K,
[2.784s]                  from [01m[K/opt/ros/humble/include/rclcpp/rclcpp/executors/multi_threaded_executor.hpp:25[m[K,
[2.784s]                  from [01m[K/opt/ros/humble/include/rclcpp/rclcpp/executors.hpp:21[m[K,
[2.784s]                  from [01m[K/opt/ros/humble/include/rclcpp/rclcpp/rclcpp.hpp:155[m[K,
[2.784s]                  from [01m[K/home/kmra/ros2/easy_bot/ros_ws/src/easy_bot/hardware/easy_bot.cpp:27[m[K:
[2.784s] [01m[K/home/kmra/ros2/easy_bot/ros_ws/src/easy_bot/hardware/easy_bot.cpp:151:3:[m[K [01;31m[Kerror: [m[Ktemplate argument 1 is invalid
[2.784s]   151 |   [01;31m[KRCLCPP_INFO[m[K(get_logger(), "Successfully deactivated!");
[2.784s]       |   [01;31m[K^~~~~~~~~~~[m[K
[2.787s] [01m[K/home/kmra/ros2/easy_bot/ros_ws/src/easy_bot/hardware/easy_bot.cpp:[m[K In member function ‘[01m[Kvirtual hardware_interface::return_type easy_bot::EasyBotHardware::read(const rclcpp::Time&, const rclcpp::Duration&)[m[K’:
[2.787s] [01m[K/home/kmra/ros2/easy_bot/ros_ws/src/easy_bot/hardware/easy_bot.cpp:164:37:[m[K [01;31m[Kerror: [m[K‘[01m[Kjoint_state_interfaces_[m[K’ was not declared in this scope; did you mean ‘[01m[Kexport_state_interfaces[m[K’?
[2.787s]   164 |   for (const auto & [name, descr] : [01;31m[Kjoint_state_interfaces_[m[K)
[2.787s]       |                                     [01;31m[K^~~~~~~~~~~~~~~~~~~~~~~[m[K
[2.787s]       |                                     [32m[Kexport_state_interfaces[m[K
[2.790s] [01m[K/home/kmra/ros2/easy_bot/ros_ws/src/easy_bot/hardware/easy_bot.cpp:167:41:[m[K [01;31m[Kerror: [m[K‘[01m[Kget_command[m[K’ was not declared in this scope
[2.790s]   167 |     auto new_value = get_state(name) + ([01;31m[Kget_command[m[K(name) - get_state(name)) / hw_slowdown_;
[2.790s]       |                                         [01;31m[K^~~~~~~~~~~[m[K
[2.791s] In file included from [01m[K/opt/ros/humble/include/rclcpp/rclcpp/client.hpp:40[m[K,
[2.791s]                  from [01m[K/opt/ros/humble/include/rclcpp/rclcpp/callback_group.hpp:24[m[K,
[2.791s]                  from [01m[K/opt/ros/humble/include/rclcpp/rclcpp/any_executable.hpp:20[m[K,
[2.791s]                  from [01m[K/opt/ros/humble/include/rclcpp/rclcpp/memory_strategy.hpp:25[m[K,
[2.791s]                  from [01m[K/opt/ros/humble/include/rclcpp/rclcpp/memory_strategies.hpp:18[m[K,
[2.791s]                  from [01m[K/opt/ros/humble/include/rclcpp/rclcpp/executor_options.hpp:20[m[K,
[2.791s]                  from [01m[K/opt/ros/humble/include/rclcpp/rclcpp/executor.hpp:37[m[K,
[2.791s]                  from [01m[K/opt/ros/humble/include/rclcpp/rclcpp/executors/multi_threaded_executor.hpp:25[m[K,
[2.791s]                  from [01m[K/opt/ros/humble/include/rclcpp/rclcpp/executors.hpp:21[m[K,
[2.791s]                  from [01m[K/opt/ros/humble/include/rclcpp/rclcpp/rclcpp.hpp:155[m[K,
[2.791s]                  from [01m[K/home/kmra/ros2/easy_bot/ros_ws/src/easy_bot/hardware/easy_bot.cpp:27[m[K:
[2.791s] [01m[K/home/kmra/ros2/easy_bot/ros_ws/src/easy_bot/hardware/easy_bot.cpp:172:24:[m[K [01;31m[Kerror: [m[K‘[01m[Kget_logger[m[K’ was not declared in this scope; did you mean ‘[01m[Krclcpp::get_logger[m[K’?
[2.791s]   172 |   RCLCPP_INFO_THROTTLE([01;31m[Kget_logger[m[K(), *get_clock(), 500, "%s", ss.str().c_str());
[2.791s]       |                        [01;31m[K^~~~~~~~~~[m[K
[2.792s] In file included from [01m[K/opt/ros/humble/include/rclcpp/rclcpp/logging.hpp:23[m[K,
[2.792s]                  from [01m[K/opt/ros/humble/include/rclcpp/rclcpp/client.hpp:40[m[K,
[2.792s]                  from [01m[K/opt/ros/humble/include/rclcpp/rclcpp/callback_group.hpp:24[m[K,
[2.792s]                  from [01m[K/opt/ros/humble/include/rclcpp/rclcpp/any_executable.hpp:20[m[K,
[2.792s]                  from [01m[K/opt/ros/humble/include/rclcpp/rclcpp/memory_strategy.hpp:25[m[K,
[2.792s]                  from [01m[K/opt/ros/humble/include/rclcpp/rclcpp/memory_strategies.hpp:18[m[K,
[2.792s]                  from [01m[K/opt/ros/humble/include/rclcpp/rclcpp/executor_options.hpp:20[m[K,
[2.792s]                  from [01m[K/opt/ros/humble/include/rclcpp/rclcpp/executor.hpp:37[m[K,
[2.792s]                  from [01m[K/opt/ros/humble/include/rclcpp/rclcpp/executors/multi_threaded_executor.hpp:25[m[K,
[2.792s]                  from [01m[K/opt/ros/humble/include/rclcpp/rclcpp/executors.hpp:21[m[K,
[2.792s]                  from [01m[K/opt/ros/humble/include/rclcpp/rclcpp/rclcpp.hpp:155[m[K,
[2.792s]                  from [01m[K/home/kmra/ros2/easy_bot/ros_ws/src/easy_bot/hardware/easy_bot.cpp:27[m[K:
[2.792s] [01m[K/opt/ros/humble/include/rclcpp/rclcpp/logger.hpp:106:17:[m[K [01;36m[Knote: [m[K‘[01m[Krclcpp::get_logger[m[K’ declared here
[2.792s]   106 |   friend Logger [01;36m[Krclcpp[m[K::get_logger(const std::string & name);
[2.792s]       |                 [01;36m[K^~~~~~[m[K
[2.792s] In file included from [01m[K/opt/ros/humble/include/rclcpp/rclcpp/client.hpp:40[m[K,
[2.792s]                  from [01m[K/opt/ros/humble/include/rclcpp/rclcpp/callback_group.hpp:24[m[K,
[2.792s]                  from [01m[K/opt/ros/humble/include/rclcpp/rclcpp/any_executable.hpp:20[m[K,
[2.792s]                  from [01m[K/opt/ros/humble/include/rclcpp/rclcpp/memory_strategy.hpp:25[m[K,
[2.792s]                  from [01m[K/opt/ros/humble/include/rclcpp/rclcpp/memory_strategies.hpp:18[m[K,
[2.792s]                  from [01m[K/opt/ros/humble/include/rclcpp/rclcpp/executor_options.hpp:20[m[K,
[2.792s]                  from [01m[K/opt/ros/humble/include/rclcpp/rclcpp/executor.hpp:37[m[K,
[2.792s]                  from [01m[K/opt/ros/humble/include/rclcpp/rclcpp/executors/multi_threaded_executor.hpp:25[m[K,
[2.792s]                  from [01m[K/opt/ros/humble/include/rclcpp/rclcpp/executors.hpp:21[m[K,
[2.792s]                  from [01m[K/opt/ros/humble/include/rclcpp/rclcpp/rclcpp.hpp:155[m[K,
[2.792s]                  from [01m[K/home/kmra/ros2/easy_bot/ros_ws/src/easy_bot/hardware/easy_bot.cpp:27[m[K:
[2.792s] [01m[K/home/kmra/ros2/easy_bot/ros_ws/src/easy_bot/hardware/easy_bot.cpp:172:3:[m[K [01;31m[Kerror: [m[Ktemplate argument 1 is invalid
[2.792s]   172 |   [01;31m[KRCLCPP_INFO_THROTTLE[m[K(get_logger(), *get_clock(), 500, "%s", ss.str().c_str());
[2.792s]       |   [01;31m[K^~~~~~~~~~~~~~~~~~~~[m[K
[2.794s] [01m[K/home/kmra/ros2/easy_bot/ros_ws/src/easy_bot/hardware/easy_bot.cpp:172:39:[m[K [01;31m[Kerror: [m[K‘[01m[Kget_clock[m[K’ was not declared in this scope
[2.795s]   172 |   RCLCPP_INFO_THROTTLE(get_logger(), *[01;31m[Kget_clock[m[K(), 500, "%s", ss.str().c_str());
[2.795s]       |                                       [01;31m[K^~~~~~~~~[m[K
[2.797s] [01m[K/home/kmra/ros2/easy_bot/ros_ws/src/easy_bot/hardware/easy_bot.cpp:[m[K In lambda function:
[2.797s] [01m[K/home/kmra/ros2/easy_bot/ros_ws/src/easy_bot/hardware/easy_bot.cpp:172:3:[m[K [01;31m[Kerror: [m[K‘[01m[Kc[m[K’ was not declared in this scope
[2.797s]   172 |   [01;31m[KRCLCPP_INFO_THROTTLE[m[K(get_logger(), *get_clock(), 500, "%s", ss.str().c_str());
[2.797s]       |   [01;31m[K^~~~~~~~~~~~~~~~~~~~[m[K
[2.802s] [01m[K/home/kmra/ros2/easy_bot/ros_ws/src/easy_bot/hardware/easy_bot.cpp:[m[K In member function ‘[01m[Kvirtual hardware_interface::return_type easy_bot::EasyBotHardware::write(const rclcpp::Time&, const rclcpp::Duration&)[m[K’:
[2.803s] [01m[K/home/kmra/ros2/easy_bot/ros_ws/src/easy_bot/hardware/easy_bot.cpp:185:37:[m[K [01;31m[Kerror: [m[K‘[01m[Kjoint_command_interfaces_[m[K’ was not declared in this scope; did you mean ‘[01m[Kexport_command_interfaces[m[K’?
[2.803s]   185 |   for (const auto & [name, descr] : [01;31m[Kjoint_command_interfaces_[m[K)
[2.803s]       |                                     [01;31m[K^~~~~~~~~~~~~~~~~~~~~~~~~[m[K
[2.803s]       |                                     [32m[Kexport_command_interfaces[m[K
[2.806s] [01m[K/home/kmra/ros2/easy_bot/ros_ws/src/easy_bot/hardware/easy_bot.cpp:189:19:[m[K [01;31m[Kerror: [m[K‘[01m[Kget_command[m[K’ was not declared in this scope
[2.807s]   189 |        << "\t" << [01;31m[Kget_command[m[K(name) << " for joint '" << name << "'";
[2.807s]       |                   [01;31m[K^~~~~~~~~~~[m[K
[2.807s] In file included from [01m[K/opt/ros/humble/include/rclcpp/rclcpp/client.hpp:40[m[K,
[2.807s]                  from [01m[K/opt/ros/humble/include/rclcpp/rclcpp/callback_group.hpp:24[m[K,
[2.807s]                  from [01m[K/opt/ros/humble/include/rclcpp/rclcpp/any_executable.hpp:20[m[K,
[2.807s]                  from [01m[K/opt/ros/humble/include/rclcpp/rclcpp/memory_strategy.hpp:25[m[K,
[2.807s]                  from [01m[K/opt/ros/humble/include/rclcpp/rclcpp/memory_strategies.hpp:18[m[K,
[2.807s]                  from [01m[K/opt/ros/humble/include/rclcpp/rclcpp/executor_options.hpp:20[m[K,
[2.807s]                  from [01m[K/opt/ros/humble/include/rclcpp/rclcpp/executor.hpp:37[m[K,
[2.807s]                  from [01m[K/opt/ros/humble/include/rclcpp/rclcpp/executors/multi_threaded_executor.hpp:25[m[K,
[2.807s]                  from [01m[K/opt/ros/humble/include/rclcpp/rclcpp/executors.hpp:21[m[K,
[2.807s]                  from [01m[K/opt/ros/humble/include/rclcpp/rclcpp/rclcpp.hpp:155[m[K,
[2.807s]                  from [01m[K/home/kmra/ros2/easy_bot/ros_ws/src/easy_bot/hardware/easy_bot.cpp:27[m[K:
[2.807s] [01m[K/home/kmra/ros2/easy_bot/ros_ws/src/easy_bot/hardware/easy_bot.cpp:191:24:[m[K [01;31m[Kerror: [m[K‘[01m[Kget_logger[m[K’ was not declared in this scope; did you mean ‘[01m[Krclcpp::get_logger[m[K’?
[2.807s]   191 |   RCLCPP_INFO_THROTTLE([01;31m[Kget_logger[m[K(), *get_clock(), 500, "%s", ss.str().c_str());
[2.808s]       |                        [01;31m[K^~~~~~~~~~[m[K
[2.808s] In file included from [01m[K/opt/ros/humble/include/rclcpp/rclcpp/logging.hpp:23[m[K,
[2.808s]                  from [01m[K/opt/ros/humble/include/rclcpp/rclcpp/client.hpp:40[m[K,
[2.808s]                  from [01m[K/opt/ros/humble/include/rclcpp/rclcpp/callback_group.hpp:24[m[K,
[2.808s]                  from [01m[K/opt/ros/humble/include/rclcpp/rclcpp/any_executable.hpp:20[m[K,
[2.808s]                  from [01m[K/opt/ros/humble/include/rclcpp/rclcpp/memory_strategy.hpp:25[m[K,
[2.808s]                  from [01m[K/opt/ros/humble/include/rclcpp/rclcpp/memory_strategies.hpp:18[m[K,
[2.808s]                  from [01m[K/opt/ros/humble/include/rclcpp/rclcpp/executor_options.hpp:20[m[K,
[2.808s]                  from [01m[K/opt/ros/humble/include/rclcpp/rclcpp/executor.hpp:37[m[K,
[2.808s]                  from [01m[K/opt/ros/humble/include/rclcpp/rclcpp/executors/multi_threaded_executor.hpp:25[m[K,
[2.808s]                  from [01m[K/opt/ros/humble/include/rclcpp/rclcpp/executors.hpp:21[m[K,
[2.808s]                  from [01m[K/opt/ros/humble/include/rclcpp/rclcpp/rclcpp.hpp:155[m[K,
[2.808s]                  from [01m[K/home/kmra/ros2/easy_bot/ros_ws/src/easy_bot/hardware/easy_bot.cpp:27[m[K:
[2.808s] [01m[K/opt/ros/humble/include/rclcpp/rclcpp/logger.hpp:106:17:[m[K [01;36m[Knote: [m[K‘[01m[Krclcpp::get_logger[m[K’ declared here
[2.808s]   106 |   friend Logger [01;36m[Krclcpp[m[K::get_logger(const std::string & name);
[2.808s]       |                 [01;36m[K^~~~~~[m[K
[2.808s] In file included from [01m[K/opt/ros/humble/include/rclcpp/rclcpp/client.hpp:40[m[K,
[2.808s]                  from [01m[K/opt/ros/humble/include/rclcpp/rclcpp/callback_group.hpp:24[m[K,
[2.808s]                  from [01m[K/opt/ros/humble/include/rclcpp/rclcpp/any_executable.hpp:20[m[K,
[2.808s]                  from [01m[K/opt/ros/humble/include/rclcpp/rclcpp/memory_strategy.hpp:25[m[K,
[2.808s]                  from [01m[K/opt/ros/humble/include/rclcpp/rclcpp/memory_strategies.hpp:18[m[K,
[2.808s]                  from [01m[K/opt/ros/humble/include/rclcpp/rclcpp/executor_options.hpp:20[m[K,
[2.808s]                  from [01m[K/opt/ros/humble/include/rclcpp/rclcpp/executor.hpp:37[m[K,
[2.808s]                  from [01m[K/opt/ros/humble/include/rclcpp/rclcpp/executors/multi_threaded_executor.hpp:25[m[K,
[2.808s]                  from [01m[K/opt/ros/humble/include/rclcpp/rclcpp/executors.hpp:21[m[K,
[2.808s]                  from [01m[K/opt/ros/humble/include/rclcpp/rclcpp/rclcpp.hpp:155[m[K,
[2.808s]                  from [01m[K/home/kmra/ros2/easy_bot/ros_ws/src/easy_bot/hardware/easy_bot.cpp:27[m[K:
[2.808s] [01m[K/home/kmra/ros2/easy_bot/ros_ws/src/easy_bot/hardware/easy_bot.cpp:191:3:[m[K [01;31m[Kerror: [m[Ktemplate argument 1 is invalid
[2.808s]   191 |   [01;31m[KRCLCPP_INFO_THROTTLE[m[K(get_logger(), *get_clock(), 500, "%s", ss.str().c_str());
[2.808s]       |   [01;31m[K^~~~~~~~~~~~~~~~~~~~[m[K
[2.810s] [01m[K/home/kmra/ros2/easy_bot/ros_ws/src/easy_bot/hardware/easy_bot.cpp:191:39:[m[K [01;31m[Kerror: [m[K‘[01m[Kget_clock[m[K’ was not declared in this scope
[2.810s]   191 |   RCLCPP_INFO_THROTTLE(get_logger(), *[01;31m[Kget_clock[m[K(), 500, "%s", ss.str().c_str());
[2.810s]       |                                       [01;31m[K^~~~~~~~~[m[K
[2.812s] [01m[K/home/kmra/ros2/easy_bot/ros_ws/src/easy_bot/hardware/easy_bot.cpp:[m[K In lambda function:
[2.812s] [01m[K/home/kmra/ros2/easy_bot/ros_ws/src/easy_bot/hardware/easy_bot.cpp:191:3:[m[K [01;31m[Kerror: [m[K‘[01m[Kc[m[K’ was not declared in this scope
[2.813s]   191 |   [01;31m[KRCLCPP_INFO_THROTTLE[m[K(get_logger(), *get_clock(), 500, "%s", ss.str().c_str());
[2.813s]       |   [01;31m[K^~~~~~~~~~~~~~~~~~~~[m[K
[3.126s] In file included from [01m[K/opt/ros/humble/include/class_loader/class_loader/class_loader_core.hpp:57[m[K,
[3.126s]                  from [01m[K/opt/ros/humble/include/class_loader/class_loader/class_loader.hpp:55[m[K,
[3.126s]                  from [01m[K/opt/ros/humble/include/pluginlib/pluginlib/class_list_macros.hpp:40[m[K,
[3.126s]                  from [01m[K/home/kmra/ros2/easy_bot/ros_ws/src/easy_bot/hardware/easy_bot.cpp:199[m[K:
[3.126s] /opt/ros/humble/include/class_loader/class_loader/meta_object.hpp: In instantiation of ‘[01m[KB* class_loader::impl::MetaObject<C, B>::create() const [with C = easy_bot::EasyBotHardware; B = hardware_interface::SystemInterface][m[K’:
[3.126s] [01m[K/opt/ros/humble/include/class_loader/class_loader/meta_object.hpp:216:7:[m[K   required from here
[3.126s] [01m[K/opt/ros/humble/include/class_loader/class_loader/meta_object.hpp:218:12:[m[K [01;31m[Kerror: [m[Kinvalid new-expression of abstract class type ‘[01m[Keasy_bot::EasyBotHardware[m[K’
[3.126s]   218 |     return [01;31m[Knew C[m[K;
[3.126s]       |            [01;31m[K^~~~~[m[K
[3.126s] In file included from [01m[K/home/kmra/ros2/easy_bot/ros_ws/src/easy_bot/hardware/easy_bot.cpp:15[m[K:
[3.126s] [01m[K/home/kmra/ros2/easy_bot/ros_ws/src/easy_bot/hardware/include/easy_bot.hpp:32:7:[m[K [01;36m[Knote: [m[K  because the following virtual functions are pure within ‘[01m[Keasy_bot::EasyBotHardware[m[K’:
[3.126s]    32 | class [01;36m[KEasyBotHardware[m[K : public hardware_interface::SystemInterface
[3.126s]       |       [01;36m[K^~~~~~~~~~~~~~~[m[K
[3.126s] In file included from [01m[K/home/kmra/ros2/easy_bot/ros_ws/src/easy_bot/hardware/include/easy_bot.hpp:24[m[K,
[3.126s]                  from [01m[K/home/kmra/ros2/easy_bot/ros_ws/src/easy_bot/hardware/easy_bot.cpp:15[m[K:
[3.126s] [01m[K/opt/ros/humble/include/hardware_interface/hardware_interface/system_interface.hpp:126:39:[m[K [01;36m[Knote: [m[K    ‘[01m[Kvirtual std::vector<hardware_interface::StateInterface> hardware_interface::SystemInterface::export_state_interfaces()[m[K’
[3.126s]   126 |   virtual std::vector<StateInterface> [01;36m[Kexport_state_interfaces[m[K() = 0;
[3.126s]       |                                       [01;36m[K^~~~~~~~~~~~~~~~~~~~~~~[m[K
[3.126s] [01m[K/opt/ros/humble/include/hardware_interface/hardware_interface/system_interface.hpp:137:41:[m[K [01;36m[Knote: [m[K    ‘[01m[Kvirtual std::vector<hardware_interface::CommandInterface> hardware_interface::SystemInterface::export_command_interfaces()[m[K’
[3.126s]   137 |   virtual std::vector<CommandInterface> [01;36m[Kexport_command_interfaces[m[K() = 0;
[3.126s]       |                                         [01;36m[K^~~~~~~~~~~~~~~~~~~~~~~~~[m[K
[3.198s] gmake[2]: *** [CMakeFiles/easy_bot_hardware.dir/build.make:76：CMakeFiles/easy_bot_hardware.dir/hardware/easy_bot.cpp.o] 错误 1
[3.198s] gmake[1]: *** [CMakeFiles/Makefile2:137：CMakeFiles/easy_bot_hardware.dir/all] 错误 2
[3.198s] gmake: *** [Makefile:146：all] 错误 2
[3.201s] Invoked command in '/home/kmra/ros2/easy_bot/ros_ws/build/easy_bot' returned '2': CMAKE_PREFIX_PATH=${CMAKE_PREFIX_PATH}:/opt/ros/humble /usr/bin/cmake --build /home/kmra/ros2/easy_bot/ros_ws/build/easy_bot -- -j4 -l4
